MSBuild version 17.14.23+b0019275e for .NET Framework
Build started 9/16/2025 9:58:09 AM.
09:58:09.505     0>
09:58:09.592     1>Project "C:\Users\zaidw\devlab\vms_works\nx_open-build\ALL_BUILD.vcxproj" on node 1 (default targets).
09:58:09.592     1>Project "C:\Users\zaidw\devlab\vms_works\nx_open-build\ALL_BUILD.vcxproj" (1) is building "C:\Users\zaidw\devlab\vms_works\nx_open-build\ZERO_CHECK.vcxproj" (2) on node 1 (default targets).
09:58:09.683     2>PrepareForBuild:
                     Structured output is enabled. The formatting of compiler diagnostics will reflect the error hierarchy. See https://aka.ms/cpp/structured-output for more details.
                   InitializeBuildStatus:
                     Creating "x64\Release\ZERO_CHECK\ZERO_CHECK.tlog\unsuccessfulbuild" because "AlwaysCreate" was specified.
                     Touching "x64\Release\ZERO_CHECK\ZERO_CHECK.tlog\unsuccessfulbuild".
                   PreBuildEvent:
                     Checking File Globs
                     setlocal
                     C:\Users\zaidw\devlab\vms_works\nx_open\.venv\Lib\site-packages\cmake\data\bin\cmake.exe -P C:/Users/zaidw/devlab/vms_works/nx_open-build/CMakeFiles/VerifyGlobs.cmake
                     if %errorlevel% neq 0 goto :cmEnd
                     :cmEnd
                     endlocal & call :cmErrorLevel %errorlevel% & goto :cmDone
                     :cmErrorLevel
                     exit /b %1
                     :cmDone
                     if %errorlevel% neq 0 goto :VCEnd
                     :VCEnd
                   CustomBuild:
                     All outputs are up-to-date.
                   FinalizeBuildStatus:
                     Deleting file "x64\Release\ZERO_CHECK\ZERO_CHECK.tlog\unsuccessfulbuild".
                     Touching "x64\Release\ZERO_CHECK\ZERO_CHECK.tlog\ZERO_CHECK.lastbuildstate".
09:58:10.024     2>Done Building Project "C:\Users\zaidw\devlab\vms_works\nx_open-build\ZERO_CHECK.vcxproj" (default targets).
09:58:09.592     1>Project "C:\Users\zaidw\devlab\vms_works\nx_open-build\ALL_BUILD.vcxproj" (1) is building "C:\Users\zaidw\devlab\vms_works\nx_open-build\vms\client\nx_vms_client_core\nx_vms_client_core_translations.vcxproj" (6) on node 2 (default targets).
09:58:10.031     6>PrepareForBuild:
                     Structured output is enabled. The formatting of compiler diagnostics will reflect the error hierarchy. See https://aka.ms/cpp/structured-output for more details.
09:58:09.592     1>Project "C:\Users\zaidw\devlab\vms_works\nx_open-build\ALL_BUILD.vcxproj" (1) is building "C:\Users\zaidw\devlab\vms_works\nx_open-build\vms\client\nx_vms_client_desktop\nx_vms_client_desktop_external_resources.vcxproj" (7) on node 4 (default targets).
09:58:10.031     7>PrepareForBuild:
                     Structured output is enabled. The formatting of compiler diagnostics will reflect the error hierarchy. See https://aka.ms/cpp/structured-output for more details.
                   InitializeBuildStatus:
                     Creating "x64\Release\nx_vms_client_desktop_external_resources\nx_vms_c.B6330A69.tlog\unsuccessfulbuild" because "AlwaysCreate" was specified.
09:58:10.038     6>InitializeBuildStatus:
                     Creating "x64\Release\nx_vms_client_core_translations\nx_vms_c.73E7A389.tlog\unsuccessfulbuild" because "AlwaysCreate" was specified.
09:58:10.038     7>InitializeBuildStatus:
                     Touching "x64\Release\nx_vms_client_desktop_external_resources\nx_vms_c.B6330A69.tlog\unsuccessfulbuild".
09:58:10.038     6>InitializeBuildStatus:
                     Touching "x64\Release\nx_vms_client_core_translations\nx_vms_c.73E7A389.tlog\unsuccessfulbuild".
09:58:09.592     1>Project "C:\Users\zaidw\devlab\vms_works\nx_open-build\ALL_BUILD.vcxproj" (1) is building "C:\Users\zaidw\devlab\vms_works\nx_open-build\vms\client\nx_vms_client_desktop\nx_vms_client_desktop_translations.vcxproj" (8) on node 3 (default targets).
09:58:10.043     8>PrepareForBuild:
                     Structured output is enabled. The formatting of compiler diagnostics will reflect the error hierarchy. See https://aka.ms/cpp/structured-output for more details.
                   InitializeBuildStatus:
                     Creating "x64\Release\nx_vms_client_desktop_translations\nx_vms_c.FC01813C.tlog\unsuccessfulbuild" because "AlwaysCreate" was specified.
                     Touching "x64\Release\nx_vms_client_desktop_translations\nx_vms_c.FC01813C.tlog\unsuccessfulbuild".
09:58:10.043     6>CustomBuild:
                     [QRC] Generating C:/Users/zaidw/devlab/vms_works/nx_open-build/bin/translations/nx_vms_client_core.dat
09:58:10.058     8>CustomBuild:
                     [QRC] Generating C:/Users/zaidw/devlab/vms_works/nx_open-build/bin/translations/nx_vms_client_desktop.dat
09:58:10.042     7>CustomBuild:
                     [QRC] Generating C:/Users/zaidw/devlab/vms_works/nx_open-build/bin/client_external.dat
09:58:09.592     1>Project "C:\Users\zaidw\devlab\vms_works\nx_open-build\ALL_BUILD.vcxproj" (1) is building "C:\Users\zaidw\devlab\vms_works\nx_open-build\vms\libs\nx_vms_license\nx_vms_license_translations.vcxproj" (10) on node 2 (default targets).
09:58:10.148    10>PrepareForBuild:
                     Structured output is enabled. The formatting of compiler diagnostics will reflect the error hierarchy. See https://aka.ms/cpp/structured-output for more details.
                   InitializeBuildStatus:
                     Creating "x64\Release\nx_vms_license_translations\nx_vms_l.3679371B.tlog\unsuccessfulbuild" because "AlwaysCreate" was specified.
                     Touching "x64\Release\nx_vms_license_translations\nx_vms_l.3679371B.tlog\unsuccessfulbuild".
09:58:10.185     8>FinalizeBuildStatus:
                     Deleting file "x64\Release\nx_vms_client_desktop_translations\nx_vms_c.FC01813C.tlog\unsuccessfulbuild".
                     Touching "x64\Release\nx_vms_client_desktop_translations\nx_vms_c.FC01813C.tlog\nx_vms_client_desktop_translations.lastbuildstate".
09:58:10.187     8>Done Building Project "C:\Users\zaidw\devlab\vms_works\nx_open-build\vms\client\nx_vms_client_desktop\nx_vms_client_desktop_translations.vcxproj" (default targets).
09:58:09.592     1>Project "C:\Users\zaidw\devlab\vms_works\nx_open-build\ALL_BUILD.vcxproj" (1) is building "C:\Users\zaidw\devlab\vms_works\nx_open-build\vms\libs\nx_vms_rules\nx_vms_rules_translations.vcxproj" (11) on node 3 (default targets).
09:58:10.189    11>PrepareForBuild:
                     Structured output is enabled. The formatting of compiler diagnostics will reflect the error hierarchy. See https://aka.ms/cpp/structured-output for more details.
                   InitializeBuildStatus:
                     Creating "x64\Release\nx_vms_rules_translations\nx_vms_r.1E6EA5CD.tlog\unsuccessfulbuild" because "AlwaysCreate" was specified.
                     Touching "x64\Release\nx_vms_rules_translations\nx_vms_r.1E6EA5CD.tlog\unsuccessfulbuild".
09:58:10.196     7>FinalizeBuildStatus:
                     Deleting file "x64\Release\nx_vms_client_desktop_external_resources\nx_vms_c.B6330A69.tlog\unsuccessfulbuild".
                     Touching "x64\Release\nx_vms_client_desktop_external_resources\nx_vms_c.B6330A69.tlog\nx_vms_client_desktop_external_resources.lastbuildstate".
09:58:10.198     7>Done Building Project "C:\Users\zaidw\devlab\vms_works\nx_open-build\vms\client\nx_vms_client_desktop\nx_vms_client_desktop_external_resources.vcxproj" (default targets).
09:58:09.592     1>Project "C:\Users\zaidw\devlab\vms_works\nx_open-build\ALL_BUILD.vcxproj" (1) is building "C:\Users\zaidw\devlab\vms_works\nx_open-build\vms\libs\nx_vms_common\nx_vms_common_translations.vcxproj" (9) on node 4 (default targets).
09:58:10.200     9>PrepareForBuild:
                     Structured output is enabled. The formatting of compiler diagnostics will reflect the error hierarchy. See https://aka.ms/cpp/structured-output for more details.
                   InitializeBuildStatus:
                     Creating "x64\Release\nx_vms_common_translations\nx_vms_c.EE999CE4.tlog\unsuccessfulbuild" because "AlwaysCreate" was specified.
                     Touching "x64\Release\nx_vms_common_translations\nx_vms_c.EE999CE4.tlog\unsuccessfulbuild".
09:58:10.175    10>CustomBuild:
                     [QRC] Generating C:/Users/zaidw/devlab/vms_works/nx_open-build/bin/translations/nx_vms_license.dat
09:58:10.195    11>CustomBuild:
                     [QRC] Generating C:/Users/zaidw/devlab/vms_works/nx_open-build/bin/translations/nx_vms_rules.dat
09:58:10.244    10>FinalizeBuildStatus:
                     Deleting file "x64\Release\nx_vms_license_translations\nx_vms_l.3679371B.tlog\unsuccessfulbuild".
                     Touching "x64\Release\nx_vms_license_translations\nx_vms_l.3679371B.tlog\nx_vms_license_translations.lastbuildstate".
09:58:10.246    10>Done Building Project "C:\Users\zaidw\devlab\vms_works\nx_open-build\vms\libs\nx_vms_license\nx_vms_license_translations.vcxproj" (default targets).
09:58:10.244    11>FinalizeBuildStatus:
                     Deleting file "x64\Release\nx_vms_rules_translations\nx_vms_r.1E6EA5CD.tlog\unsuccessfulbuild".
                     Touching "x64\Release\nx_vms_rules_translations\nx_vms_r.1E6EA5CD.tlog\nx_vms_rules_translations.lastbuildstate".
09:58:10.246    11>Done Building Project "C:\Users\zaidw\devlab\vms_works\nx_open-build\vms\libs\nx_vms_rules\nx_vms_rules_translations.vcxproj" (default targets).
09:58:10.205     9>CustomBuild:
                     [QRC] Generating C:/Users/zaidw/devlab/vms_works/nx_open-build/bin/translations/nx_vms_common.dat
09:58:09.592     1>Project "C:\Users\zaidw\devlab\vms_works\nx_open-build\ALL_BUILD.vcxproj" (1) is building "C:\Users\zaidw\devlab\vms_works\nx_open-build\vms\client\nx_vms_client_core\bytedance_iconpark.vcxproj" (5) on node 3 (default targets).
09:58:10.250     5>PrepareForBuild:
                     Structured output is enabled. The formatting of compiler diagnostics will reflect the error hierarchy. See https://aka.ms/cpp/structured-output for more details.
09:58:10.249     6>FinalizeBuildStatus:
                     Deleting file "x64\Release\nx_vms_client_core_translations\nx_vms_c.73E7A389.tlog\unsuccessfulbuild".
                     Touching "x64\Release\nx_vms_client_core_translations\nx_vms_c.73E7A389.tlog\nx_vms_client_core_translations.lastbuildstate".
09:58:10.250     6>Done Building Project "C:\Users\zaidw\devlab\vms_works\nx_open-build\vms\client\nx_vms_client_core\nx_vms_client_core_translations.vcxproj" (default targets).
09:58:10.252     5>InitializeBuildStatus:
                     Creating "x64\Release\bytedance_iconpark\bytedanc.3AF47F06.tlog\unsuccessfulbuild" because "AlwaysCreate" was specified.
                     Touching "x64\Release\bytedance_iconpark\bytedanc.3AF47F06.tlog\unsuccessfulbuild".
09:58:09.592     1>Project "C:\Users\zaidw\devlab\vms_works\nx_open-build\ALL_BUILD.vcxproj" (1) is building "C:\Users\zaidw\devlab\vms_works\nx_open-build\vms\client\nx_vms_client_core\nx_vms_client_core_external_resources.vcxproj" (4) on node 2 (default targets).
09:58:10.257     4>PrepareForBuild:
                     Structured output is enabled. The formatting of compiler diagnostics will reflect the error hierarchy. See https://aka.ms/cpp/structured-output for more details.
                   InitializeBuildStatus:
                     Creating "x64\Release\nx_vms_client_core_external_resources\nx_vms_c.C8A6D956.tlog\unsuccessfulbuild" because "AlwaysCreate" was specified.
                     Touching "x64\Release\nx_vms_client_core_external_resources\nx_vms_c.C8A6D956.tlog\unsuccessfulbuild".
09:58:10.285     9>FinalizeBuildStatus:
                     Deleting file "x64\Release\nx_vms_common_translations\nx_vms_c.EE999CE4.tlog\unsuccessfulbuild".
                     Touching "x64\Release\nx_vms_common_translations\nx_vms_c.EE999CE4.tlog\nx_vms_common_translations.lastbuildstate".
09:58:10.285     9>Done Building Project "C:\Users\zaidw\devlab\vms_works\nx_open-build\vms\libs\nx_vms_common\nx_vms_common_translations.vcxproj" (default targets).
09:58:09.592     1>Project "C:\Users\zaidw\devlab\vms_works\nx_open-build\ALL_BUILD.vcxproj" (1) is building "C:\Users\zaidw\devlab\vms_works\nx_open-build\vms\libs\appserver2\appserver2_translations.vcxproj" (3) on node 4 (default targets).
09:58:10.292     3>PrepareForBuild:
                     Structured output is enabled. The formatting of compiler diagnostics will reflect the error hierarchy. See https://aka.ms/cpp/structured-output for more details.
                   InitializeBuildStatus:
                     Creating "x64\Release\appserver2_translations\appserve.43B99604.tlog\unsuccessfulbuild" because "AlwaysCreate" was specified.
                     Touching "x64\Release\appserver2_translations\appserve.43B99604.tlog\unsuccessfulbuild".
09:58:10.264     4>CustomBuild:
                     [QRC] Generating C:/Users/zaidw/devlab/vms_works/nx_open-build/bin/client_core_external.dat
09:58:10.255     5>CustomBuild:
                     [QRC] Generating C:/Users/zaidw/devlab/vms_works/nx_open-build/bin/bytedance_iconpark.dat
09:58:10.329     4>FinalizeBuildStatus:
                     Deleting file "x64\Release\nx_vms_client_core_external_resources\nx_vms_c.C8A6D956.tlog\unsuccessfulbuild".
                     Touching "x64\Release\nx_vms_client_core_external_resources\nx_vms_c.C8A6D956.tlog\nx_vms_client_core_external_resources.lastbuildstate".
09:58:10.329     4>Done Building Project "C:\Users\zaidw\devlab\vms_works\nx_open-build\vms\client\nx_vms_client_core\nx_vms_client_core_external_resources.vcxproj" (default targets).
09:58:10.298     3>CustomBuild:
                     [QRC] Generating C:/Users/zaidw/devlab/vms_works/nx_open-build/bin/translations/appserver2.dat
09:58:10.339     5>FinalizeBuildStatus:
                     Deleting file "x64\Release\bytedance_iconpark\bytedanc.3AF47F06.tlog\unsuccessfulbuild".
                     Touching "x64\Release\bytedance_iconpark\bytedanc.3AF47F06.tlog\bytedance_iconpark.lastbuildstate".
09:58:10.339     5>Done Building Project "C:\Users\zaidw\devlab\vms_works\nx_open-build\vms\client\nx_vms_client_core\bytedance_iconpark.vcxproj" (default targets).
09:58:10.349     3>FinalizeBuildStatus:
                     Deleting file "x64\Release\appserver2_translations\appserve.43B99604.tlog\unsuccessfulbuild".
                     Touching "x64\Release\appserver2_translations\appserve.43B99604.tlog\appserver2_translations.lastbuildstate".
09:58:10.349     3>Done Building Project "C:\Users\zaidw\devlab\vms_works\nx_open-build\vms\libs\appserver2\appserver2_translations.vcxproj" (default targets).
09:58:09.592     1>Project "C:\Users\zaidw\devlab\vms_works\nx_open-build\ALL_BUILD.vcxproj" (1) is building "C:\Users\zaidw\devlab\vms_works\nx_open-build\vms\server\plugins\analytics\unit_tests\analytics_plugin_ut.vcxproj" (12) on node 1 (default targets).
09:58:10.371    12>Project "C:\Users\zaidw\devlab\vms_works\nx_open-build\vms\server\plugins\analytics\unit_tests\analytics_plugin_ut.vcxproj" (12) is building "C:\Users\zaidw\devlab\vms_works\nx_open-build\open\artifacts\nx_kit\nx_kit.vcxproj" (15) on node 1 (default targets).
09:58:10.392    15>PrepareForBuild:
                     Structured output is enabled. The formatting of compiler diagnostics will reflect the error hierarchy. See https://aka.ms/cpp/structured-output for more details.
                   InitializeBuildStatus:
                     Touching "nx_kit.dir\Release\nx_kit.tlog\unsuccessfulbuild".
                   CustomBuild:
                     All outputs are up-to-date.
09:58:09.592     1>Project "C:\Users\zaidw\devlab\vms_works\nx_open-build\ALL_BUILD.vcxproj" (1) is building "C:\Users\zaidw\devlab\vms_works\nx_open-build\vms\client\applauncher\applauncher.vcxproj" (14) on node 4 (default targets).
09:58:10.380    14>Project "C:\Users\zaidw\devlab\vms_works\nx_open-build\vms\client\applauncher\applauncher.vcxproj" (14) is building "C:\Users\zaidw\devlab\vms_works\nx_open-build\libs\nx_branding\nx_branding.vcxproj" (17) on node 4 (default targets).
09:58:10.412    17>PrepareForBuild:
                     Structured output is enabled. The formatting of compiler diagnostics will reflect the error hierarchy. See https://aka.ms/cpp/structured-output for more details.
                   InitializeBuildStatus:
                     Touching "nx_branding.dir\Release\nx_branding.tlog\unsuccessfulbuild".
                   CustomBuild:
                     All outputs are up-to-date.
09:58:10.399    15>ClCompile:
                     All outputs are up-to-date.
09:58:09.592     1>Project "C:\Users\zaidw\devlab\vms_works\nx_open-build\ALL_BUILD.vcxproj" (1) is building "C:\Users\zaidw\devlab\vms_works\nx_open-build\vms\libs\appserver2\unit_tests\appserver2_ut.vcxproj" (13) on node 2 (default targets).
09:58:10.371    13>Project "C:\Users\zaidw\devlab\vms_works\nx_open-build\vms\libs\appserver2\unit_tests\appserver2_ut.vcxproj" (13) is building "C:\Users\zaidw\devlab\vms_works\nx_open-build\cloud\cloud_db_client\cloud_db_client.vcxproj" (16) on node 2 (default targets).
09:58:10.399    16>Project "C:\Users\zaidw\devlab\vms_works\nx_open-build\cloud\cloud_db_client\cloud_db_client.vcxproj" (16) is building "C:\Users\zaidw\devlab\vms_works\nx_open-build\libs\nx_build_info\nx_build_info.vcxproj" (18) on node 2 (default targets).
09:58:10.422    18>Project "C:\Users\zaidw\devlab\vms_works\nx_open-build\libs\nx_build_info\nx_build_info.vcxproj" (18) is building "C:\Users\zaidw\devlab\vms_works\nx_open-build\libs\nx_reflect\nx_reflect.vcxproj" (20) on node 2 (default targets).
09:58:10.449    20>PrepareForBuild:
                     Structured output is enabled. The formatting of compiler diagnostics will reflect the error hierarchy. See https://aka.ms/cpp/structured-output for more details.
                   InitializeBuildStatus:
                     Touching "nx_reflect.dir\Release\nx_reflect.tlog\unsuccessfulbuild".
                   CustomBuild:
                     All outputs are up-to-date.
09:58:10.431    17>ClCompile:
                     C:\Program Files\Microsoft Visual Studio\2022\Community\VC\Tools\MSVC\14.38.33130\bin\HostX64\x64\CL.exe /c /IC:\Users\zaidw\devlab\vms_works\nx_open\libs\nx_branding\src /Z7 /nologo /W4 /WX /diagnostics:column /MP /O2 /Ob2 /D _WINDLL /D _UNICODE /D UNICODE /D WIN32 /D _WINDOWS /D NDEBUG /D "NX_BRANDING_API=__declspec(dllexport)" /D __STDC_CONSTANT_MACROS /D ENABLE_SSL /D BOOST_BIND_NO_PLACEHOLDERS /D _SILENCE_CXX17_ITERATOR_BASE_CLASS_DEPRECATION_WARNING /D QT_NO_EXCEPTIONS /D RAPIDJSON_HAS_STDSTRING /D BOOST_NO_CXX98_FUNCTION_BASE /D _CRT_RAND_S /D _WINSOCKAPI_= /D NOMINMAX= /D UNICODE /D WIN32_LEAN_AND_MEAN /D _DISABLE_CONSTEXPR_MUTEX_CONSTRUCTOR /D NX_FORCE_EXPORT= /D QT_QML_DEBUG /D _SILENCE_CXX17_OLD_ALLOCATOR_MEMBERS_DEPRECATION_WARNING /D _SILENCE_CXX17_ALLOCATOR_VOID_DEPRECATION_WARNING /D _CRT_SECURE_NO_WARNINGS /D _CRT_NONSTDC_NO_DEPRECATE /D _SCL_SECURE_NO_WARNINGS /D _LIBCPP_ENABLE_CXX17_REMOVED_UNARY_BINARY_FUNCTION /D NOGDI= /D QT_CORE_LIB /D _ENABLE_EXTENDED_ALIGNED_STORAGE /D WIN64 /D _WIN64 /D _UNICODE /D "CMAKE_INTDIR=\"Release\"" /D nx_branding_EXPORTS /Zc:preprocessor /EHsc /MD /GS /fp:precise /Zc:wchar_t /Zc:forScope /Zc:inline /std:c++20 /permissive- /Fo"nx_branding.dir\Release\\" /Fd"nx_branding.dir\Release\vc143.pdb" /external:W0 /Gd /TP /wd4100 /wd4702 /wd4267 /wd4251 /wd4275 /wd5054 /wd4250 /wd5105 /wd26444 /errorReport:queue /we4717 /we4150 /we4172 /we4715 /we4005 /we4806 /we4099 /we5038  /external:I "C:/Users/zaidw/devlab/vms_works/nx_open-build/.conan_short/d20242/1/include/QtCore" /external:I "C:/Users/zaidw/devlab/vms_works/nx_open-build/.conan_short/d20242/1/include" /external:I "C:/Users/zaidw/devlab/vms_works/nx_open-build/.conan_short/d20242/1/mkspecs/win32-msvc" /bigobj -Zc:__cplusplus -utf-8 C:\Users\zaidw\devlab\vms_works\nx_open\libs\nx_branding\src\nx\branding_proxy.cpp
09:58:10.489    15>Link:
                     C:\Program Files\Microsoft Visual Studio\2022\Community\VC\Tools\MSVC\14.38.33130\bin\HostX64\x64\link.exe /ERRORREPORT:QUEUE /OUT:"C:\Users\zaidw\devlab\vms_works\nx_open-build\bin\Release\nx_kit.dll" /INCREMENTAL:NO /NOLOGO /LIBPATH:"C:/Users/zaidw/devlab/vms_works/nx_open-build/lib" /LIBPATH:"C:/Users/zaidw/devlab/vms_works/nx_open-build/lib/Release" kernel32.lib user32.lib gdi32.lib winspool.lib shell32.lib ole32.lib oleaut32.lib uuid.lib comdlg32.lib advapi32.lib /MANIFEST /MANIFESTUAC:"level='asInvoker' uiAccess='false'" /manifest:embed /DEBUG /PDB:"C:/Users/zaidw/devlab/vms_works/nx_open-build/bin/Release/nx_kit.pdb" /SUBSYSTEM:CONSOLE /LARGEADDRESSAWARE /OPT:NOREF /TLBID:1 /DYNAMICBASE /NXCOMPAT /IMPLIB:"C:/Users/zaidw/devlab/vms_works/nx_open-build/open/artifacts/nx_kit/Release/nx_kit.lib" /MACHINE:X64  /machine:x64 /ignore:4221 /DLL nx_kit.dir\Release\utils.obj
                     nx_kit.dir\Release\debug.obj
                     nx_kit.dir\Release\ini_config.obj
                     nx_kit.dir\Release\output_redirector.obj
                     nx_kit.dir\Release\test.obj
                     nx_kit.dir\Release\json.obj
09:58:10.431    17>ClCompile:
                     branding_proxy.cpp
09:58:09.592     1>Project "C:\Users\zaidw\devlab\vms_works\nx_open-build\ALL_BUILD.vcxproj" (1) is building "C:\Users\zaidw\devlab\vms_works\nx_open-build\vms\libs\appserver2\appserver2.vcxproj" (19) on node 3 (default targets).
09:58:10.394    19>Project "C:\Users\zaidw\devlab\vms_works\nx_open-build\vms\libs\appserver2\appserver2.vcxproj" (19) is building "C:\Users\zaidw\devlab\vms_works\nx_open-build\vms\libs\nx_codec\nx_codec.vcxproj" (21) on node 3 (default targets).
09:58:10.465    21>Project "C:\Users\zaidw\devlab\vms_works\nx_open-build\vms\libs\nx_codec\nx_codec.vcxproj" (21) is building "C:\Users\zaidw\devlab\vms_works\nx_open-build\dependencies\quazip\quazip.vcxproj" (22) on node 4 (default targets).
09:58:10.540    22>PrepareForBuild:
                     Structured output is enabled. The formatting of compiler diagnostics will reflect the error hierarchy. See https://aka.ms/cpp/structured-output for more details.
                   InitializeBuildStatus:
                     Touching "quazip.dir\Release\quazip.tlog\unsuccessfulbuild".
                   CustomBuild:
                     All outputs are up-to-date.
09:58:10.477    20>ClCompile:
                     C:\Program Files\Microsoft Visual Studio\2022\Community\VC\Tools\MSVC\14.38.33130\bin\HostX64\x64\CL.exe /c /IC:\Users\zaidw\devlab\vms_works\nx_open\libs\nx_reflect\src /IC:\Users\zaidw\devlab\vms_works\nx_open\libs\nx_preprocessor\src /Z7 /nologo /W4 /WX- /diagnostics:column /MP /O2 /Ob2 /D _WINDLL /D _MBCS /D WIN32 /D _WINDOWS /D NDEBUG /D "NX_REFLECT_API=__declspec(dllexport)" /D __STDC_CONSTANT_MACROS /D ENABLE_SSL /D BOOST_BIND_NO_PLACEHOLDERS /D _SILENCE_CXX17_ITERATOR_BASE_CLASS_DEPRECATION_WARNING /D QT_NO_EXCEPTIONS /D RAPIDJSON_HAS_STDSTRING /D BOOST_NO_CXX98_FUNCTION_BASE /D _CRT_RAND_S /D _WINSOCKAPI_= /D NOMINMAX= /D UNICODE /D WIN32_LEAN_AND_MEAN /D _DISABLE_CONSTEXPR_MUTEX_CONSTRUCTOR /D NX_FORCE_EXPORT= /D QT_QML_DEBUG /D _SILENCE_CXX17_OLD_ALLOCATOR_MEMBERS_DEPRECATION_WARNING /D _SILENCE_CXX17_ALLOCATOR_VOID_DEPRECATION_WARNING /D _CRT_SECURE_NO_WARNINGS /D _CRT_NONSTDC_NO_DEPRECATE /D _SCL_SECURE_NO_WARNINGS /D _LIBCPP_ENABLE_CXX17_REMOVED_UNARY_BINARY_FUNCTION /D NOGDI= /D "CMAKE_INTDIR=\"Release\"" /D nx_reflect_EXPORTS /Zc:preprocessor /EHsc /MD /GS /fp:precise /Zc:wchar_t /Zc:forScope /Zc:inline /std:c++20 /Fo"nx_reflect.dir\Release\\" /Fd"nx_reflect.dir\Release\vc143.pdb" /external:W0 /Gd /TP /wd4100 /wd4702 /wd4267 /wd4251 /wd4275 /wd5054 /wd4250 /wd5105 /wd26444 /errorReport:queue /we4717 /we4150 /we4172 /we4715 /we4005 /we4806 /we4099 /we5038  /external:I "C:/Users/zaidw/devlab/vms_works/nx_open-build/.conan_short/d8731c/1/include" /external:I "C:/Users/zaidw/devlab/vms_works/nx_open-build/.conan/data/rapidjson/cci.20230929/_/_/package/5ab84d6acfe1f23c4fae0ab88f26e3a396351ac9/include" /bigobj C:\Users\zaidw\devlab\vms_works\nx_open\libs\nx_reflect\src\nx\reflect\json\raw_json_text.cpp
09:58:10.557    22>ClCompile:
                     C:\Program Files\Microsoft Visual Studio\2022\Community\VC\Tools\MSVC\14.38.33130\bin\HostX64\x64\CL.exe /c /IC:\Users\zaidw\devlab\vms_works\nx_open\artifacts\quazip\quazip\.. /Z7 /nologo /W4 /WX- /diagnostics:column /MP /O2 /Ob2 /D _WINDLL /D _UNICODE /D UNICODE /D WIN32 /D _WINDOWS /D NDEBUG /D __STDC_CONSTANT_MACROS /D ENABLE_SSL /D BOOST_BIND_NO_PLACEHOLDERS /D _SILENCE_CXX17_ITERATOR_BASE_CLASS_DEPRECATION_WARNING /D QT_NO_EXCEPTIONS /D RAPIDJSON_HAS_STDSTRING /D BOOST_NO_CXX98_FUNCTION_BASE /D _CRT_RAND_S /D _WINSOCKAPI_= /D NOMINMAX= /D UNICODE /D WIN32_LEAN_AND_MEAN /D _DISABLE_CONSTEXPR_MUTEX_CONSTRUCTOR /D NX_FORCE_EXPORT= /D QT_QML_DEBUG /D _SILENCE_CXX17_OLD_ALLOCATOR_MEMBERS_DEPRECATION_WARNING /D _SILENCE_CXX17_ALLOCATOR_VOID_DEPRECATION_WARNING /D _CRT_SECURE_NO_WARNINGS /D _CRT_NONSTDC_NO_DEPRECATE /D _SCL_SECURE_NO_WARNINGS /D QUAZIP_BUILD /D QT_CORE_LIB /D _ENABLE_EXTENDED_ALIGNED_STORAGE /D WIN64 /D _WIN64 /D _UNICODE /D QT_CORE5COMPAT_LIB /D "CMAKE_INTDIR=\"Release\"" /D quazip_EXPORTS /Zc:preprocessor /EHsc /MD /GS /fp:precise /Zc:wchar_t /Zc:forScope /Zc:inline /std:c++20 /permissive- /Fo"quazip.dir\Release\\" /Fd"quazip.dir\Release\vc143.pdb" /external:W0 /Gd /TP /wd4100 /wd4702 /wd4267 /wd4251 /wd4275 /wd5054 /wd4250 /wd5105 /wd26444 /errorReport:queue /we4717 /we4150 /we4172 /we4715 /we4005 /we4806 /we4099 /we5038  /external:I "C:/Users/zaidw/devlab/vms_works/nx_open-build/.conan_short/d20242/1/include/QtCore" /external:I "C:/Users/zaidw/devlab/vms_works/nx_open-build/.conan_short/d20242/1/include" /external:I "C:/Users/zaidw/devlab/vms_works/nx_open-build/.conan_short/d20242/1/mkspecs/win32-msvc" /external:I "C:/Users/zaidw/devlab/vms_works/nx_open-build/.conan_short/d20242/1/include/QtCore5Compat" /external:I "C:/Users/zaidw/devlab/vms_works/nx_open-build/.conan/data/zlib/1.2.12/_/_/package/d057732059ea44a47760900cb5e4855d2bea8714/include" /bigobj -Zc:__cplusplus -utf-8 C:\Users\zaidw\devlab\vms_works\nx_open\artifacts\quazip\quazip\JlCompress.cpp C:\Users\zaidw\devlab\vms_works\nx_open\artifacts\quazip\quazip\qioapi.cpp C:\Users\zaidw\devlab\vms_works\nx_open\artifacts\quazip\quazip\quaadler32.cpp C:\Users\zaidw\devlab\vms_works\nx_open\artifacts\quazip\quazip\quacrc32.cpp C:\Users\zaidw\devlab\vms_works\nx_open\artifacts\quazip\quazip\quagzipfile.cpp C:\Users\zaidw\devlab\vms_works\nx_open\artifacts\quazip\quazip\quaziodevice.cpp C:\Users\zaidw\devlab\vms_works\nx_open\artifacts\quazip\quazip\quazip.cpp C:\Users\zaidw\devlab\vms_works\nx_open\artifacts\quazip\quazip\quazipdir.cpp C:\Users\zaidw\devlab\vms_works\nx_open\artifacts\quazip\quazip\quazipfile.cpp C:\Users\zaidw\devlab\vms_works\nx_open\artifacts\quazip\quazip\quazipfileinfo.cpp C:\Users\zaidw\devlab\vms_works\nx_open\artifacts\quazip\quazip\quazipnewinfo.cpp "C:\Users\zaidw\devlab\vms_works\nx_open-build\dependencies\quazip\__\__\artifacts\quazip\quazip\moc_quazipfile.cpp" "C:\Users\zaidw\devlab\vms_works\nx_open-build\dependencies\quazip\__\__\artifacts\quazip\quazip\moc_quagzipfile.cpp" "C:\Users\zaidw\devlab\vms_works\nx_open-build\dependencies\quazip\__\__\artifacts\quazip\quazip\moc_quaziodevice.cpp"
09:58:10.489    15>Link:
                        Creating library C:/Users/zaidw/devlab/vms_works/nx_open-build/open/artifacts/nx_kit/Release/nx_kit.lib and object C:/Users/zaidw/devlab/vms_works/nx_open-build/open/artifacts/nx_kit/Release/nx_kit.exp
09:58:10.477    20>ClCompile:
                     raw_json_text.cpp
09:58:10.557    22>ClCompile:
                     JlCompress.cpp
                     qioapi.cpp
                     quaadler32.cpp
                     quacrc32.cpp
                     quagzipfile.cpp
                     quaziodevice.cpp
                     quazip.cpp
                     quazipdir.cpp
                     quazipfile.cpp
                     quazipfileinfo.cpp
                     quazipnewinfo.cpp
                     moc_quazipfile.cpp
                     moc_quagzipfile.cpp
09:58:10.489    15>Link:
                     nx_kit.vcxproj -> C:\Users\zaidw\devlab\vms_works\nx_open-build\bin\Release\nx_kit.dll
                   FinalizeBuildStatus:
                     Deleting file "nx_kit.dir\Release\nx_kit.tlog\unsuccessfulbuild".
                     Touching "nx_kit.dir\Release\nx_kit.tlog\nx_kit.lastbuildstate".
09:58:10.814    15>Done Building Project "C:\Users\zaidw\devlab\vms_works\nx_open-build\open\artifacts\nx_kit\nx_kit.vcxproj" (default targets).
09:58:10.394    19>Project "C:\Users\zaidw\devlab\vms_works\nx_open-build\vms\libs\appserver2\appserver2.vcxproj" (19) is building "C:\Users\zaidw\devlab\vms_works\nx_open-build\vms\libs\nx_sdk\nx_sdk.vcxproj" (27) on node 3 (default targets).
09:58:10.831    27>PrepareForBuild:
                     Creating directory "nx_sdk.dir\Release\".
                     Structured output is enabled. The formatting of compiler diagnostics will reflect the error hierarchy. See https://aka.ms/cpp/structured-output for more details.
                     Creating directory "C:\Users\zaidw\devlab\vms_works\nx_open-build\vms\libs\nx_sdk\Release\".
                     Creating directory "nx_sdk.dir\Release\nx_sdk.tlog\".
09:58:10.557    22>ClCompile:
                     moc_quaziodevice.cpp
09:58:10.837    27>InitializeBuildStatus:
                     Creating "nx_sdk.dir\Release\nx_sdk.tlog\unsuccessfulbuild" because "AlwaysCreate" was specified.
                     Touching "nx_sdk.dir\Release\nx_sdk.tlog\unsuccessfulbuild".
09:58:10.394    19>Project "C:\Users\zaidw\devlab\vms_works\nx_open-build\vms\libs\appserver2\appserver2.vcxproj" (19) is building "C:\Users\zaidw\devlab\vms_works\nx_open-build\libs\nx_network\nx_network.vcxproj" (28) on node 4 (default targets).
09:58:10.664    28>Project "C:\Users\zaidw\devlab\vms_works\nx_open-build\libs\nx_network\nx_network.vcxproj" (28) is building "C:\Users\zaidw\devlab\vms_works\nx_open-build\dependencies\udt\udt.vcxproj" (29) on node 1 (default targets).
09:58:10.880    29>PrepareForBuild:
                     Structured output is enabled. The formatting of compiler diagnostics will reflect the error hierarchy. See https://aka.ms/cpp/structured-output for more details.
                   InitializeBuildStatus:
                     Touching "udt.dir\Release\udt.tlog\unsuccessfulbuild".
                   CustomBuild:
                     All outputs are up-to-date.
09:58:10.840    27>CustomBuild:
                     Building Custom Rule C:/Users/zaidw/devlab/vms_works/nx_open/vms/libs/nx_sdk/CMakeLists.txt
09:58:10.910    29>ClCompile:
                     C:\Program Files\Microsoft Visual Studio\2022\Community\VC\Tools\MSVC\14.38.33130\bin\HostX64\x64\CL.exe /c /IC:\Users\zaidw\devlab\vms_works\nx_open\dependencies\udt\..\..\artifacts\udt\src /Z7 /nologo /W4 /WX- /diagnostics:column /MP /O2 /Ob2 /D _WINDLL /D _MBCS /D WIN32 /D _WINDOWS /D NDEBUG /D "UDT_API=__declspec(dllexport)" /D __STDC_CONSTANT_MACROS /D ENABLE_SSL /D BOOST_BIND_NO_PLACEHOLDERS /D _SILENCE_CXX17_ITERATOR_BASE_CLASS_DEPRECATION_WARNING /D QT_NO_EXCEPTIONS /D RAPIDJSON_HAS_STDSTRING /D BOOST_NO_CXX98_FUNCTION_BASE /D _CRT_RAND_S /D _WINSOCKAPI_= /D NOMINMAX= /D UNICODE /D WIN32_LEAN_AND_MEAN /D _DISABLE_CONSTEXPR_MUTEX_CONSTRUCTOR /D NX_FORCE_EXPORT= /D QT_QML_DEBUG /D _SILENCE_CXX17_OLD_ALLOCATOR_MEMBERS_DEPRECATION_WARNING /D _SILENCE_CXX17_ALLOCATOR_VOID_DEPRECATION_WARNING /D _CRT_SECURE_NO_WARNINGS /D _CRT_NONSTDC_NO_DEPRECATE /D _SCL_SECURE_NO_WARNINGS /D _LIBCPP_ENABLE_CXX17_REMOVED_UNARY_BINARY_FUNCTION /D NOGDI= /D "CMAKE_INTDIR=\"Release\"" /D udt_EXPORTS /Zc:preprocessor /EHsc /MD /GS /fp:precise /Zc:wchar_t /Zc:forScope /Zc:inline /std:c++20 /Fo"udt.dir\Release\\" /Fd"udt.dir\Release\vc143.pdb" /external:W4 /Gd /TP /wd4100 /wd4702 /wd4267 /wd4251 /wd4275 /wd5054 /wd4250 /wd5105 /wd26444 /errorReport:queue /we4717 /we4150 /we4172 /we4715 /we4005 /we4806 /we4099 /we5038  /bigobj C:\Users\zaidw\devlab\vms_works\nx_open\artifacts\udt\src\udt\api.cpp C:\Users\zaidw\devlab\vms_works\nx_open\artifacts\udt\src\udt\cache.cpp C:\Users\zaidw\devlab\vms_works\nx_open\artifacts\udt\src\udt\ccc.cpp C:\Users\zaidw\devlab\vms_works\nx_open\artifacts\udt\src\udt\channel.cpp C:\Users\zaidw\devlab\vms_works\nx_open\artifacts\udt\src\udt\common.cpp C:\Users\zaidw\devlab\vms_works\nx_open\artifacts\udt\src\udt\connection_buffer.cpp C:\Users\zaidw\devlab\vms_works\nx_open\artifacts\udt\src\udt\core.cpp C:\Users\zaidw\devlab\vms_works\nx_open\artifacts\udt\src\udt\epoll.cpp C:\Users\zaidw\devlab\vms_works\nx_open\artifacts\udt\src\udt\epoll\epoll_factory.cpp C:\Users\zaidw\devlab\vms_works\nx_open\artifacts\udt\src\udt\epoll\epoll_impl.cpp C:\Users\zaidw\devlab\vms_works\nx_open\artifacts\udt\src\udt\epoll\epoll_macosx.cpp C:\Users\zaidw\devlab\vms_works\nx_open\artifacts\udt\src\udt\epoll\epoll_win32.cpp C:\Users\zaidw\devlab\vms_works\nx_open\artifacts\udt\src\udt\list.cpp C:\Users\zaidw\devlab\vms_works\nx_open\artifacts\udt\src\udt\multiplexer.cpp C:\Users\zaidw\devlab\vms_works\nx_open\artifacts\udt\src\udt\packet.cpp C:\Users\zaidw\devlab\vms_works\nx_open\artifacts\udt\src\udt\queue.cpp C:\Users\zaidw\devlab\vms_works\nx_open\artifacts\udt\src\udt\udt.cpp C:\Users\zaidw\devlab\vms_works\nx_open\artifacts\udt\src\udt\unit_queue.cpp C:\Users\zaidw\devlab\vms_works\nx_open\artifacts\udt\src\udt\window.cpp
                     api.cpp
                     cache.cpp
                     ccc.cpp
                     channel.cpp
                     common.cpp
                     connection_buffer.cpp
                     core.cpp
                     epoll.cpp
                     epoll_factory.cpp
                     epoll_impl.cpp
                     epoll_macosx.cpp
09:58:11.080    27>ClCompile:
                     C:\Program Files\Microsoft Visual Studio\2022\Community\VC\Tools\MSVC\14.38.33130\bin\HostX64\x64\CL.exe /c /IC:\Users\zaidw\devlab\vms_works\nx_open\vms\libs\nx_sdk\src /I"C:\Users\zaidw\devlab\vms_works\nx_open-build\vms\libs\nx_sdk" /IC:\Users\zaidw\devlab\vms_works\nx_open\artifacts\nx_kit\src /Z7 /nologo /W4 /WX- /diagnostics:column /MP /O2 /Ob2 /D _MBCS /D WIN32 /D _WINDOWS /D NDEBUG /D "NX_SDK_API=__declspec(dllexport)" /D __STDC_CONSTANT_MACROS /D ENABLE_SSL /D BOOST_BIND_NO_PLACEHOLDERS /D _SILENCE_CXX17_ITERATOR_BASE_CLASS_DEPRECATION_WARNING /D QT_NO_EXCEPTIONS /D RAPIDJSON_HAS_STDSTRING /D BOOST_NO_CXX98_FUNCTION_BASE /D _CRT_RAND_S /D _WINSOCKAPI_= /D NOMINMAX= /D UNICODE /D WIN32_LEAN_AND_MEAN /D _DISABLE_CONSTEXPR_MUTEX_CONSTRUCTOR /D NX_FORCE_EXPORT= /D QT_QML_DEBUG /D _SILENCE_CXX17_OLD_ALLOCATOR_MEMBERS_DEPRECATION_WARNING /D _SILENCE_CXX17_ALLOCATOR_VOID_DEPRECATION_WARNING /D _CRT_SECURE_NO_WARNINGS /D _CRT_NONSTDC_NO_DEPRECATE /D _SCL_SECURE_NO_WARNINGS /D _LIBCPP_ENABLE_CXX17_REMOVED_UNARY_BINARY_FUNCTION /D NOGDI= /D "NX_KIT_API=__declspec(dllimport)" /D "CMAKE_INTDIR=\"Release\"" /Zc:preprocessor /EHsc /MD /GS /fp:precise /Zc:wchar_t /Zc:forScope /Zc:inline /std:c++20 /Fo"nx_sdk.dir\Release\\" /Fd"C:\Users\zaidw\devlab\vms_works\nx_open-build\vms\libs\nx_sdk\Release\nx_sdk.pdb" /external:W4 /Gd /TP /wd4100 /wd4702 /wd4267 /wd4251 /wd4275 /wd5054 /wd4250 /wd5105 /wd26444 /errorReport:queue /we4717 /we4150 /we4172 /we4715 /we4005 /we4806 /we4099 /we5038  /bigobj C:\Users\zaidw\devlab\vms_works\nx_open\vms\libs\nx_sdk\src\nx\sdk\analytics\helpers\consuming_device_agent.cpp C:\Users\zaidw\devlab\vms_works\nx_open\vms\libs\nx_sdk\src\nx\sdk\analytics\helpers\engine.cpp C:\Users\zaidw\devlab\vms_works\nx_open\vms\libs\nx_sdk\src\nx\sdk\analytics\helpers\engine_info.cpp C:\Users\zaidw\devlab\vms_works\nx_open\vms\libs\nx_sdk\src\nx\sdk\analytics\helpers\event_metadata.cpp C:\Users\zaidw\devlab\vms_works\nx_open\vms\libs\nx_sdk\src\nx\sdk\analytics\helpers\event_metadata_packet.cpp C:\Users\zaidw\devlab\vms_works\nx_open\vms\libs\nx_sdk\src\nx\sdk\analytics\helpers\metadata_types.cpp C:\Users\zaidw\devlab\vms_works\nx_open\vms\libs\nx_sdk\src\nx\sdk\analytics\helpers\object_metadata.cpp C:\Users\zaidw\devlab\vms_works\nx_open\vms\libs\nx_sdk\src\nx\sdk\analytics\helpers\object_metadata_packet.cpp C:\Users\zaidw\devlab\vms_works\nx_open\vms\libs\nx_sdk\src\nx\sdk\analytics\helpers\object_track_best_shot_packet.cpp C:\Users\zaidw\devlab\vms_works\nx_open\vms\libs\nx_sdk\src\nx\sdk\analytics\helpers\object_track_info.cpp C:\Users\zaidw\devlab\vms_works\nx_open\vms\libs\nx_sdk\src\nx\sdk\analytics\helpers\pixel_format.cpp C:\Users\zaidw\devlab\vms_works\nx_open\vms\libs\nx_sdk\src\nx\sdk\analytics\helpers\plugin.cpp C:\Users\zaidw\devlab\vms_works\nx_open\vms\libs\nx_sdk\src\nx\sdk\analytics\helpers\timestamped_object_metadata.cpp C:\Users\zaidw\devlab\vms_works\nx_open\vms\libs\nx_sdk\src\nx\sdk\cloud_storage\helpers\algorithm.cpp C:\Users\zaidw\devlab\vms_works\nx_open\vms\libs\nx_sdk\src\nx\sdk\cloud_storage\helpers\codec_info.cpp C:\Users\zaidw\devlab\vms_works\nx_open\vms\libs\nx_sdk\src\nx\sdk\cloud_storage\helpers\data.cpp C:\Users\zaidw\devlab\vms_works\nx_open\vms\libs\nx_sdk\src\nx\sdk\cloud_storage\helpers\device_archive.cpp C:\Users\zaidw\devlab\vms_works\nx_open\vms\libs\nx_sdk\src\nx\sdk\cloud_storage\helpers\media_data_packet.cpp C:\Users\zaidw\devlab\vms_works\nx_open\vms\libs\nx_sdk\src\nx\sdk\cloud_storage\helpers\time_periods.cpp C:\Users\zaidw\devlab\vms_works\nx_open\vms\libs\nx_sdk\src\nx\sdk\helpers\action_response.cpp C:\Users\zaidw\devlab\vms_works\nx_open\vms\libs\nx_sdk\src\nx\sdk\helpers\active_setting_changed_action.cpp C:\Users\zaidw\devlab\vms_works\nx_open\vms\libs\nx_sdk\src\nx\sdk\helpers\active_setting_changed_response.cpp C:\Users\zaidw\devlab\vms_works\nx_open\vms\libs\nx_sdk\src\nx\sdk\helpers\attribute.cpp C:\Users\zaidw\devlab\vms_works\nx_open\vms\libs\nx_sdk\src\nx\sdk\helpers\device_info.cpp C:\Users\zaidw\devlab\vms_works\nx_open\vms\libs\nx_sdk\src\nx\sdk\helpers\error.cpp C:\Users\zaidw\devlab\vms_works\nx_open\vms\libs\nx_sdk\src\nx\sdk\helpers\lib_context.cpp C:\Users\zaidw\devlab\vms_works\nx_open\vms\libs\nx_sdk\src\nx\sdk\helpers\log_utils.cpp C:\Users\zaidw\devlab\vms_works\nx_open\vms\libs\nx_sdk\src\nx\sdk\helpers\media_stream_statistics.cpp C:\Users\zaidw\devlab\vms_works\nx_open\vms\libs\nx_sdk\src\nx\sdk\helpers\plugin_diagnostic_event.cpp C:\Users\zaidw\devlab\vms_works\nx_open\vms\libs\nx_sdk\src\nx\sdk\helpers\settings_response.cpp C:\Users\zaidw\devlab\vms_works\nx_open\vms\libs\nx_sdk\src\nx\sdk\helpers\string.cpp C:\Users\zaidw\devlab\vms_works\nx_open\vms\libs\nx_sdk\src\nx\sdk\helpers\string_list.cpp C:\Users\zaidw\devlab\vms_works\nx_open\vms\libs\nx_sdk\src\nx\sdk\helpers\string_map.cpp C:\Users\zaidw\devlab\vms_works\nx_open\vms\libs\nx_sdk\src\nx\sdk\helpers\to_string.cpp C:\Users\zaidw\devlab\vms_works\nx_open\vms\libs\nx_sdk\src\nx\sdk\helpers\uuid_helper.cpp
09:58:10.910    29>ClCompile:
                     epoll_win32.cpp
                     list.cpp
                     multiplexer.cpp
                     packet.cpp
                     queue.cpp
                     udt.cpp
                     unit_queue.cpp
                     window.cpp
09:58:11.080    27>ClCompile:
                     consuming_device_agent.cpp
                     engine.cpp
                     engine_info.cpp
                     event_metadata.cpp
                     event_metadata_packet.cpp
                     metadata_types.cpp
                     object_metadata.cpp
                     object_metadata_packet.cpp
                     object_track_best_shot_packet.cpp
                     object_track_info.cpp
                     pixel_format.cpp
                     plugin.cpp
                     timestamped_object_metadata.cpp
09:58:13.184    29>C:\Users\zaidw\devlab\vms_works\nx_open\artifacts\udt\src\udt\common.cpp(160,35): warning C4996: 'std::codecvt_utf8_utf16<wchar_t,1114111,(std::codecvt_mode)0>': warning STL4017: std::wbuffer_convert, std::wstring_convert, and the <codecvt> header (containing std::codecvt_mode, std::codecvt_utf8, std::codecvt_utf16, and std::codecvt_utf8_utf16) are deprecated in C++17. (The std::codecvt class template is NOT deprecated.) The C++ Standard doesn't provide equivalent non-deprecated functionality; consider using MultiByteToWideChar() and WideCharToMultiByte() from <Windows.h> instead. You can define _SILENCE_CXX17_CODECVT_HEADER_DEPRECATION_WARNING or _SILENCE_ALL_CXX17_DEPRECATION_WARNINGS to suppress this warning. [C:\Users\zaidw\devlab\vms_works\nx_open-build\dependencies\udt\udt.vcxproj]
09:58:13.188    29>    C:\Program Files\Microsoft Visual Studio\2022\Community\VC\Tools\MSVC\14.38.33130\include\codecvt(443,1):
    see declaration of 'std::codecvt_utf8_utf16'

09:58:13.190    29>C:\Users\zaidw\devlab\vms_works\nx_open\artifacts\udt\src\udt\common.cpp(160,14): warning C4996: 'std::wstring_convert<std::codecvt_utf8_utf16<wchar_t,1114111,(std::codecvt_mode)0>,wchar_t,std::allocator<wchar_t>,std::allocator<char>>': warning STL4017: std::wbuffer_convert, std::wstring_convert, and the <codecvt> header (containing std::codecvt_mode, std::codecvt_utf8, std::codecvt_utf16, and std::codecvt_utf8_utf16) are deprecated in C++17. (The std::codecvt class template is NOT deprecated.) The C++ Standard doesn't provide equivalent non-deprecated functionality; consider using MultiByteToWideChar() and WideCharToMultiByte() from <Windows.h> instead. You can define _SILENCE_CXX17_CODECVT_HEADER_DEPRECATION_WARNING or _SILENCE_ALL_CXX17_DEPRECATION_WARNINGS to suppress this warning. [C:\Users\zaidw\devlab\vms_works\nx_open-build\dependencies\udt\udt.vcxproj]
                         C:\Program Files\Microsoft Visual Studio\2022\Community\VC\Tools\MSVC\14.38.33130\include\xlocbuf(303,1):
                         see declaration of 'std::wstring_convert'
                     
09:58:13.202    29>C:\Users\zaidw\devlab\vms_works\nx_open\artifacts\udt\src\udt\common.cpp(160,64): warning C4996: 'std::wstring_convert<std::codecvt_utf8_utf16<wchar_t,1114111,(std::codecvt_mode)0>,wchar_t,std::allocator<wchar_t>,std::allocator<char>>::wstring_convert': warning STL4017: std::wbuffer_convert, std::wstring_convert, and the <codecvt> header (containing std::codecvt_mode, std::codecvt_utf8, std::codecvt_utf16, and std::codecvt_utf8_utf16) are deprecated in C++17. (The std::codecvt class template is NOT deprecated.) The C++ Standard doesn't provide equivalent non-deprecated functionality; consider using MultiByteToWideChar() and WideCharToMultiByte() from <Windows.h> instead. You can define _SILENCE_CXX17_CODECVT_HEADER_DEPRECATION_WARNING or _SILENCE_ALL_CXX17_DEPRECATION_WARNINGS to suppress this warning. [C:\Users\zaidw\devlab\vms_works\nx_open-build\dependencies\udt\udt.vcxproj]
09:58:13.202    29>C:\Users\zaidw\devlab\vms_works\nx_open\artifacts\udt\src\udt\common.cpp(161,59): warning C4996: 'std::wstring_convert<std::codecvt_utf8_utf16<wchar_t,1114111,(std::codecvt_mode)0>,wchar_t,std::allocator<wchar_t>,std::allocator<char>>::from_bytes': warning STL4017: std::wbuffer_convert, std::wstring_convert, and the <codecvt> header (containing std::codecvt_mode, std::codecvt_utf8, std::codecvt_utf16, and std::codecvt_utf8_utf16) are deprecated in C++17. (The std::codecvt class template is NOT deprecated.) The C++ Standard doesn't provide equivalent non-deprecated functionality; consider using MultiByteToWideChar() and WideCharToMultiByte() from <Windows.h> instead. You can define _SILENCE_CXX17_CODECVT_HEADER_DEPRECATION_WARNING or _SILENCE_ALL_CXX17_DEPRECATION_WARNINGS to suppress this warning. [C:\Users\zaidw\devlab\vms_works\nx_open-build\dependencies\udt\udt.vcxproj]
09:58:13.202    29>C:\Users\zaidw\devlab\vms_works\nx_open\artifacts\udt\src\udt\common.cpp(352,12): warning C4189: 'hCurThread': local variable is initialized but not referenced [C:\Users\zaidw\devlab\vms_works\nx_open-build\dependencies\udt\udt.vcxproj]
09:58:11.080    27>ClCompile:
                     algorithm.cpp
                     codec_info.cpp
                     data.cpp
                     device_archive.cpp
                     media_data_packet.cpp
                     time_periods.cpp
09:58:13.997    29>C:\Users\zaidw\devlab\vms_works\nx_open\artifacts\udt\src\udt\connection_buffer.cpp(178,33): warning C4244: '=': conversion from 'std::streamsize' to 'int', possible loss of data [C:\Users\zaidw\devlab\vms_works\nx_open-build\dependencies\udt\udt.vcxproj]
                   ClCompile:
                     action_response.cpp
                     active_setting_changed_action.cpp
09:58:15.001    29>C:\Users\zaidw\devlab\vms_works\nx_open\artifacts\udt\src\udt\core.cpp(374,48): warning C4244: '=': conversion from '_Rep' to 'int', possible loss of data [C:\Users\zaidw\devlab\vms_works\nx_open-build\dependencies\udt\udt.vcxproj]
C:\Users\zaidw\devlab\vms_works\nx_open\artifacts\udt\src\udt\core.cpp(374,48): warning C4244:         with [C:\Users\zaidw\devlab\vms_works\nx_open-build\dependencies\udt\udt.vcxproj]
C:\Users\zaidw\devlab\vms_works\nx_open\artifacts\udt\src\udt\core.cpp(374,48): warning C4244:         [ [C:\Users\zaidw\devlab\vms_works\nx_open-build\dependencies\udt\udt.vcxproj]
C:\Users\zaidw\devlab\vms_works\nx_open\artifacts\udt\src\udt\core.cpp(374,48): warning C4244:             _Rep=__int64 [C:\Users\zaidw\devlab\vms_works\nx_open-build\dependencies\udt\udt.vcxproj]
C:\Users\zaidw\devlab\vms_works\nx_open\artifacts\udt\src\udt\core.cpp(374,48): warning C4244:         ] [C:\Users\zaidw\devlab\vms_works\nx_open-build\dependencies\udt\udt.vcxproj]
09:58:15.144    29>C:\Users\zaidw\devlab\vms_works\nx_open\artifacts\udt\src\udt\core.cpp(1596,39): warning C4244: '=': conversion from '_Rep' to 'int32_t', possible loss of data [C:\Users\zaidw\devlab\vms_works\nx_open-build\dependencies\udt\udt.vcxproj]
C:\Users\zaidw\devlab\vms_works\nx_open\artifacts\udt\src\udt\core.cpp(1596,39): warning C4244:         with [C:\Users\zaidw\devlab\vms_works\nx_open-build\dependencies\udt\udt.vcxproj]
C:\Users\zaidw\devlab\vms_works\nx_open\artifacts\udt\src\udt\core.cpp(1596,39): warning C4244:         [ [C:\Users\zaidw\devlab\vms_works\nx_open-build\dependencies\udt\udt.vcxproj]
C:\Users\zaidw\devlab\vms_works\nx_open\artifacts\udt\src\udt\core.cpp(1596,39): warning C4244:             _Rep=__int64 [C:\Users\zaidw\devlab\vms_works\nx_open-build\dependencies\udt\udt.vcxproj]
C:\Users\zaidw\devlab\vms_works\nx_open\artifacts\udt\src\udt\core.cpp(1596,39): warning C4244:         ] [C:\Users\zaidw\devlab\vms_works\nx_open-build\dependencies\udt\udt.vcxproj]
09:58:15.144    29>C:\Users\zaidw\devlab\vms_works\nx_open\artifacts\udt\src\udt\core.cpp(1597,42): warning C4244: '=': conversion from '_Rep' to 'int32_t', possible loss of data [C:\Users\zaidw\devlab\vms_works\nx_open-build\dependencies\udt\udt.vcxproj]
C:\Users\zaidw\devlab\vms_works\nx_open\artifacts\udt\src\udt\core.cpp(1597,42): warning C4244:         with [C:\Users\zaidw\devlab\vms_works\nx_open-build\dependencies\udt\udt.vcxproj]
C:\Users\zaidw\devlab\vms_works\nx_open\artifacts\udt\src\udt\core.cpp(1597,42): warning C4244:         [ [C:\Users\zaidw\devlab\vms_works\nx_open-build\dependencies\udt\udt.vcxproj]
C:\Users\zaidw\devlab\vms_works\nx_open\artifacts\udt\src\udt\core.cpp(1597,42): warning C4244:             _Rep=__int64 [C:\Users\zaidw\devlab\vms_works\nx_open-build\dependencies\udt\udt.vcxproj]
C:\Users\zaidw\devlab\vms_works\nx_open\artifacts\udt\src\udt\core.cpp(1597,42): warning C4244:         ] [C:\Users\zaidw\devlab\vms_works\nx_open-build\dependencies\udt\udt.vcxproj]
09:58:10.380    14>Project "C:\Users\zaidw\devlab\vms_works\nx_open-build\vms\client\applauncher\applauncher.vcxproj" (14) is building "C:\Users\zaidw\devlab\vms_works\nx_open-build\dependencies\qtsinglecoreapplication\qtsinglecoreapplication.vcxproj" (37) on node 1 (default targets).
09:58:15.719    37>PrepareForBuild:
                     Creating directory "qtsinglecoreapplication.dir\Release\".
                     Structured output is enabled. The formatting of compiler diagnostics will reflect the error hierarchy. See https://aka.ms/cpp/structured-output for more details.
                     Creating directory "C:\Users\zaidw\devlab\vms_works\nx_open-build\dependencies\qtsinglecoreapplication\Release\".
                     Creating directory "qtsinglecoreapplication.dir\Release\qtsingle.65250C9F.tlog\".
                   InitializeBuildStatus:
                     Creating "qtsinglecoreapplication.dir\Release\qtsingle.65250C9F.tlog\unsuccessfulbuild" because "AlwaysCreate" was specified.
                     Touching "qtsinglecoreapplication.dir\Release\qtsingle.65250C9F.tlog\unsuccessfulbuild".
09:58:16.530    29>C:\Users\zaidw\devlab\vms_works\nx_open\artifacts\udt\src\udt\epoll\epoll_win32.cpp(115,38): warning C4244: '=': conversion from '_Rep' to 'long', possible loss of data [C:\Users\zaidw\devlab\vms_works\nx_open-build\dependencies\udt\udt.vcxproj]
C:\Users\zaidw\devlab\vms_works\nx_open\artifacts\udt\src\udt\epoll\epoll_win32.cpp(115,38): warning C4244:         with [C:\Users\zaidw\devlab\vms_works\nx_open-build\dependencies\udt\udt.vcxproj]
C:\Users\zaidw\devlab\vms_works\nx_open\artifacts\udt\src\udt\epoll\epoll_win32.cpp(115,38): warning C4244:         [ [C:\Users\zaidw\devlab\vms_works\nx_open-build\dependencies\udt\udt.vcxproj]
C:\Users\zaidw\devlab\vms_works\nx_open\artifacts\udt\src\udt\epoll\epoll_win32.cpp(115,38): warning C4244:             _Rep=__int64 [C:\Users\zaidw\devlab\vms_works\nx_open-build\dependencies\udt\udt.vcxproj]
C:\Users\zaidw\devlab\vms_works\nx_open\artifacts\udt\src\udt\epoll\epoll_win32.cpp(115,38): warning C4244:         ] [C:\Users\zaidw\devlab\vms_works\nx_open-build\dependencies\udt\udt.vcxproj]
09:58:16.530    29>C:\Users\zaidw\devlab\vms_works\nx_open\artifacts\udt\src\udt\epoll\epoll_win32.cpp(116,78): warning C4244: '=': conversion from '_Rep' to 'long', possible loss of data [C:\Users\zaidw\devlab\vms_works\nx_open-build\dependencies\udt\udt.vcxproj]
C:\Users\zaidw\devlab\vms_works\nx_open\artifacts\udt\src\udt\epoll\epoll_win32.cpp(116,78): warning C4244:         with [C:\Users\zaidw\devlab\vms_works\nx_open-build\dependencies\udt\udt.vcxproj]
C:\Users\zaidw\devlab\vms_works\nx_open\artifacts\udt\src\udt\epoll\epoll_win32.cpp(116,78): warning C4244:         [ [C:\Users\zaidw\devlab\vms_works\nx_open-build\dependencies\udt\udt.vcxproj]
C:\Users\zaidw\devlab\vms_works\nx_open\artifacts\udt\src\udt\epoll\epoll_win32.cpp(116,78): warning C4244:             _Rep=__int64 [C:\Users\zaidw\devlab\vms_works\nx_open-build\dependencies\udt\udt.vcxproj]
C:\Users\zaidw\devlab\vms_works\nx_open\artifacts\udt\src\udt\epoll\epoll_win32.cpp(116,78): warning C4244:         ] [C:\Users\zaidw\devlab\vms_works\nx_open-build\dependencies\udt\udt.vcxproj]
09:58:16.546    29>C:\Users\zaidw\devlab\vms_works\nx_open\artifacts\udt\src\udt\epoll\epoll_win32.cpp(254,37): warning C4996: 'inet_addr': Use inet_pton() or InetPton() instead or define _WINSOCK_DEPRECATED_NO_WARNINGS to disable deprecated API warnings [C:\Users\zaidw\devlab\vms_works\nx_open-build\dependencies\udt\udt.vcxproj]
09:58:16.577    29>C:\Users\zaidw\devlab\vms_works\nx_open\artifacts\udt\src\udt\api.cpp(241,42): warning C4244: '=': conversion from 'int' to 'ADDRESS_FAMILY', possible loss of data [C:\Users\zaidw\devlab\vms_works\nx_open-build\dependencies\udt\udt.vcxproj]
09:58:11.080    27>ClCompile:
                     active_setting_changed_response.cpp
09:58:16.680    29>C:\Users\zaidw\devlab\vms_works\nx_open\artifacts\udt\src\udt\api.cpp(1245,14): warning C4456: declaration of 'result' hides previous local declaration [C:\Users\zaidw\devlab\vms_works\nx_open-build\dependencies\udt\udt.vcxproj]
09:58:16.680    29>    C:\Users\zaidw\devlab\vms_works\nx_open\artifacts\udt\src\udt\api.cpp(1231,10):
    see declaration of 'result'

09:58:11.080    27>ClCompile:
                     attribute.cpp
                     device_info.cpp
09:58:16.974    27>C:\Users\zaidw\devlab\vms_works\nx_open\vms\libs\nx_sdk\src\nx\sdk\cloud_storage\helpers\data.cpp(728,26): warning C4244: '=': conversion from 'int64_t' to 'int', possible loss of data [C:\Users\zaidw\devlab\vms_works\nx_open-build\vms\libs\nx_sdk\nx_sdk.vcxproj]
09:58:17.055    27>C:\Users\zaidw\devlab\vms_works\nx_open\vms\libs\nx_sdk\src\nx\sdk\cloud_storage\helpers\data.cpp(782,20): warning C4244: '=': conversion from 'int64_t' to 'double', possible loss of data [C:\Users\zaidw\devlab\vms_works\nx_open-build\vms\libs\nx_sdk\nx_sdk.vcxproj]
09:58:17.057    27>C:\Users\zaidw\devlab\vms_works\nx_open\vms\libs\nx_sdk\src\nx\sdk\cloud_storage\helpers\data.cpp(783,20): warning C4244: '=': conversion from 'int64_t' to 'double', possible loss of data [C:\Users\zaidw\devlab\vms_works\nx_open-build\vms\libs\nx_sdk\nx_sdk.vcxproj]
09:58:17.057    27>C:\Users\zaidw\devlab\vms_works\nx_open\vms\libs\nx_sdk\src\nx\sdk\cloud_storage\helpers\data.cpp(784,20): warning C4244: '=': conversion from 'int64_t' to 'double', possible loss of data [C:\Users\zaidw\devlab\vms_works\nx_open-build\vms\libs\nx_sdk\nx_sdk.vcxproj]
09:58:17.057    27>C:\Users\zaidw\devlab\vms_works\nx_open\vms\libs\nx_sdk\src\nx\sdk\cloud_storage\helpers\data.cpp(785,20): warning C4244: '=': conversion from 'int64_t' to 'double', possible loss of data [C:\Users\zaidw\devlab\vms_works\nx_open-build\vms\libs\nx_sdk\nx_sdk.vcxproj]
09:58:17.059    27>C:\Users\zaidw\devlab\vms_works\nx_open\vms\libs\nx_sdk\src\nx\sdk\cloud_storage\helpers\data.cpp(826,28): warning C4458: declaration of 'x' hides class member [C:\Users\zaidw\devlab\vms_works\nx_open-build\vms\libs\nx_sdk\nx_sdk.vcxproj]
09:58:15.762    37>CustomBuild:
                     Generating __/__/artifacts/qt-solutions/qtsingleapplication/src/moc_qtsinglecoreapplication.cpp
09:58:11.080    27>ClCompile:
                         C:\Users\zaidw\devlab\vms_works\nx_open\vms\libs\nx_sdk\src\nx\sdk\cloud_storage\helpers\data.h(321,12):
                         see declaration of 'nx::sdk::cloud_storage::Rect::x'
                     
09:58:17.073    27>C:\Users\zaidw\devlab\vms_works\nx_open\vms\libs\nx_sdk\src\nx\sdk\cloud_storage\helpers\data.cpp(826,38): warning C4458: declaration of 'y' hides class member [C:\Users\zaidw\devlab\vms_works\nx_open-build\vms\libs\nx_sdk\nx_sdk.vcxproj]
                         C:\Users\zaidw\devlab\vms_works\nx_open\vms\libs\nx_sdk\src\nx\sdk\cloud_storage\helpers\data.h(322,12):
                         see declaration of 'nx::sdk::cloud_storage::Rect::y'
                     
09:58:17.075    27>C:\Users\zaidw\devlab\vms_works\nx_open\vms\libs\nx_sdk\src\nx\sdk\cloud_storage\helpers\data.cpp(1087,27): warning C4244: '=': conversion from 'double' to 'float', possible loss of data [C:\Users\zaidw\devlab\vms_works\nx_open-build\vms\libs\nx_sdk\nx_sdk.vcxproj]
09:58:17.075    27>C:\Users\zaidw\devlab\vms_works\nx_open\vms\libs\nx_sdk\src\nx\sdk\cloud_storage\helpers\data.cpp(1519,30): warning C4244: '=': conversion from 'int64_t' to 'int', possible loss of data [C:\Users\zaidw\devlab\vms_works\nx_open-build\vms\libs\nx_sdk\nx_sdk.vcxproj]
09:58:17.123    27>C:\Users\zaidw\devlab\vms_works\nx_open\vms\libs\nx_sdk\src\nx\sdk\cloud_storage\helpers\data.cpp(1692,24): warning C4244: '=': conversion from 'int64_t' to 'int', possible loss of data [C:\Users\zaidw\devlab\vms_works\nx_open-build\vms\libs\nx_sdk\nx_sdk.vcxproj]
09:58:17.123    27>C:\Users\zaidw\devlab\vms_works\nx_open\vms\libs\nx_sdk\src\nx\sdk\cloud_storage\helpers\data.cpp(1693,25): warning C4244: '=': conversion from 'int64_t' to 'int', possible loss of data [C:\Users\zaidw\devlab\vms_works\nx_open-build\vms\libs\nx_sdk\nx_sdk.vcxproj]
09:58:17.123    27>C:\Users\zaidw\devlab\vms_works\nx_open\vms\libs\nx_sdk\src\nx\sdk\cloud_storage\helpers\data.cpp(1696,27): warning C4244: '=': conversion from 'int64_t' to 'int', possible loss of data [C:\Users\zaidw\devlab\vms_works\nx_open-build\vms\libs\nx_sdk\nx_sdk.vcxproj]
09:58:17.123    27>C:\Users\zaidw\devlab\vms_works\nx_open\vms\libs\nx_sdk\src\nx\sdk\cloud_storage\helpers\data.cpp(1697,28): warning C4244: '=': conversion from 'int64_t' to 'int', possible loss of data [C:\Users\zaidw\devlab\vms_works\nx_open-build\vms\libs\nx_sdk\nx_sdk.vcxproj]
09:58:17.123    27>C:\Users\zaidw\devlab\vms_works\nx_open\vms\libs\nx_sdk\src\nx\sdk\cloud_storage\helpers\data.cpp(1698,29): warning C4244: '=': conversion from 'int64_t' to 'int', possible loss of data [C:\Users\zaidw\devlab\vms_works\nx_open-build\vms\libs\nx_sdk\nx_sdk.vcxproj]
09:58:17.125    27>C:\Users\zaidw\devlab\vms_works\nx_open\vms\libs\nx_sdk\src\nx\sdk\cloud_storage\helpers\data.cpp(1699,29): warning C4244: '=': conversion from 'int64_t' to 'int', possible loss of data [C:\Users\zaidw\devlab\vms_works\nx_open-build\vms\libs\nx_sdk\nx_sdk.vcxproj]
09:58:17.125    27>C:\Users\zaidw\devlab\vms_works\nx_open\vms\libs\nx_sdk\src\nx\sdk\cloud_storage\helpers\data.cpp(1701,37): warning C4244: '=': conversion from 'int64_t' to 'int', possible loss of data [C:\Users\zaidw\devlab\vms_works\nx_open-build\vms\libs\nx_sdk\nx_sdk.vcxproj]
09:58:17.125    27>C:\Users\zaidw\devlab\vms_works\nx_open\vms\libs\nx_sdk\src\nx\sdk\cloud_storage\helpers\data.cpp(1703,32): warning C4244: '=': conversion from 'int64_t' to 'int', possible loss of data [C:\Users\zaidw\devlab\vms_works\nx_open-build\vms\libs\nx_sdk\nx_sdk.vcxproj]
09:58:17.227    29>C:\Users\zaidw\devlab\vms_works\nx_open\artifacts\udt\src\udt\queue.cpp(797,23): warning C4456: declaration of 'u' hides previous local declaration [C:\Users\zaidw\devlab\vms_works\nx_open-build\dependencies\udt\udt.vcxproj]
09:58:17.227    29>    C:\Users\zaidw\devlab\vms_works\nx_open\artifacts\udt\src\udt\queue.cpp(781,18):
    see declaration of 'u'

09:58:11.080    27>ClCompile:
                     error.cpp
                     lib_context.cpp
09:58:17.784    22>C:\Users\zaidw\devlab\vms_works\nx_open\artifacts\quazip\quazip\quazipfile.cpp(240,41): warning C4458: declaration of 'zipError' hides class member [C:\Users\zaidw\devlab\vms_works\nx_open-build\dependencies\quazip\quazip.vcxproj]
09:58:17.869    22>    C:\Users\zaidw\devlab\vms_works\nx_open\artifacts\quazip\quazip\quazipfile.cpp(68,9):
    see declaration of 'QuaZipFilePrivate::zipError'

09:58:11.080    27>ClCompile:
                     log_utils.cpp
                     media_stream_statistics.cpp
                     plugin_diagnostic_event.cpp
                     settings_response.cpp
                     string.cpp
                     string_list.cpp
09:58:18.139    17>MakeDirsForLink:
                     Creating directory "C:\Users\zaidw\devlab\vms_works\nx_open-build\libs\nx_branding\Release\".
                   Link:
                     C:\Program Files\Microsoft Visual Studio\2022\Community\VC\Tools\MSVC\14.38.33130\bin\HostX64\x64\link.exe /ERRORREPORT:QUEUE /OUT:"C:\Users\zaidw\devlab\vms_works\nx_open-build\bin\Release\nx_branding.dll" /INCREMENTAL:NO /NOLOGO /LIBPATH:"C:/Users/zaidw/devlab/vms_works/nx_open-build/lib" /LIBPATH:"C:/Users/zaidw/devlab/vms_works/nx_open-build/lib/Release" ..\..\.conan_short\d20242\1\lib\Qt6Cored.lib mpr.lib userenv.lib kernel32.lib user32.lib gdi32.lib winspool.lib shell32.lib ole32.lib oleaut32.lib uuid.lib comdlg32.lib advapi32.lib /MANIFEST /MANIFESTUAC:"level='asInvoker' uiAccess='false'" /manifest:embed /DEBUG /PDB:"C:/Users/zaidw/devlab/vms_works/nx_open-build/bin/Release/nx_branding.pdb" /SUBSYSTEM:CONSOLE /LARGEADDRESSAWARE /OPT:NOREF /TLBID:1 /DYNAMICBASE /NXCOMPAT /IMPLIB:"C:/Users/zaidw/devlab/vms_works/nx_open-build/libs/nx_branding/Release/nx_branding.lib" /MACHINE:X64  /machine:x64 /ignore:4221 /DLL nx_branding.dir\Release\branding_proxy.obj
                     nx_branding.dir\Release\branding.obj
                     nx_branding.dir\Release\moc_branding.obj
                     nx_branding.dir\Release\moc_branding_proxy.obj
09:58:18.470    27>C:\Users\zaidw\devlab\vms_works\nx_open\vms\libs\nx_sdk\src\nx\sdk\cloud_storage\helpers\algorithm.cpp(58,33): warning C4244: '=': conversion from 'double' to 'int', possible loss of data [C:\Users\zaidw\devlab\vms_works\nx_open-build\vms\libs\nx_sdk\nx_sdk.vcxproj]
09:58:18.470    27>C:\Users\zaidw\devlab\vms_works\nx_open\vms\libs\nx_sdk\src\nx\sdk\cloud_storage\helpers\algorithm.cpp(61,31): warning C4244: '=': conversion from 'double' to 'int', possible loss of data [C:\Users\zaidw\devlab\vms_works\nx_open-build\vms\libs\nx_sdk\nx_sdk.vcxproj]
09:58:18.515    27>C:\Users\zaidw\devlab\vms_works\nx_open\vms\libs\nx_sdk\src\nx\sdk\cloud_storage\helpers\algorithm.cpp(365,10): warning C4459: declaration of 'last' hides global declaration [C:\Users\zaidw\devlab\vms_works\nx_open-build\vms\libs\nx_sdk\nx_sdk.vcxproj]
09:58:18.515    27>    C:\Program Files\Microsoft Visual Studio\2022\Community\VC\Tools\MSVC\14.38.33130\include\chrono(179,44):
    see declaration of 'std::chrono::last'

09:58:18.522    27>C:\Users\zaidw\devlab\vms_works\nx_open\vms\libs\nx_sdk\src\nx\sdk\cloud_storage\helpers\algorithm.cpp(494,10): warning C4459: declaration of 'last' hides global declaration [C:\Users\zaidw\devlab\vms_works\nx_open-build\vms\libs\nx_sdk\nx_sdk.vcxproj]
                         C:\Program Files\Microsoft Visual Studio\2022\Community\VC\Tools\MSVC\14.38.33130\include\chrono(179,44):
                         see declaration of 'std::chrono::last'
                     
09:58:18.526    27>C:\Users\zaidw\devlab\vms_works\nx_open\vms\libs\nx_sdk\src\nx\sdk\cloud_storage\helpers\algorithm.cpp(544,30): warning C4244: 'argument': conversion from 'float' to 'unsigned __int64', possible loss of data [C:\Users\zaidw\devlab\vms_works\nx_open-build\vms\libs\nx_sdk\nx_sdk.vcxproj]
                     string_map.cpp
09:58:10.477    20>ClCompile:
                     C:\Program Files\Microsoft Visual Studio\2022\Community\VC\Tools\MSVC\14.38.33130\bin\HostX64\x64\CL.exe /c /IC:\Users\zaidw\devlab\vms_works\nx_open\libs\nx_reflect\src /IC:\Users\zaidw\devlab\vms_works\nx_open\libs\nx_preprocessor\src /Z7 /nologo /W4 /WX- /diagnostics:column /MP /O2 /Ob2 /D _WINDLL /D _MBCS /D WIN32 /D _WINDOWS /D NDEBUG /D "NX_REFLECT_API=__declspec(dllexport)" /D __STDC_CONSTANT_MACROS /D ENABLE_SSL /D BOOST_BIND_NO_PLACEHOLDERS /D _SILENCE_CXX17_ITERATOR_BASE_CLASS_DEPRECATION_WARNING /D QT_NO_EXCEPTIONS /D RAPIDJSON_HAS_STDSTRING /D BOOST_NO_CXX98_FUNCTION_BASE /D _CRT_RAND_S /D _WINSOCKAPI_= /D NOMINMAX= /D UNICODE /D WIN32_LEAN_AND_MEAN /D _DISABLE_CONSTEXPR_MUTEX_CONSTRUCTOR /D NX_FORCE_EXPORT= /D QT_QML_DEBUG /D _SILENCE_CXX17_OLD_ALLOCATOR_MEMBERS_DEPRECATION_WARNING /D _SILENCE_CXX17_ALLOCATOR_VOID_DEPRECATION_WARNING /D _CRT_SECURE_NO_WARNINGS /D _CRT_NONSTDC_NO_DEPRECATE /D _SCL_SECURE_NO_WARNINGS /D _LIBCPP_ENABLE_CXX17_REMOVED_UNARY_BINARY_FUNCTION /D NOGDI= /D "CMAKE_INTDIR=\"Release\"" /D nx_reflect_EXPORTS /Zc:preprocessor /EHsc /MD /GS /fp:precise /Zc:wchar_t /Zc:forScope /Zc:inline /std:c++20 /Fo"nx_reflect.dir\Release\/src/nx/reflect/json/serializer.cpp.obj" /Fd"nx_reflect.dir\Release\vc143.pdb" /external:W0 /Gd /TP /wd4100 /wd4702 /wd4267 /wd4251 /wd4275 /wd5054 /wd4250 /wd5105 /wd26444 /errorReport:queue /we4717 /we4150 /we4172 /we4715 /we4005 /we4806 /we4099 /we5038  /external:I "C:/Users/zaidw/devlab/vms_works/nx_open-build/.conan_short/d8731c/1/include" /external:I "C:/Users/zaidw/devlab/vms_works/nx_open-build/.conan/data/rapidjson/cci.20230929/_/_/package/5ab84d6acfe1f23c4fae0ab88f26e3a396351ac9/include" /bigobj C:\Users\zaidw\devlab\vms_works\nx_open\libs\nx_reflect\src\nx\reflect\json\serializer.cpp
09:58:11.080    27>ClCompile:
                     to_string.cpp
                     uuid_helper.cpp
09:58:18.147    17>Link:
                        Creating library C:/Users/zaidw/devlab/vms_works/nx_open-build/libs/nx_branding/Release/nx_branding.lib and object C:/Users/zaidw/devlab/vms_works/nx_open-build/libs/nx_branding/Release/nx_branding.exp
09:58:15.762    37>CustomBuild:
                     Generating __/__/artifacts/qt-solutions/qtsingleapplication/src/moc_qtlocalpeer.cpp
09:58:19.999    27>C:\Users\zaidw\devlab\vms_works\nx_open\vms\libs\nx_sdk\src\nx\sdk\cloud_storage\helpers\algorithm.cpp(608): warning C4701: potentially uninitialized local variable 'c' used [C:\Users\zaidw\devlab\vms_works\nx_open-build\vms\libs\nx_sdk\nx_sdk.vcxproj]
                   CustomBuild:
                     Building Custom Rule C:/Users/zaidw/devlab/vms_works/nx_open/dependencies/qtsinglecoreapplication/CMakeLists.txt
09:58:10.477    20>ClCompile:
                     serializer.cpp
09:58:20.953    37>ClCompile:
                     C:\Program Files\Microsoft Visual Studio\2022\Community\VC\Tools\MSVC\14.38.33130\bin\HostX64\x64\CL.exe /c /I"C:\Users\zaidw\devlab\vms_works\nx_open\artifacts\qt-solutions\qtsingleapplication\src" /Z7 /nologo /W4 /WX- /diagnostics:column /MP /O2 /Ob2 /D _UNICODE /D UNICODE /D WIN32 /D _WINDOWS /D NDEBUG /D __STDC_CONSTANT_MACROS /D ENABLE_SSL /D BOOST_BIND_NO_PLACEHOLDERS /D _SILENCE_CXX17_ITERATOR_BASE_CLASS_DEPRECATION_WARNING /D QT_NO_EXCEPTIONS /D RAPIDJSON_HAS_STDSTRING /D BOOST_NO_CXX98_FUNCTION_BASE /D _CRT_RAND_S /D _WINSOCKAPI_= /D NOMINMAX= /D UNICODE /D WIN32_LEAN_AND_MEAN /D _DISABLE_CONSTEXPR_MUTEX_CONSTRUCTOR /D NX_FORCE_EXPORT= /D QT_QML_DEBUG /D _SILENCE_CXX17_OLD_ALLOCATOR_MEMBERS_DEPRECATION_WARNING /D _SILENCE_CXX17_ALLOCATOR_VOID_DEPRECATION_WARNING /D _CRT_SECURE_NO_WARNINGS /D _CRT_NONSTDC_NO_DEPRECATE /D _SCL_SECURE_NO_WARNINGS /D QT_NETWORK_LIB /D QT_CORE_LIB /D _ENABLE_EXTENDED_ALIGNED_STORAGE /D WIN64 /D _WIN64 /D _UNICODE /D "CMAKE_INTDIR=\"Release\"" /Zc:preprocessor /EHsc /MD /GS /fp:precise /Zc:wchar_t /Zc:forScope /Zc:inline /std:c++20 /permissive- /Fo"qtsinglecoreapplication.dir\Release\\" /Fd"C:\Users\zaidw\devlab\vms_works\nx_open-build\dependencies\qtsinglecoreapplication\Release\qtsinglecoreapplication.pdb" /external:W0 /Gd /TP /wd4100 /wd4702 /wd4267 /wd4251 /wd4275 /wd5054 /wd4250 /wd5105 /wd26444 /errorReport:queue /we4717 /we4150 /we4172 /we4715 /we4005 /we4806 /we4099 /we5038  /external:I "C:/Users/zaidw/devlab/vms_works/nx_open-build/.conan_short/d20242/1/include/QtNetwork" /external:I "C:/Users/zaidw/devlab/vms_works/nx_open-build/.conan_short/d20242/1/include" /external:I "C:/Users/zaidw/devlab/vms_works/nx_open-build/.conan_short/d20242/1/include/QtCore" /external:I "C:/Users/zaidw/devlab/vms_works/nx_open-build/.conan_short/d20242/1/mkspecs/win32-msvc" /bigobj -Zc:__cplusplus -utf-8 "C:\Users\zaidw\devlab\vms_works\nx_open\artifacts\qt-solutions\qtsingleapplication\src\qtsinglecoreapplication.cpp" "C:\Users\zaidw\devlab\vms_works\nx_open\artifacts\qt-solutions\qtsingleapplication\src\qtlocalpeer.cpp" "C:\Users\zaidw\devlab\vms_works\nx_open-build\dependencies\qtsinglecoreapplication\__\__\artifacts\qt-solutions\qtsingleapplication\src\moc_qtsinglecoreapplication.cpp" "C:\Users\zaidw\devlab\vms_works\nx_open-build\dependencies\qtsinglecoreapplication\__\__\artifacts\qt-solutions\qtsingleapplication\src\moc_qtlocalpeer.cpp"
                     qtsinglecoreapplication.cpp
                     qtlocalpeer.cpp
                     moc_qtsinglecoreapplication.cpp
                     moc_qtlocalpeer.cpp
09:58:18.147    17>Link:
                     nx_branding.vcxproj -> C:\Users\zaidw\devlab\vms_works\nx_open-build\bin\Release\nx_branding.dll
                   FinalizeBuildStatus:
                     Deleting file "nx_branding.dir\Release\nx_branding.tlog\unsuccessfulbuild".
                     Touching "nx_branding.dir\Release\nx_branding.tlog\nx_branding.lastbuildstate".
09:58:21.353    17>Done Building Project "C:\Users\zaidw\devlab\vms_works\nx_open-build\libs\nx_branding\nx_branding.vcxproj" (default targets).
09:58:10.371    13>Project "C:\Users\zaidw\devlab\vms_works\nx_open-build\vms\libs\appserver2\unit_tests\appserver2_ut.vcxproj" (13) is building "C:\Users\zaidw\devlab\vms_works\nx_open-build\artifacts\googletest\googlemock\gmock.vcxproj" (38) on node 4 (default targets).
09:58:21.436    38>PrepareForBuild:
                     Structured output is enabled. The formatting of compiler diagnostics will reflect the error hierarchy. See https://aka.ms/cpp/structured-output for more details.
                   InitializeBuildStatus:
                     Touching "gmock.dir\Release\gmock.tlog\unsuccessfulbuild".
09:58:10.371    13>Project "C:\Users\zaidw\devlab\vms_works\nx_open-build\vms\libs\appserver2\unit_tests\appserver2_ut.vcxproj" (13) is building "C:\Users\zaidw\devlab\vms_works\nx_open-build\artifacts\googletest\googlemock\gmock_main.vcxproj" (39) on node 3 (default targets).
09:58:21.486    39>PrepareForBuild:
                     Creating directory "gmock_main.dir\Release\".
                     Structured output is enabled. The formatting of compiler diagnostics will reflect the error hierarchy. See https://aka.ms/cpp/structured-output for more details.
                     Creating directory "gmock_main.dir\Release\gmock_main.tlog\".
                   InitializeBuildStatus:
                     Creating "gmock_main.dir\Release\gmock_main.tlog\unsuccessfulbuild" because "AlwaysCreate" was specified.
                     Touching "gmock_main.dir\Release\gmock_main.tlog\unsuccessfulbuild".
09:58:21.452    38>CustomBuild:
                     All outputs are up-to-date.
                   ClCompile:
                     C:\Program Files\Microsoft Visual Studio\2022\Community\VC\Tools\MSVC\14.38.33130\bin\HostX64\x64\CL.exe /c /IC:\Users\zaidw\devlab\vms_works\nx_open\artifacts\googletest\googlemock\include /IC:\Users\zaidw\devlab\vms_works\nx_open\artifacts\googletest\googlemock /IC:\Users\zaidw\devlab\vms_works\nx_open\artifacts\googletest\googletest\include /IC:\Users\zaidw\devlab\vms_works\nx_open\artifacts\googletest\googletest /Z7 /nologo /W4 /WX /diagnostics:column /MP /O2 /Ob2 /D _UNICODE /D UNICODE /D WIN32 /D _WINDOWS /D NDEBUG /D _UNICODE /D UNICODE /D _WIN32 /D STRICT /D WIN32_LEAN_AND_MEAN /D GTEST_HAS_PTHREAD=0 /D _HAS_EXCEPTIONS=1 /D __STDC_CONSTANT_MACROS /D ENABLE_SSL /D BOOST_BIND_NO_PLACEHOLDERS /D _SILENCE_CXX17_ITERATOR_BASE_CLASS_DEPRECATION_WARNING /D QT_NO_EXCEPTIONS /D RAPIDJSON_HAS_STDSTRING /D BOOST_NO_CXX98_FUNCTION_BASE /D _CRT_RAND_S /D _WINSOCKAPI_= /D NOMINMAX= /D _DISABLE_CONSTEXPR_MUTEX_CONSTRUCTOR /D NX_FORCE_EXPORT= /D QT_QML_DEBUG /D _SILENCE_CXX17_OLD_ALLOCATOR_MEMBERS_DEPRECATION_WARNING /D _SILENCE_CXX17_ALLOCATOR_VOID_DEPRECATION_WARNING /D _CRT_SECURE_NO_WARNINGS /D _CRT_NONSTDC_NO_DEPRECATE /D _SCL_SECURE_NO_WARNINGS /D "CMAKE_INTDIR=\"Release\"" /Zc:preprocessor /EHsc /MD /GS /fp:precise /Zc:wchar_t /Zc:forScope /Zc:inline /std:c++20 /Fo"gmock.dir\Release\\" /Fd"C:\Users\zaidw\devlab\vms_works\nx_open-build\bin\Release\gmock.pdb" /external:W4 /Gd /TP /wd4251 /wd4275 /wd4702 /wd4100 /wd4702 /wd4267 /wd4251 /wd4275 /wd5054 /wd4250 /wd5105 /wd26444 /errorReport:queue /we4717 /we4150 /we4172 /we4715 /we4005 /we4806 /we4099 /we5038  -J -utf-8 /bigobj "C:\Users\zaidw\devlab\vms_works\nx_open\artifacts\googletest\googletest\src\gtest-all.cc" "C:\Users\zaidw\devlab\vms_works\nx_open\artifacts\googletest\googlemock\src\gmock-all.cc"
09:58:21.494    39>CustomBuild:
                     Building Custom Rule C:/Users/zaidw/devlab/vms_works/nx_open/artifacts/googletest/googlemock/CMakeLists.txt
                   ClCompile:
                     C:\Program Files\Microsoft Visual Studio\2022\Community\VC\Tools\MSVC\14.38.33130\bin\HostX64\x64\CL.exe /c /IC:\Users\zaidw\devlab\vms_works\nx_open\artifacts\googletest\googlemock\include /IC:\Users\zaidw\devlab\vms_works\nx_open\artifacts\googletest\googlemock /IC:\Users\zaidw\devlab\vms_works\nx_open\artifacts\googletest\googletest\include /IC:\Users\zaidw\devlab\vms_works\nx_open\artifacts\googletest\googletest /Z7 /nologo /W4 /WX /diagnostics:column /MP /O2 /Ob2 /D _UNICODE /D UNICODE /D WIN32 /D _WINDOWS /D NDEBUG /D _UNICODE /D UNICODE /D _WIN32 /D STRICT /D WIN32_LEAN_AND_MEAN /D GTEST_HAS_PTHREAD=0 /D _HAS_EXCEPTIONS=1 /D __STDC_CONSTANT_MACROS /D ENABLE_SSL /D BOOST_BIND_NO_PLACEHOLDERS /D _SILENCE_CXX17_ITERATOR_BASE_CLASS_DEPRECATION_WARNING /D QT_NO_EXCEPTIONS /D RAPIDJSON_HAS_STDSTRING /D BOOST_NO_CXX98_FUNCTION_BASE /D _CRT_RAND_S /D _WINSOCKAPI_= /D NOMINMAX= /D _DISABLE_CONSTEXPR_MUTEX_CONSTRUCTOR /D NX_FORCE_EXPORT= /D QT_QML_DEBUG /D _SILENCE_CXX17_OLD_ALLOCATOR_MEMBERS_DEPRECATION_WARNING /D _SILENCE_CXX17_ALLOCATOR_VOID_DEPRECATION_WARNING /D _CRT_SECURE_NO_WARNINGS /D _CRT_NONSTDC_NO_DEPRECATE /D _SCL_SECURE_NO_WARNINGS /D "CMAKE_INTDIR=\"Release\"" /Zc:preprocessor /EHsc /MD /GS /fp:precise /Zc:wchar_t /Zc:forScope /Zc:inline /std:c++20 /Fo"gmock_main.dir\Release\\" /Fd"C:\Users\zaidw\devlab\vms_works\nx_open-build\bin\Release\gmock_main.pdb" /external:W4 /Gd /TP /wd4251 /wd4275 /wd4702 /wd4100 /wd4702 /wd4267 /wd4251 /wd4275 /wd5054 /wd4250 /wd5105 /wd26444 /errorReport:queue /we4717 /we4150 /we4172 /we4715 /we4005 /we4806 /we4099 /we5038  -J -utf-8 /bigobj "C:\Users\zaidw\devlab\vms_works\nx_open\artifacts\googletest\googletest\src\gtest-all.cc" "C:\Users\zaidw\devlab\vms_works\nx_open\artifacts\googletest\googlemock\src\gmock-all.cc" C:\Users\zaidw\devlab\vms_works\nx_open\artifacts\googletest\googlemock\src\gmock_main.cc
09:58:21.544    38>ClCompile:
                     gtest-all.cc
                     gmock-all.cc
09:58:21.640    39>ClCompile:
                     gtest-all.cc
                     gmock-all.cc
                     gmock_main.cc
09:58:21.883    29>MakeDirsForLink:
                     Creating directory "C:\Users\zaidw\devlab\vms_works\nx_open-build\dependencies\udt\Release\".
                   Link:
                     C:\Program Files\Microsoft Visual Studio\2022\Community\VC\Tools\MSVC\14.38.33130\bin\HostX64\x64\link.exe /ERRORREPORT:QUEUE /OUT:"C:\Users\zaidw\devlab\vms_works\nx_open-build\bin\Release\udt.dll" /INCREMENTAL:NO /NOLOGO /LIBPATH:"C:/Users/zaidw/devlab/vms_works/nx_open-build/lib" /LIBPATH:"C:/Users/zaidw/devlab/vms_works/nx_open-build/lib/Release" ws2_32.lib kernel32.lib user32.lib gdi32.lib winspool.lib shell32.lib ole32.lib oleaut32.lib uuid.lib comdlg32.lib advapi32.lib /MANIFEST /MANIFESTUAC:"level='asInvoker' uiAccess='false'" /manifest:embed /DEBUG /PDB:"C:/Users/zaidw/devlab/vms_works/nx_open-build/bin/Release/udt.pdb" /SUBSYSTEM:CONSOLE /LARGEADDRESSAWARE /OPT:NOREF /TLBID:1 /DYNAMICBASE /NXCOMPAT /IMPLIB:"C:/Users/zaidw/devlab/vms_works/nx_open-build/dependencies/udt/Release/udt.lib" /MACHINE:X64  /machine:x64 /ignore:4221 /DLL udt.dir\Release\api.obj
                     udt.dir\Release\cache.obj
                     udt.dir\Release\ccc.obj
                     udt.dir\Release\channel.obj
                     udt.dir\Release\common.obj
                     udt.dir\Release\connection_buffer.obj
                     udt.dir\Release\core.obj
                     udt.dir\Release\epoll.obj
                     udt.dir\Release\epoll_factory.obj
                     udt.dir\Release\epoll_impl.obj
                     udt.dir\Release\epoll_macosx.obj
                     udt.dir\Release\epoll_win32.obj
                     udt.dir\Release\list.obj
                     udt.dir\Release\log.obj
                     udt.dir\Release\md5.obj
                     udt.dir\Release\multiplexer.obj
                     udt.dir\Release\packet.obj
                     udt.dir\Release\queue.obj
                     udt.dir\Release\socket_addresss.obj
                     udt.dir\Release\udt.obj
                     udt.dir\Release\unit_queue.obj
                     udt.dir\Release\window.obj
                        Creating library C:/Users/zaidw/devlab/vms_works/nx_open-build/dependencies/udt/Release/udt.lib and object C:/Users/zaidw/devlab/vms_works/nx_open-build/dependencies/udt/Release/udt.exp
                     udt.vcxproj -> C:\Users\zaidw\devlab\vms_works\nx_open-build\bin\Release\udt.dll
                   FinalizeBuildStatus:
                     Deleting file "udt.dir\Release\udt.tlog\unsuccessfulbuild".
                     Touching "udt.dir\Release\udt.tlog\udt.lastbuildstate".
09:58:22.394    29>Done Building Project "C:\Users\zaidw\devlab\vms_works\nx_open-build\dependencies\udt\udt.vcxproj" (default targets).
09:58:10.557    22>ClCompile:
                     C:\Program Files\Microsoft Visual Studio\2022\Community\VC\Tools\MSVC\14.38.33130\bin\HostX64\x64\CL.exe /c /IC:\Users\zaidw\devlab\vms_works\nx_open\artifacts\quazip\quazip\.. /Z7 /nologo /W4 /WX- /diagnostics:column /MP /O2 /Ob2 /D _WINDLL /D _UNICODE /D UNICODE /D WIN32 /D _WINDOWS /D NDEBUG /D __STDC_CONSTANT_MACROS /D ENABLE_SSL /D BOOST_BIND_NO_PLACEHOLDERS /D _SILENCE_CXX17_ITERATOR_BASE_CLASS_DEPRECATION_WARNING /D QT_NO_EXCEPTIONS /D RAPIDJSON_HAS_STDSTRING /D BOOST_NO_CXX98_FUNCTION_BASE /D _CRT_RAND_S /D _WINSOCKAPI_= /D NOMINMAX= /D UNICODE /D WIN32_LEAN_AND_MEAN /D _DISABLE_CONSTEXPR_MUTEX_CONSTRUCTOR /D NX_FORCE_EXPORT= /D QT_QML_DEBUG /D _SILENCE_CXX17_OLD_ALLOCATOR_MEMBERS_DEPRECATION_WARNING /D _SILENCE_CXX17_ALLOCATOR_VOID_DEPRECATION_WARNING /D _CRT_SECURE_NO_WARNINGS /D _CRT_NONSTDC_NO_DEPRECATE /D _SCL_SECURE_NO_WARNINGS /D QUAZIP_BUILD /D QT_CORE_LIB /D _ENABLE_EXTENDED_ALIGNED_STORAGE /D WIN64 /D _WIN64 /D _UNICODE /D QT_CORE5COMPAT_LIB /D "CMAKE_INTDIR=\"Release\"" /D quazip_EXPORTS /Zc:preprocessor /EHsc /MD /GS /fp:precise /Zc:wchar_t /Zc:forScope /Zc:inline /permissive- /Fo"quazip.dir\Release\\" /Fd"quazip.dir\Release\vc143.pdb" /external:W0 /Gd /TC /wd4100 /wd4702 /wd4267 /wd4251 /wd4275 /wd5054 /wd4250 /wd5105 /wd26444 /errorReport:queue /we4717 /we4150 /we4172 /we4715 /we4005 /we4806 /we4099 /we5038  /external:I "C:/Users/zaidw/devlab/vms_works/nx_open-build/.conan_short/d20242/1/include/QtCore" /external:I "C:/Users/zaidw/devlab/vms_works/nx_open-build/.conan_short/d20242/1/include" /external:I "C:/Users/zaidw/devlab/vms_works/nx_open-build/.conan_short/d20242/1/mkspecs/win32-msvc" /external:I "C:/Users/zaidw/devlab/vms_works/nx_open-build/.conan_short/d20242/1/include/QtCore5Compat" /external:I "C:/Users/zaidw/devlab/vms_works/nx_open-build/.conan/data/zlib/1.2.12/_/_/package/d057732059ea44a47760900cb5e4855d2bea8714/include" /bigobj -Zc:__cplusplus -utf-8 C:\Users\zaidw\devlab\vms_works\nx_open\artifacts\quazip\quazip\unzip.c C:\Users\zaidw\devlab\vms_works\nx_open\artifacts\quazip\quazip\zip.c
                     unzip.c
                     zip.c
09:58:22.711    22>C:\Users\zaidw\devlab\vms_works\nx_open\artifacts\quazip\quazip\unzip.c(1051,23): warning C4456: declaration of 'uL' hides previous local declaration [C:\Users\zaidw\devlab\vms_works\nx_open-build\dependencies\quazip\quazip.vcxproj]
                         C:\Users\zaidw\devlab\vms_works\nx_open\artifacts\quazip\quazip\unzip.c(906,11):
                         see declaration of 'uL'
                     
09:58:22.714    22>C:\Users\zaidw\devlab\vms_works\nx_open\artifacts\quazip\quazip\unzip.c(1757,23): warning C4244: '=': conversion from 'int' to 'char', possible loss of data [C:\Users\zaidw\devlab\vms_works\nx_open-build\dependencies\quazip\quazip.vcxproj]
09:58:22.723    22>C:\Users\zaidw\devlab\vms_works\nx_open\artifacts\quazip\quazip\crypt.h(94,16): warning C4131: 'crypthead': uses old-style declarator [C:\Users\zaidw\devlab\vms_works\nx_open-build\dependencies\quazip\quazip.vcxproj]
                     (compiling source file '../../../nx_open/artifacts/quazip/quazip/zip.c')
                     
09:58:22.723    22>C:\Users\zaidw\devlab\vms_works\nx_open\artifacts\quazip\quazip\crypt.h(130,16): warning C4244: '=': conversion from 'int' to 'unsigned char', possible loss of data [C:\Users\zaidw\devlab\vms_works\nx_open-build\dependencies\quazip\quazip.vcxproj]
                     (compiling source file '../../../nx_open/artifacts/quazip/quazip/zip.c')
                     
09:58:22.723    22>C:\Users\zaidw\devlab\vms_works\nx_open\artifacts\quazip\quazip\crypt.h(131,16): warning C4244: '=': conversion from 'int' to 'unsigned char', possible loss of data [C:\Users\zaidw\devlab\vms_works\nx_open-build\dependencies\quazip\quazip.vcxproj]
                     (compiling source file '../../../nx_open/artifacts/quazip/quazip/zip.c')
                     
09:58:22.729    22>C:\Users\zaidw\devlab\vms_works\nx_open\artifacts\quazip\quazip\zip.c(1413,39): warning C4244: '=': conversion from 'int' to 'Byte', possible loss of data [C:\Users\zaidw\devlab\vms_works\nx_open-build\dependencies\quazip\quazip.vcxproj]
                   MakeDirsForLink:
                     Creating directory "C:\Users\zaidw\devlab\vms_works\nx_open-build\dependencies\quazip\Release\".
                   Link:
                     C:\Program Files\Microsoft Visual Studio\2022\Community\VC\Tools\MSVC\14.38.33130\bin\HostX64\x64\link.exe /ERRORREPORT:QUEUE /OUT:"C:\Users\zaidw\devlab\vms_works\nx_open-build\bin\Release\quazip.dll" /INCREMENTAL:NO /NOLOGO /LIBPATH:"C:/Users/zaidw/devlab/vms_works/nx_open-build/lib" /LIBPATH:"C:/Users/zaidw/devlab/vms_works/nx_open-build/lib/Release" ..\..\.conan_short\d20242\1\lib\Qt6Core5Compatd.lib ..\..\.conan_short\d20242\1\lib\Qt6Cored.lib mpr.lib userenv.lib ..\..\.conan\data\zlib\1.2.12\_\_\package\d057732059ea44a47760900cb5e4855d2bea8714\lib\zlib.lib kernel32.lib user32.lib gdi32.lib winspool.lib shell32.lib ole32.lib oleaut32.lib uuid.lib comdlg32.lib advapi32.lib /MANIFEST /MANIFESTUAC:"level='asInvoker' uiAccess='false'" /manifest:embed /DEBUG /PDB:"C:/Users/zaidw/devlab/vms_works/nx_open-build/bin/Release/quazip.pdb" /SUBSYSTEM:CONSOLE /LARGEADDRESSAWARE /OPT:NOREF /TLBID:1 /DYNAMICBASE /NXCOMPAT /IMPLIB:"C:/Users/zaidw/devlab/vms_works/nx_open-build/dependencies/quazip/Release/quazip.lib" /MACHINE:X64  /machine:x64 /ignore:4221 /DLL quazip.dir\Release\JlCompress.obj
                     quazip.dir\Release\qioapi.obj
                     quazip.dir\Release\quaadler32.obj
                     quazip.dir\Release\quacrc32.obj
                     quazip.dir\Release\quagzipfile.obj
                     quazip.dir\Release\quaziodevice.obj
                     quazip.dir\Release\quazip.obj
                     quazip.dir\Release\quazipdir.obj
                     quazip.dir\Release\quazipfile.obj
                     quazip.dir\Release\quazipfileinfo.obj
                     quazip.dir\Release\quazipnewinfo.obj
                     quazip.dir\Release\unzip.obj
                     quazip.dir\Release\zip.obj
                     quazip.dir\Release\moc_quazipfile.obj
                     quazip.dir\Release\moc_quagzipfile.obj
                     quazip.dir\Release\moc_quaziodevice.obj
09:58:23.177    22>zlib.lib(adler32.obj) : warning LNK4099: PDB '' was not found with 'zlib.lib(adler32.obj)' or at ''; linking object as if no debug info [C:\Users\zaidw\devlab\vms_works\nx_open-build\dependencies\quazip\quazip.vcxproj]
09:58:23.179    22>zlib.lib(crc32.obj) : warning LNK4099: PDB '' was not found with 'zlib.lib(crc32.obj)' or at ''; linking object as if no debug info [C:\Users\zaidw\devlab\vms_works\nx_open-build\dependencies\quazip\quazip.vcxproj]
09:58:23.179    22>zlib.lib(gzlib.obj) : warning LNK4099: PDB '' was not found with 'zlib.lib(gzlib.obj)' or at ''; linking object as if no debug info [C:\Users\zaidw\devlab\vms_works\nx_open-build\dependencies\quazip\quazip.vcxproj]
09:58:23.179    22>zlib.lib(gzread.obj) : warning LNK4099: PDB '' was not found with 'zlib.lib(gzread.obj)' or at ''; linking object as if no debug info [C:\Users\zaidw\devlab\vms_works\nx_open-build\dependencies\quazip\quazip.vcxproj]
09:58:23.179    22>zlib.lib(gzwrite.obj) : warning LNK4099: PDB '' was not found with 'zlib.lib(gzwrite.obj)' or at ''; linking object as if no debug info [C:\Users\zaidw\devlab\vms_works\nx_open-build\dependencies\quazip\quazip.vcxproj]
09:58:23.179    22>zlib.lib(gzclose.obj) : warning LNK4099: PDB '' was not found with 'zlib.lib(gzclose.obj)' or at ''; linking object as if no debug info [C:\Users\zaidw\devlab\vms_works\nx_open-build\dependencies\quazip\quazip.vcxproj]
09:58:23.179    22>zlib.lib(deflate.obj) : warning LNK4099: PDB '' was not found with 'zlib.lib(deflate.obj)' or at ''; linking object as if no debug info [C:\Users\zaidw\devlab\vms_works\nx_open-build\dependencies\quazip\quazip.vcxproj]
09:58:23.179    22>zlib.lib(inflate.obj) : warning LNK4099: PDB '' was not found with 'zlib.lib(inflate.obj)' or at ''; linking object as if no debug info [C:\Users\zaidw\devlab\vms_works\nx_open-build\dependencies\quazip\quazip.vcxproj]
09:58:23.179    22>zlib.lib(zutil.obj) : warning LNK4099: PDB '' was not found with 'zlib.lib(zutil.obj)' or at ''; linking object as if no debug info [C:\Users\zaidw\devlab\vms_works\nx_open-build\dependencies\quazip\quazip.vcxproj]
09:58:23.179    22>zlib.lib(trees.obj) : warning LNK4099: PDB '' was not found with 'zlib.lib(trees.obj)' or at ''; linking object as if no debug info [C:\Users\zaidw\devlab\vms_works\nx_open-build\dependencies\quazip\quazip.vcxproj]
09:58:23.179    22>zlib.lib(inftrees.obj) : warning LNK4099: PDB '' was not found with 'zlib.lib(inftrees.obj)' or at ''; linking object as if no debug info [C:\Users\zaidw\devlab\vms_works\nx_open-build\dependencies\quazip\quazip.vcxproj]
09:58:23.179    22>zlib.lib(inffast.obj) : warning LNK4099: PDB '' was not found with 'zlib.lib(inffast.obj)' or at ''; linking object as if no debug info [C:\Users\zaidw\devlab\vms_works\nx_open-build\dependencies\quazip\quazip.vcxproj]
                        Creating library C:/Users/zaidw/devlab/vms_works/nx_open-build/dependencies/quazip/Release/quazip.lib and object C:/Users/zaidw/devlab/vms_works/nx_open-build/dependencies/quazip/Release/quazip.exp
09:58:23.194    22>LINK : warning LNK4098: defaultlib 'MSVCRTD' conflicts with use of other libs; use /NODEFAULTLIB:library [C:\Users\zaidw\devlab\vms_works\nx_open-build\dependencies\quazip\quazip.vcxproj]
09:58:23.287    27>Lib:
                     C:\Program Files\Microsoft Visual Studio\2022\Community\VC\Tools\MSVC\14.38.33130\bin\HostX64\x64\Lib.exe /OUT:"C:\Users\zaidw\devlab\vms_works\nx_open-build\vms\libs\nx_sdk\Release\nx_sdk.lib" /NOLOGO /MACHINE:X64  /machine:x64 /ignore:4221 nx_sdk.dir\Release\consuming_device_agent.obj
                     nx_sdk.dir\Release\engine.obj
                     nx_sdk.dir\Release\engine_info.obj
                     nx_sdk.dir\Release\event_metadata.obj
                     nx_sdk.dir\Release\event_metadata_packet.obj
                     nx_sdk.dir\Release\metadata_types.obj
                     nx_sdk.dir\Release\object_metadata.obj
                     nx_sdk.dir\Release\object_metadata_packet.obj
                     nx_sdk.dir\Release\object_track_best_shot_packet.obj
                     nx_sdk.dir\Release\object_track_info.obj
                     nx_sdk.dir\Release\pixel_format.obj
                     nx_sdk.dir\Release\plugin.obj
                     nx_sdk.dir\Release\timestamped_object_metadata.obj
                     nx_sdk.dir\Release\algorithm.obj
                     nx_sdk.dir\Release\codec_info.obj
                     nx_sdk.dir\Release\data.obj
                     nx_sdk.dir\Release\device_archive.obj
                     nx_sdk.dir\Release\media_data_packet.obj
                     nx_sdk.dir\Release\time_periods.obj
                     nx_sdk.dir\Release\action_response.obj
                     nx_sdk.dir\Release\active_setting_changed_action.obj
                     nx_sdk.dir\Release\active_setting_changed_response.obj
                     nx_sdk.dir\Release\attribute.obj
                     nx_sdk.dir\Release\device_info.obj
                     nx_sdk.dir\Release\error.obj
                     nx_sdk.dir\Release\lib_context.obj
                     nx_sdk.dir\Release\log_utils.obj
                     nx_sdk.dir\Release\media_stream_statistics.obj
                     nx_sdk.dir\Release\plugin_diagnostic_event.obj
                     nx_sdk.dir\Release\settings_response.obj
                     nx_sdk.dir\Release\string.obj
                     nx_sdk.dir\Release\string_list.obj
                     nx_sdk.dir\Release\string_map.obj
                     nx_sdk.dir\Release\to_string.obj
                     nx_sdk.dir\Release\uuid_helper.obj
09:58:23.017    22>Link:
                     quazip.vcxproj -> C:\Users\zaidw\devlab\vms_works\nx_open-build\bin\Release\quazip.dll
                   FinalizeBuildStatus:
                     Deleting file "quazip.dir\Release\quazip.tlog\unsuccessfulbuild".
                     Touching "quazip.dir\Release\quazip.tlog\quazip.lastbuildstate".
09:58:23.346    22>Done Building Project "C:\Users\zaidw\devlab\vms_works\nx_open-build\dependencies\quazip\quazip.vcxproj" (default targets).
09:58:10.371    13>Project "C:\Users\zaidw\devlab\vms_works\nx_open-build\vms\libs\appserver2\unit_tests\appserver2_ut.vcxproj" (13) is building "C:\Users\zaidw\devlab\vms_works\nx_open-build\artifacts\googletest\googletest\gtest.vcxproj" (40) on node 2 (default targets).
09:58:23.394    40>PrepareForBuild:
                     Creating directory "gtest.dir\Release\".
                     Structured output is enabled. The formatting of compiler diagnostics will reflect the error hierarchy. See https://aka.ms/cpp/structured-output for more details.
                     Creating directory "gtest.dir\Release\gtest.tlog\".
                   InitializeBuildStatus:
                     Creating "gtest.dir\Release\gtest.tlog\unsuccessfulbuild" because "AlwaysCreate" was specified.
                     Touching "gtest.dir\Release\gtest.tlog\unsuccessfulbuild".
                   CustomBuild:
                     Building Custom Rule C:/Users/zaidw/devlab/vms_works/nx_open/artifacts/googletest/googletest/CMakeLists.txt
                   ClCompile:
                     C:\Program Files\Microsoft Visual Studio\2022\Community\VC\Tools\MSVC\14.38.33130\bin\HostX64\x64\CL.exe /c /IC:\Users\zaidw\devlab\vms_works\nx_open\artifacts\googletest\googletest\include /IC:\Users\zaidw\devlab\vms_works\nx_open\artifacts\googletest\googletest /Z7 /nologo /W4 /WX /diagnostics:column /MP /O2 /Ob2 /D _UNICODE /D UNICODE /D WIN32 /D _WINDOWS /D NDEBUG /D _UNICODE /D UNICODE /D _WIN32 /D STRICT /D WIN32_LEAN_AND_MEAN /D GTEST_HAS_PTHREAD=0 /D _HAS_EXCEPTIONS=1 /D __STDC_CONSTANT_MACROS /D ENABLE_SSL /D BOOST_BIND_NO_PLACEHOLDERS /D _SILENCE_CXX17_ITERATOR_BASE_CLASS_DEPRECATION_WARNING /D QT_NO_EXCEPTIONS /D RAPIDJSON_HAS_STDSTRING /D BOOST_NO_CXX98_FUNCTION_BASE /D _CRT_RAND_S /D _WINSOCKAPI_= /D NOMINMAX= /D _DISABLE_CONSTEXPR_MUTEX_CONSTRUCTOR /D NX_FORCE_EXPORT= /D QT_QML_DEBUG /D _SILENCE_CXX17_OLD_ALLOCATOR_MEMBERS_DEPRECATION_WARNING /D _SILENCE_CXX17_ALLOCATOR_VOID_DEPRECATION_WARNING /D _CRT_SECURE_NO_WARNINGS /D _CRT_NONSTDC_NO_DEPRECATE /D _SCL_SECURE_NO_WARNINGS /D "CMAKE_INTDIR=\"Release\"" /Zc:preprocessor /EHsc /MD /GS /fp:precise /Zc:wchar_t /Zc:forScope /Zc:inline /std:c++20 /Fo"gtest.dir\Release\\" /Fd"C:\Users\zaidw\devlab\vms_works\nx_open-build\bin\Release\gtest.pdb" /external:W4 /Gd /TP /wd4251 /wd4275 /wd4702 /wd4100 /wd4702 /wd4267 /wd4251 /wd4275 /wd5054 /wd4250 /wd5105 /wd26444 /errorReport:queue /we4717 /we4150 /we4172 /we4715 /we4005 /we4806 /we4099 /we5038  -J -utf-8 /bigobj "C:\Users\zaidw\devlab\vms_works\nx_open\artifacts\googletest\googletest\src\gtest-all.cc"
09:58:23.287    27>Lib:
                     nx_sdk.vcxproj -> C:\Users\zaidw\devlab\vms_works\nx_open-build\vms\libs\nx_sdk\Release\nx_sdk.lib
09:58:23.518    40>ClCompile:
                     gtest-all.cc
09:58:23.598    27>FinalizeBuildStatus:
                     Deleting file "nx_sdk.dir\Release\nx_sdk.tlog\unsuccessfulbuild".
                     Touching "nx_sdk.dir\Release\nx_sdk.tlog\nx_sdk.lastbuildstate".
09:58:23.599    27>Done Building Project "C:\Users\zaidw\devlab\vms_works\nx_open-build\vms\libs\nx_sdk\nx_sdk.vcxproj" (default targets).
09:58:10.477    20>ClCompile:
                     C:\Program Files\Microsoft Visual Studio\2022\Community\VC\Tools\MSVC\14.38.33130\bin\HostX64\x64\CL.exe /c /IC:\Users\zaidw\devlab\vms_works\nx_open\libs\nx_reflect\src /IC:\Users\zaidw\devlab\vms_works\nx_open\libs\nx_preprocessor\src /Z7 /nologo /W4 /WX- /diagnostics:column /MP /O2 /Ob2 /D _WINDLL /D _MBCS /D WIN32 /D _WINDOWS /D NDEBUG /D "NX_REFLECT_API=__declspec(dllexport)" /D __STDC_CONSTANT_MACROS /D ENABLE_SSL /D BOOST_BIND_NO_PLACEHOLDERS /D _SILENCE_CXX17_ITERATOR_BASE_CLASS_DEPRECATION_WARNING /D QT_NO_EXCEPTIONS /D RAPIDJSON_HAS_STDSTRING /D BOOST_NO_CXX98_FUNCTION_BASE /D _CRT_RAND_S /D _WINSOCKAPI_= /D NOMINMAX= /D UNICODE /D WIN32_LEAN_AND_MEAN /D _DISABLE_CONSTEXPR_MUTEX_CONSTRUCTOR /D NX_FORCE_EXPORT= /D QT_QML_DEBUG /D _SILENCE_CXX17_OLD_ALLOCATOR_MEMBERS_DEPRECATION_WARNING /D _SILENCE_CXX17_ALLOCATOR_VOID_DEPRECATION_WARNING /D _CRT_SECURE_NO_WARNINGS /D _CRT_NONSTDC_NO_DEPRECATE /D _SCL_SECURE_NO_WARNINGS /D _LIBCPP_ENABLE_CXX17_REMOVED_UNARY_BINARY_FUNCTION /D NOGDI= /D "CMAKE_INTDIR=\"Release\"" /D nx_reflect_EXPORTS /Zc:preprocessor /EHsc /MD /GS /fp:precise /Zc:wchar_t /Zc:forScope /Zc:inline /std:c++20 /Fo"nx_reflect.dir\Release\/src/nx/reflect/urlencoded/serializer.cpp.obj" /Fd"nx_reflect.dir\Release\vc143.pdb" /external:W0 /Gd /TP /wd4100 /wd4702 /wd4267 /wd4251 /wd4275 /wd5054 /wd4250 /wd5105 /wd26444 /errorReport:queue /we4717 /we4150 /we4172 /we4715 /we4005 /we4806 /we4099 /we5038  /external:I "C:/Users/zaidw/devlab/vms_works/nx_open-build/.conan_short/d8731c/1/include" /external:I "C:/Users/zaidw/devlab/vms_works/nx_open-build/.conan/data/rapidjson/cci.20230929/_/_/package/5ab84d6acfe1f23c4fae0ab88f26e3a396351ac9/include" /bigobj C:\Users\zaidw\devlab\vms_works\nx_open\libs\nx_reflect\src\nx\reflect\urlencoded\serializer.cpp
09:58:23.677    12>PrepareForBuild:
                     Creating directory "analytics_plugin_ut.dir\Release\".
                     Structured output is enabled. The formatting of compiler diagnostics will reflect the error hierarchy. See https://aka.ms/cpp/structured-output for more details.
                     Creating directory "analytics_plugin_ut.dir\Release\analytic.E6A53993.tlog\".
09:58:10.477    20>ClCompile:
                     serializer.cpp
09:58:23.689    12>InitializeBuildStatus:
                     Creating "analytics_plugin_ut.dir\Release\analytic.E6A53993.tlog\unsuccessfulbuild" because "AlwaysCreate" was specified.
                     Touching "analytics_plugin_ut.dir\Release\analytic.E6A53993.tlog\unsuccessfulbuild".
                   CustomBuild:
                     Building Custom Rule C:/Users/zaidw/devlab/vms_works/nx_open/vms/server/plugins/analytics/unit_tests/CMakeLists.txt
                   ClCompile:
                     C:\Program Files\Microsoft Visual Studio\2022\Community\VC\Tools\MSVC\14.38.33130\bin\HostX64\x64\CL.exe /c /IC:\Users\zaidw\devlab\vms_works\nx_open\vms\server\plugins\analytics\unit_tests\src /IC:\Users\zaidw\devlab\vms_works\nx_open\vms\libs\nx_sdk\src /IC:\Users\zaidw\devlab\vms_works\nx_open\artifacts\nx_kit\src /Z7 /nologo /W4 /WX- /diagnostics:column /MP /O2 /Ob2 /D _MBCS /D WIN32 /D _WINDOWS /D NDEBUG /D __STDC_CONSTANT_MACROS /D ENABLE_SSL /D BOOST_BIND_NO_PLACEHOLDERS /D _SILENCE_CXX17_ITERATOR_BASE_CLASS_DEPRECATION_WARNING /D QT_NO_EXCEPTIONS /D RAPIDJSON_HAS_STDSTRING /D BOOST_NO_CXX98_FUNCTION_BASE /D _CRT_RAND_S /D _WINSOCKAPI_= /D NOMINMAX= /D UNICODE /D WIN32_LEAN_AND_MEAN /D _DISABLE_CONSTEXPR_MUTEX_CONSTRUCTOR /D NX_FORCE_EXPORT= /D QT_QML_DEBUG /D _SILENCE_CXX17_OLD_ALLOCATOR_MEMBERS_DEPRECATION_WARNING /D _SILENCE_CXX17_ALLOCATOR_VOID_DEPRECATION_WARNING /D _CRT_SECURE_NO_WARNINGS /D _CRT_NONSTDC_NO_DEPRECATE /D _SCL_SECURE_NO_WARNINGS /D _LIBCPP_ENABLE_CXX17_REMOVED_UNARY_BINARY_FUNCTION /D NOGDI= /D NX_SDK_API= /D "NX_KIT_API=__declspec(dllimport)" /D "CMAKE_INTDIR=\"Release\"" /Zc:preprocessor /EHsc /MD /GS /fp:precise /Zc:wchar_t /Zc:forScope /Zc:inline /std:c++20 /Fo"analytics_plugin_ut.dir\Release\\" /Fd"analytics_plugin_ut.dir\Release\vc143.pdb" /external:W4 /Gd /TP /wd4100 /wd4702 /wd4267 /wd4251 /wd4275 /wd5054 /wd4250 /wd5105 /wd26444 /errorReport:queue /we4717 /we4150 /we4172 /we4715 /we4005 /we4806 /we4099 /we5038  /bigobj C:\Users\zaidw\devlab\vms_works\nx_open\vms\server\plugins\analytics\unit_tests\src\analytics_plugin_ut.cpp
                     analytics_plugin_ut.cpp
09:58:25.157    12>C:\Users\zaidw\devlab\vms_works\nx_open\vms\server\plugins\analytics\unit_tests\src\analytics_plugin_ut.cpp(414,35): warning C4996: 'std::codecvt_utf8_utf16<int16_t,1114111,(std::codecvt_mode)0>': warning STL4017: std::wbuffer_convert, std::wstring_convert, and the <codecvt> header (containing std::codecvt_mode, std::codecvt_utf8, std::codecvt_utf16, and std::codecvt_utf8_utf16) are deprecated in C++17. (The std::codecvt class template is NOT deprecated.) The C++ Standard doesn't provide equivalent non-deprecated functionality; consider using MultiByteToWideChar() and WideCharToMultiByte() from <Windows.h> instead. You can define _SILENCE_CXX17_CODECVT_HEADER_DEPRECATION_WARNING or _SILENCE_ALL_CXX17_DEPRECATION_WARNINGS to suppress this warning. [C:\Users\zaidw\devlab\vms_works\nx_open-build\vms\server\plugins\analytics\unit_tests\analytics_plugin_ut.vcxproj]
                         C:\Program Files\Microsoft Visual Studio\2022\Community\VC\Tools\MSVC\14.38.33130\include\codecvt(443,1):
                         see declaration of 'std::codecvt_utf8_utf16'
                     
09:58:25.157    12>C:\Users\zaidw\devlab\vms_works\nx_open\vms\server\plugins\analytics\unit_tests\src\analytics_plugin_ut.cpp(414,14): warning C4996: 'std::wstring_convert<std::codecvt_utf8_utf16<int16_t,1114111,(std::codecvt_mode)0>,int16_t,std::allocator<int16_t>,std::allocator<char>>': warning STL4017: std::wbuffer_convert, std::wstring_convert, and the <codecvt> header (containing std::codecvt_mode, std::codecvt_utf8, std::codecvt_utf16, and std::codecvt_utf8_utf16) are deprecated in C++17. (The std::codecvt class template is NOT deprecated.) The C++ Standard doesn't provide equivalent non-deprecated functionality; consider using MultiByteToWideChar() and WideCharToMultiByte() from <Windows.h> instead. You can define _SILENCE_CXX17_CODECVT_HEADER_DEPRECATION_WARNING or _SILENCE_ALL_CXX17_DEPRECATION_WARNINGS to suppress this warning. [C:\Users\zaidw\devlab\vms_works\nx_open-build\vms\server\plugins\analytics\unit_tests\analytics_plugin_ut.vcxproj]
                         C:\Program Files\Microsoft Visual Studio\2022\Community\VC\Tools\MSVC\14.38.33130\include\xlocbuf(303,1):
                         see declaration of 'std::wstring_convert'
                     
09:58:25.160    12>C:\Users\zaidw\devlab\vms_works\nx_open\vms\server\plugins\analytics\unit_tests\src\analytics_plugin_ut.cpp(414,73): warning C4996: 'std::wstring_convert<std::codecvt_utf8_utf16<int16_t,1114111,(std::codecvt_mode)0>,int16_t,std::allocator<int16_t>,std::allocator<char>>::wstring_convert': warning STL4017: std::wbuffer_convert, std::wstring_convert, and the <codecvt> header (containing std::codecvt_mode, std::codecvt_utf8, std::codecvt_utf16, and std::codecvt_utf8_utf16) are deprecated in C++17. (The std::codecvt class template is NOT deprecated.) The C++ Standard doesn't provide equivalent non-deprecated functionality; consider using MultiByteToWideChar() and WideCharToMultiByte() from <Windows.h> instead. You can define _SILENCE_CXX17_CODECVT_HEADER_DEPRECATION_WARNING or _SILENCE_ALL_CXX17_DEPRECATION_WARNINGS to suppress this warning. [C:\Users\zaidw\devlab\vms_works\nx_open-build\vms\server\plugins\analytics\unit_tests\analytics_plugin_ut.vcxproj]
09:58:25.160    12>C:\Users\zaidw\devlab\vms_works\nx_open\vms\server\plugins\analytics\unit_tests\src\analytics_plugin_ut.cpp(416,42): warning C4996: 'std::wstring_convert<std::codecvt_utf8_utf16<int16_t,1114111,(std::codecvt_mode)0>,int16_t,std::allocator<int16_t>,std::allocator<char>>::to_bytes': warning STL4017: std::wbuffer_convert, std::wstring_convert, and the <codecvt> header (containing std::codecvt_mode, std::codecvt_utf8, std::codecvt_utf16, and std::codecvt_utf8_utf16) are deprecated in C++17. (The std::codecvt class template is NOT deprecated.) The C++ Standard doesn't provide equivalent non-deprecated functionality; consider using MultiByteToWideChar() and WideCharToMultiByte() from <Windows.h> instead. You can define _SILENCE_CXX17_CODECVT_HEADER_DEPRECATION_WARNING or _SILENCE_ALL_CXX17_DEPRECATION_WARNINGS to suppress this warning. [C:\Users\zaidw\devlab\vms_works\nx_open-build\vms\server\plugins\analytics\unit_tests\analytics_plugin_ut.vcxproj]
09:58:25.160    12>C:\Users\zaidw\devlab\vms_works\nx_open\vms\server\plugins\analytics\unit_tests\src\analytics_plugin_ut.cpp(433,35): warning C4996: 'std::codecvt_utf8_utf16<int16_t,1114111,(std::codecvt_mode)0>': warning STL4017: std::wbuffer_convert, std::wstring_convert, and the <codecvt> header (containing std::codecvt_mode, std::codecvt_utf8, std::codecvt_utf16, and std::codecvt_utf8_utf16) are deprecated in C++17. (The std::codecvt class template is NOT deprecated.) The C++ Standard doesn't provide equivalent non-deprecated functionality; consider using MultiByteToWideChar() and WideCharToMultiByte() from <Windows.h> instead. You can define _SILENCE_CXX17_CODECVT_HEADER_DEPRECATION_WARNING or _SILENCE_ALL_CXX17_DEPRECATION_WARNINGS to suppress this warning. [C:\Users\zaidw\devlab\vms_works\nx_open-build\vms\server\plugins\analytics\unit_tests\analytics_plugin_ut.vcxproj]
                         C:\Program Files\Microsoft Visual Studio\2022\Community\VC\Tools\MSVC\14.38.33130\include\codecvt(443,1):
                         see declaration of 'std::codecvt_utf8_utf16'
                     
09:58:25.160    12>C:\Users\zaidw\devlab\vms_works\nx_open\vms\server\plugins\analytics\unit_tests\src\analytics_plugin_ut.cpp(433,14): warning C4996: 'std::wstring_convert<std::codecvt_utf8_utf16<int16_t,1114111,(std::codecvt_mode)0>,int16_t,std::allocator<int16_t>,std::allocator<char>>': warning STL4017: std::wbuffer_convert, std::wstring_convert, and the <codecvt> header (containing std::codecvt_mode, std::codecvt_utf8, std::codecvt_utf16, and std::codecvt_utf8_utf16) are deprecated in C++17. (The std::codecvt class template is NOT deprecated.) The C++ Standard doesn't provide equivalent non-deprecated functionality; consider using MultiByteToWideChar() and WideCharToMultiByte() from <Windows.h> instead. You can define _SILENCE_CXX17_CODECVT_HEADER_DEPRECATION_WARNING or _SILENCE_ALL_CXX17_DEPRECATION_WARNINGS to suppress this warning. [C:\Users\zaidw\devlab\vms_works\nx_open-build\vms\server\plugins\analytics\unit_tests\analytics_plugin_ut.vcxproj]
                         C:\Program Files\Microsoft Visual Studio\2022\Community\VC\Tools\MSVC\14.38.33130\include\xlocbuf(303,1):
                         see declaration of 'std::wstring_convert'
                     
09:58:25.164    12>C:\Users\zaidw\devlab\vms_works\nx_open\vms\server\plugins\analytics\unit_tests\src\analytics_plugin_ut.cpp(433,73): warning C4996: 'std::wstring_convert<std::codecvt_utf8_utf16<int16_t,1114111,(std::codecvt_mode)0>,int16_t,std::allocator<int16_t>,std::allocator<char>>::wstring_convert': warning STL4017: std::wbuffer_convert, std::wstring_convert, and the <codecvt> header (containing std::codecvt_mode, std::codecvt_utf8, std::codecvt_utf16, and std::codecvt_utf8_utf16) are deprecated in C++17. (The std::codecvt class template is NOT deprecated.) The C++ Standard doesn't provide equivalent non-deprecated functionality; consider using MultiByteToWideChar() and WideCharToMultiByte() from <Windows.h> instead. You can define _SILENCE_CXX17_CODECVT_HEADER_DEPRECATION_WARNING or _SILENCE_ALL_CXX17_DEPRECATION_WARNINGS to suppress this warning. [C:\Users\zaidw\devlab\vms_works\nx_open-build\vms\server\plugins\analytics\unit_tests\analytics_plugin_ut.vcxproj]
09:58:25.164    12>C:\Users\zaidw\devlab\vms_works\nx_open\vms\server\plugins\analytics\unit_tests\src\analytics_plugin_ut.cpp(434,66): warning C4996: 'std::wstring_convert<std::codecvt_utf8_utf16<int16_t,1114111,(std::codecvt_mode)0>,int16_t,std::allocator<int16_t>,std::allocator<char>>::from_bytes': warning STL4017: std::wbuffer_convert, std::wstring_convert, and the <codecvt> header (containing std::codecvt_mode, std::codecvt_utf8, std::codecvt_utf16, and std::codecvt_utf8_utf16) are deprecated in C++17. (The std::codecvt class template is NOT deprecated.) The C++ Standard doesn't provide equivalent non-deprecated functionality; consider using MultiByteToWideChar() and WideCharToMultiByte() from <Windows.h> instead. You can define _SILENCE_CXX17_CODECVT_HEADER_DEPRECATION_WARNING or _SILENCE_ALL_CXX17_DEPRECATION_WARNINGS to suppress this warning. [C:\Users\zaidw\devlab\vms_works\nx_open-build\vms\server\plugins\analytics\unit_tests\analytics_plugin_ut.vcxproj]
09:58:25.457    37>Lib:
                     C:\Program Files\Microsoft Visual Studio\2022\Community\VC\Tools\MSVC\14.38.33130\bin\HostX64\x64\Lib.exe /OUT:"C:\Users\zaidw\devlab\vms_works\nx_open-build\dependencies\qtsinglecoreapplication\Release\qtsinglecoreapplication.lib" /NOLOGO /MACHINE:X64  /machine:x64 /ignore:4221 qtsinglecoreapplication.dir\Release\qtsinglecoreapplication.obj
                     qtsinglecoreapplication.dir\Release\qtlocalpeer.obj
                     qtsinglecoreapplication.dir\Release\moc_qtsinglecoreapplication.obj
                     qtsinglecoreapplication.dir\Release\moc_qtlocalpeer.obj
                     qtsinglecoreapplication.vcxproj -> C:\Users\zaidw\devlab\vms_works\nx_open-build\dependencies\qtsinglecoreapplication\Release\qtsinglecoreapplication.lib
                   FinalizeBuildStatus:
                     Deleting file "qtsinglecoreapplication.dir\Release\qtsingle.65250C9F.tlog\unsuccessfulbuild".
                     Touching "qtsinglecoreapplication.dir\Release\qtsingle.65250C9F.tlog\qtsinglecoreapplication.lastbuildstate".
09:58:25.601    37>Done Building Project "C:\Users\zaidw\devlab\vms_works\nx_open-build\dependencies\qtsinglecoreapplication\qtsinglecoreapplication.vcxproj" (default targets).
09:58:25.912    20>MakeDirsForLink:
                     Creating directory "C:\Users\zaidw\devlab\vms_works\nx_open-build\libs\nx_reflect\Release\".
                   Link:
                     C:\Program Files\Microsoft Visual Studio\2022\Community\VC\Tools\MSVC\14.38.33130\bin\HostX64\x64\link.exe /ERRORREPORT:QUEUE /OUT:"C:\Users\zaidw\devlab\vms_works\nx_open-build\bin\Release\nx_reflect.dll" /INCREMENTAL:NO /NOLOGO /LIBPATH:"C:/Users/zaidw/devlab/vms_works/nx_open-build/lib" /LIBPATH:"C:/Users/zaidw/devlab/vms_works/nx_open-build/lib/Release" /LIBPATH:"C:/Users/zaidw/devlab/vms_works/nx_open-build/.conan_short/d8731c/1/lib" /LIBPATH:"C:/Users/zaidw/devlab/vms_works/nx_open-build/.conan_short/d8731c/1/lib/Release" kernel32.lib user32.lib gdi32.lib winspool.lib shell32.lib ole32.lib oleaut32.lib uuid.lib comdlg32.lib advapi32.lib /MANIFEST /MANIFESTUAC:"level='asInvoker' uiAccess='false'" /manifest:embed /DEBUG /PDB:"C:/Users/zaidw/devlab/vms_works/nx_open-build/bin/Release/nx_reflect.pdb" /SUBSYSTEM:CONSOLE /LARGEADDRESSAWARE /OPT:NOREF /TLBID:1 /DYNAMICBASE /NXCOMPAT /IMPLIB:"C:/Users/zaidw/devlab/vms_works/nx_open-build/libs/nx_reflect/Release/nx_reflect.lib" /MACHINE:X64  /machine:x64 /ignore:4221 /DLL nx_reflect.dir\Release\object.obj
                     nx_reflect.dir\Release\raw_json_text.obj
                     nx_reflect.dir\Release\utils.obj
                     nx_reflect.dir\Release\serialization_utils.obj
                     nx_reflect.dir\Release\deserializer.obj
                     nx_reflect.dir\Release\/src/nx/reflect/json/serializer.cpp.obj
                     nx_reflect.dir\Release\/src/nx/reflect/urlencoded/serializer.cpp.obj
                        Creating library C:/Users/zaidw/devlab/vms_works/nx_open-build/libs/nx_reflect/Release/nx_reflect.lib and object C:/Users/zaidw/devlab/vms_works/nx_open-build/libs/nx_reflect/Release/nx_reflect.exp
                     nx_reflect.vcxproj -> C:\Users\zaidw\devlab\vms_works\nx_open-build\bin\Release\nx_reflect.dll
                   FinalizeBuildStatus:
                     Deleting file "nx_reflect.dir\Release\nx_reflect.tlog\unsuccessfulbuild".
                     Touching "nx_reflect.dir\Release\nx_reflect.tlog\nx_reflect.lastbuildstate".
09:58:26.688    20>Done Building Project "C:\Users\zaidw\devlab\vms_works\nx_open-build\libs\nx_reflect\nx_reflect.vcxproj" (default targets).
09:58:26.719    18>PrepareForBuild:
                     Creating directory "nx_build_info.dir\Release\".
                     Structured output is enabled. The formatting of compiler diagnostics will reflect the error hierarchy. See https://aka.ms/cpp/structured-output for more details.
                     Creating directory "nx_build_info.dir\Release\nx_build_info.tlog\".
                   InitializeBuildStatus:
                     Creating "nx_build_info.dir\Release\nx_build_info.tlog\unsuccessfulbuild" because "AlwaysCreate" was specified.
                     Touching "nx_build_info.dir\Release\nx_build_info.tlog\unsuccessfulbuild".
                   CustomBuild:
                     Generating src/nx/moc_build_info.cpp
                     Generating src/nx/build_info/moc_ini.cpp
                     Generating src/nx/moc_build_info_proxy.cpp
09:58:09.592     1>Project "C:\Users\zaidw\devlab\vms_works\nx_open-build\ALL_BUILD.vcxproj" (1) is building "C:\Users\zaidw\devlab\vms_works\nx_open-build\vms\client\desktop_client\desktop_client.vcxproj" (43) on node 3 (default targets).
09:58:25.628    43>Project "C:\Users\zaidw\devlab\vms_works\nx_open-build\vms\client\desktop_client\desktop_client.vcxproj" (43) is building "C:\Users\zaidw\devlab\vms_works\nx_open-build\vms\client\nx_vms_client_core\nx_vms_client_core.vcxproj" (49) on node 4 (default targets).
09:58:26.180    49>Project "C:\Users\zaidw\devlab\vms_works\nx_open-build\vms\client\nx_vms_client_core\nx_vms_client_core.vcxproj" (49) is building "C:\Users\zaidw\devlab\vms_works\nx_open-build\dependencies\qtkeychain\qtkeychain.vcxproj" (51) on node 1 (default targets).
09:58:27.073    51>PrepareForBuild:
                     Creating directory "qtkeychain.dir\Release\".
                     Structured output is enabled. The formatting of compiler diagnostics will reflect the error hierarchy. See https://aka.ms/cpp/structured-output for more details.
                     Creating directory "qtkeychain.dir\Release\qtkeychain.tlog\".
09:58:26.180    49>Project "C:\Users\zaidw\devlab\vms_works\nx_open-build\vms\client\nx_vms_client_core\nx_vms_client_core.vcxproj" (49) is building "C:\Users\zaidw\devlab\vms_works\nx_open-build\dependencies\speex\speex.vcxproj" (52) on node 4 (default targets).
09:58:27.078    52>PrepareForBuild:
                     Creating directory "speex.dir\Release\".
09:58:27.079    51>InitializeBuildStatus:
                     Creating "qtkeychain.dir\Release\qtkeychain.tlog\unsuccessfulbuild" because "AlwaysCreate" was specified.
                     Touching "qtkeychain.dir\Release\qtkeychain.tlog\unsuccessfulbuild".
09:58:27.078    52>PrepareForBuild:
                     Structured output is enabled. The formatting of compiler diagnostics will reflect the error hierarchy. See https://aka.ms/cpp/structured-output for more details.
                     Creating directory "C:\Users\zaidw\devlab\vms_works\nx_open-build\dependencies\speex\Release\".
                     Creating directory "speex.dir\Release\speex.tlog\".
                   InitializeBuildStatus:
                     Creating "speex.dir\Release\speex.tlog\unsuccessfulbuild" because "AlwaysCreate" was specified.
                     Touching "speex.dir\Release\speex.tlog\unsuccessfulbuild".
                   CustomBuild:
                     Building Custom Rule C:/Users/zaidw/devlab/vms_works/nx_open/dependencies/speex/CMakeLists.txt
09:58:26.728    18>CustomBuild:
                     Building Custom Rule C:/Users/zaidw/devlab/vms_works/nx_open/libs/nx_build_info/CMakeLists.txt
09:58:27.084    51>CustomBuild:
                     Generating __/__/artifacts/qtkeychain/moc_keychain.cpp
09:58:27.243    52>ClCompile:
                     C:\Program Files\Microsoft Visual Studio\2022\Community\VC\Tools\MSVC\14.38.33130\bin\HostX64\x64\CL.exe /c /IC:\Users\zaidw\devlab\vms_works\nx_open\artifacts\speex\src /Z7 /nologo /W4 /WX- /diagnostics:column /MP /O2 /Ob2 /D _MBCS /D WIN32 /D _WINDOWS /D NDEBUG /D __STDC_CONSTANT_MACROS /D ENABLE_SSL /D BOOST_BIND_NO_PLACEHOLDERS /D _SILENCE_CXX17_ITERATOR_BASE_CLASS_DEPRECATION_WARNING /D QT_NO_EXCEPTIONS /D RAPIDJSON_HAS_STDSTRING /D BOOST_NO_CXX98_FUNCTION_BASE /D _CRT_RAND_S /D _WINSOCKAPI_= /D NOMINMAX= /D UNICODE /D WIN32_LEAN_AND_MEAN /D _DISABLE_CONSTEXPR_MUTEX_CONSTRUCTOR /D NX_FORCE_EXPORT= /D QT_QML_DEBUG /D _SILENCE_CXX17_OLD_ALLOCATOR_MEMBERS_DEPRECATION_WARNING /D _SILENCE_CXX17_ALLOCATOR_VOID_DEPRECATION_WARNING /D _CRT_SECURE_NO_WARNINGS /D _CRT_NONSTDC_NO_DEPRECATE /D _SCL_SECURE_NO_WARNINGS /D "CMAKE_INTDIR=\"Release\"" /Zc:preprocessor /EHsc /MD /GS /fp:precise /Zc:wchar_t /Zc:forScope /Zc:inline /std:c++20 /Fo"speex.dir\Release\\" /Fd"C:\Users\zaidw\devlab\vms_works\nx_open-build\dependencies\speex\Release\speex.pdb" /external:W0 /Gd /TP /wd4100 /wd4702 /wd4267 /wd4251 /wd4275 /wd5054 /wd4250 /wd5105 /wd26444 /errorReport:queue /we4717 /we4150 /we4172 /we4715 /we4005 /we4806 /we4099 /we5038  /external:I "C:/Users/zaidw/devlab/vms_works/nx_open-build/.conan/data/ffmpeg/4.4/_/_/package/81f8d2a766131085fcfbc4aa2494971958d469a9/include" /bigobj C:\Users\zaidw\devlab\vms_works\nx_open\artifacts\speex\src\speex\fftwrap.cpp C:\Users\zaidw\devlab\vms_works\nx_open\artifacts\speex\src\speex\filterbank.cpp C:\Users\zaidw\devlab\vms_works\nx_open\artifacts\speex\src\speex\mdf.cpp C:\Users\zaidw\devlab\vms_works\nx_open\artifacts\speex\src\speex\preprocess.cpp C:\Users\zaidw\devlab\vms_works\nx_open\artifacts\speex\src\speex\smallft.cpp
09:58:27.261    18>ClCompile:
                     C:\Program Files\Microsoft Visual Studio\2022\Community\VC\Tools\MSVC\14.38.33130\bin\HostX64\x64\CL.exe /c /IC:\Users\zaidw\devlab\vms_works\nx_open\libs\nx_build_info\src /IC:\Users\zaidw\devlab\vms_works\nx_open\artifacts\nx_kit\src /IC:\Users\zaidw\devlab\vms_works\nx_open\libs\nx_reflect\src /IC:\Users\zaidw\devlab\vms_works\nx_open\libs\nx_preprocessor\src /Z7 /nologo /W4 /WX /diagnostics:column /MP /O2 /Ob2 /D _WINDLL /D _UNICODE /D UNICODE /D WIN32 /D _WINDOWS /D NDEBUG /D "NX_BUILD_INFO_API=__declspec(dllexport)" /D __STDC_CONSTANT_MACROS /D ENABLE_SSL /D BOOST_BIND_NO_PLACEHOLDERS /D _SILENCE_CXX17_ITERATOR_BASE_CLASS_DEPRECATION_WARNING /D QT_NO_EXCEPTIONS /D RAPIDJSON_HAS_STDSTRING /D BOOST_NO_CXX98_FUNCTION_BASE /D _CRT_RAND_S /D _WINSOCKAPI_= /D NOMINMAX= /D UNICODE /D WIN32_LEAN_AND_MEAN /D _DISABLE_CONSTEXPR_MUTEX_CONSTRUCTOR /D NX_FORCE_EXPORT= /D QT_QML_DEBUG /D _SILENCE_CXX17_OLD_ALLOCATOR_MEMBERS_DEPRECATION_WARNING /D _SILENCE_CXX17_ALLOCATOR_VOID_DEPRECATION_WARNING /D _CRT_SECURE_NO_WARNINGS /D _CRT_NONSTDC_NO_DEPRECATE /D _SCL_SECURE_NO_WARNINGS /D _LIBCPP_ENABLE_CXX17_REMOVED_UNARY_BINARY_FUNCTION /D NOGDI= /D QT_CORE_LIB /D _ENABLE_EXTENDED_ALIGNED_STORAGE /D WIN64 /D _WIN64 /D _UNICODE /D "NX_KIT_API=__declspec(dllimport)" /D "NX_REFLECT_API=__declspec(dllimport)" /D "CMAKE_INTDIR=\"Release\"" /D nx_build_info_EXPORTS /Zc:preprocessor /EHsc /MD /GS /fp:precise /Zc:wchar_t /Zc:forScope /Zc:inline /std:c++20 /permissive- /Fo"nx_build_info.dir\Release\\" /Fd"nx_build_info.dir\Release\vc143.pdb" /external:W0 /Gd /TP /wd4100 /wd4702 /wd4267 /wd4251 /wd4275 /wd5054 /wd4250 /wd5105 /wd26444 /errorReport:queue /we4717 /we4150 /we4172 /we4715 /we4005 /we4806 /we4099 /we5038  /external:I "C:/Users/zaidw/devlab/vms_works/nx_open-build/.conan_short/d20242/1/include/QtCore" /external:I "C:/Users/zaidw/devlab/vms_works/nx_open-build/.conan_short/d20242/1/include" /external:I "C:/Users/zaidw/devlab/vms_works/nx_open-build/.conan_short/d20242/1/mkspecs/win32-msvc" /external:I "C:/Users/zaidw/devlab/vms_works/nx_open-build/.conan_short/d8731c/1/include" /external:I "C:/Users/zaidw/devlab/vms_works/nx_open-build/.conan/data/rapidjson/cci.20230929/_/_/package/5ab84d6acfe1f23c4fae0ab88f26e3a396351ac9/include" /bigobj -Zc:__cplusplus -utf-8 C:\Users\zaidw\devlab\vms_works\nx_open\libs\nx_build_info\src\nx\build_info\ini.cpp C:\Users\zaidw\devlab\vms_works\nx_open\libs\nx_build_info\src\nx\build_info_proxy.cpp "C:\Users\zaidw\devlab\vms_works\nx_open-build\libs\nx_build_info\build_info.cpp" "C:\Users\zaidw\devlab\vms_works\nx_open-build\libs\nx_build_info\src\nx\moc_build_info.cpp" "C:\Users\zaidw\devlab\vms_works\nx_open-build\libs\nx_build_info\src\nx\build_info\moc_ini.cpp" "C:\Users\zaidw\devlab\vms_works\nx_open-build\libs\nx_build_info\src\nx\moc_build_info_proxy.cpp"
09:58:27.243    52>ClCompile:
                     fftwrap.cpp
                     filterbank.cpp
                     mdf.cpp
                     preprocess.cpp
                     smallft.cpp
09:58:27.261    18>ClCompile:
                     ini.cpp
                     build_info_proxy.cpp
                     build_info.cpp
                     moc_build_info.cpp
                     moc_ini.cpp
                     moc_build_info_proxy.cpp
09:58:27.515    52>C:\Users\zaidw\devlab\vms_works\nx_open\artifacts\speex\src\speex\mdf.cpp(735,23): warning C4456: declaration of 'tmp32' hides previous local declaration [C:\Users\zaidw\devlab\vms_works\nx_open-build\dependencies\speex\speex.vcxproj]
09:58:27.515    52>    C:\Users\zaidw\devlab\vms_works\nx_open\artifacts\speex\src\speex\mdf.cpp(711,17):
    see declaration of 'tmp32'

09:58:27.515    52>C:\Users\zaidw\devlab\vms_works\nx_open\artifacts\speex\src\speex\mdf.cpp(760,23): warning C4456: declaration of 'tmp32' hides previous local declaration [C:\Users\zaidw\devlab\vms_works\nx_open-build\dependencies\speex\speex.vcxproj]
                         C:\Users\zaidw\devlab\vms_works\nx_open\artifacts\speex\src\speex\mdf.cpp(711,17):
                         see declaration of 'tmp32'
                     
09:58:27.084    51>CustomBuild:
                     Generating __/__/artifacts/qtkeychain/moc_keychain_p.cpp
                     Generating __/__/artifacts/qtkeychain/moc_gnomekeyring_p.cpp
                     Building Custom Rule C:/Users/zaidw/devlab/vms_works/nx_open/dependencies/qtkeychain/CMakeLists.txt
09:58:28.093    38>Lib:
                     C:\Program Files\Microsoft Visual Studio\2022\Community\VC\Tools\MSVC\14.38.33130\bin\HostX64\x64\Lib.exe /OUT:"C:\Users\zaidw\devlab\vms_works\nx_open-build\lib\Release\gmock.lib" /NOLOGO /MACHINE:X64  /machine:x64 /ignore:4221 "gmock.dir\Release\gtest-all.obj"
                     "gmock.dir\Release\gmock-all.obj"
09:58:28.137    51>ClCompile:
                     C:\Program Files\Microsoft Visual Studio\2022\Community\VC\Tools\MSVC\14.38.33130\bin\HostX64\x64\CL.exe /c /IC:\Users\zaidw\devlab\vms_works\nx_open\artifacts\qtkeychain /I"C:\Users\zaidw\devlab\vms_works\nx_open-build\dependencies\qtkeychain" /Z7 /nologo /W4 /WX- /diagnostics:column /MP /O2 /Ob2 /D _WINDLL /D _UNICODE /D UNICODE /D WIN32 /D _WINDOWS /D NDEBUG /D __STDC_CONSTANT_MACROS /D ENABLE_SSL /D BOOST_BIND_NO_PLACEHOLDERS /D _SILENCE_CXX17_ITERATOR_BASE_CLASS_DEPRECATION_WARNING /D QT_NO_EXCEPTIONS /D RAPIDJSON_HAS_STDSTRING /D BOOST_NO_CXX98_FUNCTION_BASE /D _CRT_RAND_S /D _WINSOCKAPI_= /D NOMINMAX= /D UNICODE /D WIN32_LEAN_AND_MEAN /D _DISABLE_CONSTEXPR_MUTEX_CONSTRUCTOR /D NX_FORCE_EXPORT= /D QT_QML_DEBUG /D _SILENCE_CXX17_OLD_ALLOCATOR_MEMBERS_DEPRECATION_WARNING /D _SILENCE_CXX17_ALLOCATOR_VOID_DEPRECATION_WARNING /D _CRT_SECURE_NO_WARNINGS /D _CRT_NONSTDC_NO_DEPRECATE /D _SCL_SECURE_NO_WARNINGS /D USE_CREDENTIAL_STORE=1 /D QT_CORE_LIB /D _ENABLE_EXTENDED_ALIGNED_STORAGE /D WIN64 /D _WIN64 /D _UNICODE /D "CMAKE_INTDIR=\"Release\"" /D qtkeychain_EXPORTS /Zc:preprocessor /EHsc /MD /GS /fp:precise /Zc:wchar_t /Zc:forScope /Zc:inline /std:c++20 /permissive- /Fo"qtkeychain.dir\Release\\" /Fd"qtkeychain.dir\Release\vc143.pdb" /external:W0 /Gd /TP /wd4100 /wd4702 /wd4267 /wd4251 /wd4275 /wd5054 /wd4250 /wd5105 /wd26444 /errorReport:queue /we4717 /we4150 /we4172 /we4715 /we4005 /we4806 /we4099 /we5038  /external:I "C:/Users/zaidw/devlab/vms_works/nx_open-build/.conan_short/d20242/1/include/QtCore" /external:I "C:/Users/zaidw/devlab/vms_works/nx_open-build/.conan_short/d20242/1/include" /external:I "C:/Users/zaidw/devlab/vms_works/nx_open-build/.conan_short/d20242/1/mkspecs/win32-msvc" /bigobj -Zc:__cplusplus -utf-8 C:\Users\zaidw\devlab\vms_works\nx_open\artifacts\qtkeychain\keychain.cpp C:\Users\zaidw\devlab\vms_works\nx_open\artifacts\qtkeychain\keychain_win.cpp "C:\Users\zaidw\devlab\vms_works\nx_open-build\dependencies\qtkeychain\__\__\artifacts\qtkeychain\moc_keychain.cpp" "C:\Users\zaidw\devlab\vms_works\nx_open-build\dependencies\qtkeychain\__\__\artifacts\qtkeychain\moc_keychain_p.cpp" "C:\Users\zaidw\devlab\vms_works\nx_open-build\dependencies\qtkeychain\__\__\artifacts\qtkeychain\moc_gnomekeyring_p.cpp"
09:58:28.142    39>Lib:
                     C:\Program Files\Microsoft Visual Studio\2022\Community\VC\Tools\MSVC\14.38.33130\bin\HostX64\x64\Lib.exe /OUT:"C:\Users\zaidw\devlab\vms_works\nx_open-build\lib\Release\gmock_main.lib" /NOLOGO /MACHINE:X64  /machine:x64 /ignore:4221 "gmock_main.dir\Release\gtest-all.obj"
                     "gmock_main.dir\Release\gmock-all.obj"
                     gmock_main.dir\Release\gmock_main.obj
09:58:28.137    51>ClCompile:
                     keychain.cpp
                     keychain_win.cpp
                     moc_keychain.cpp
                     moc_keychain_p.cpp
                     moc_gnomekeyring_p.cpp
09:58:28.093    38>Lib:
                     gmock.vcxproj -> C:\Users\zaidw\devlab\vms_works\nx_open-build\lib\Release\gmock.lib
                   FinalizeBuildStatus:
                     Deleting file "gmock.dir\Release\gmock.tlog\unsuccessfulbuild".
                     Touching "gmock.dir\Release\gmock.tlog\gmock.lastbuildstate".
09:58:28.255    38>Done Building Project "C:\Users\zaidw\devlab\vms_works\nx_open-build\artifacts\googletest\googlemock\gmock.vcxproj" (default targets).
09:58:28.267    12>MakeDirsForLink:
                     Creating directory "C:\Users\zaidw\devlab\vms_works\nx_open-build\vms\server\plugins\analytics\unit_tests\Release\".
                   Link:
                     C:\Program Files\Microsoft Visual Studio\2022\Community\VC\Tools\MSVC\14.38.33130\bin\HostX64\x64\link.exe /ERRORREPORT:QUEUE /OUT:"C:\Users\zaidw\devlab\vms_works\nx_open-build\bin\Release\analytics_plugin_ut.exe" /INCREMENTAL:NO /NOLOGO /LIBPATH:"C:/Users/zaidw/devlab/vms_works/nx_open-build/lib" /LIBPATH:"C:/Users/zaidw/devlab/vms_works/nx_open-build/lib/Release" ..\..\..\..\libs\nx_sdk\Release\nx_sdk.lib ..\..\..\..\..\open\artifacts\nx_kit\Release\nx_kit.lib kernel32.lib user32.lib gdi32.lib winspool.lib shell32.lib ole32.lib oleaut32.lib uuid.lib comdlg32.lib advapi32.lib /MANIFEST /MANIFESTUAC:"level='asInvoker' uiAccess='false'" /manifest:embed /DEBUG /PDB:"C:/Users/zaidw/devlab/vms_works/nx_open-build/bin/Release/analytics_plugin_ut.pdb" /SUBSYSTEM:CONSOLE /LARGEADDRESSAWARE /OPT:NOREF /TLBID:1 /DYNAMICBASE /NXCOMPAT /IMPLIB:"C:/Users/zaidw/devlab/vms_works/nx_open-build/vms/server/plugins/analytics/unit_tests/Release/analytics_plugin_ut.lib" /MACHINE:X64  /machine:x64 /ignore:4221 /entry:mainCRTStartup analytics_plugin_ut.dir\Release\analytics_plugin_ut.obj
09:58:28.142    39>Lib:
                     gmock_main.vcxproj -> C:\Users\zaidw\devlab\vms_works\nx_open-build\lib\Release\gmock_main.lib
09:58:28.289    52>Lib:
                     C:\Program Files\Microsoft Visual Studio\2022\Community\VC\Tools\MSVC\14.38.33130\bin\HostX64\x64\Lib.exe /OUT:"C:\Users\zaidw\devlab\vms_works\nx_open-build\dependencies\speex\Release\speex.lib" /NOLOGO /MACHINE:X64  /machine:x64 /ignore:4221 speex.dir\Release\fftwrap.obj
                     speex.dir\Release\filterbank.obj
                     speex.dir\Release\mdf.obj
                     speex.dir\Release\preprocess.obj
                     speex.dir\Release\smallft.obj
09:58:28.301    39>FinalizeBuildStatus:
                     Deleting file "gmock_main.dir\Release\gmock_main.tlog\unsuccessfulbuild".
                     Touching "gmock_main.dir\Release\gmock_main.tlog\gmock_main.lastbuildstate".
09:58:28.304    39>Done Building Project "C:\Users\zaidw\devlab\vms_works\nx_open-build\artifacts\googletest\googlemock\gmock_main.vcxproj" (default targets).
09:58:28.268    12>Link:
                        Creating library C:/Users/zaidw/devlab/vms_works/nx_open-build/vms/server/plugins/analytics/unit_tests/Release/analytics_plugin_ut.lib and object C:/Users/zaidw/devlab/vms_works/nx_open-build/vms/server/plugins/analytics/unit_tests/Release/analytics_plugin_ut.exp
09:58:28.289    52>Lib:
                     speex.vcxproj -> C:\Users\zaidw\devlab\vms_works\nx_open-build\dependencies\speex\Release\speex.lib
                   FinalizeBuildStatus:
                     Deleting file "speex.dir\Release\speex.tlog\unsuccessfulbuild".
                     Touching "speex.dir\Release\speex.tlog\speex.lastbuildstate".
09:58:28.430    52>Done Building Project "C:\Users\zaidw\devlab\vms_works\nx_open-build\dependencies\speex\speex.vcxproj" (default targets).
09:58:25.628    43>Project "C:\Users\zaidw\devlab\vms_works\nx_open-build\vms\client\desktop_client\desktop_client.vcxproj" (43) is building "C:\Users\zaidw\devlab\vms_works\nx_open-build\dependencies\qthttpserver\qthttpserver.vcxproj" (53) on node 3 (default targets).
09:58:28.478    53>PrepareForBuild:
                     Creating directory "qthttpserver.dir\Release\".
                     Structured output is enabled. The formatting of compiler diagnostics will reflect the error hierarchy. See https://aka.ms/cpp/structured-output for more details.
                     Creating directory "C:\Users\zaidw\devlab\vms_works\nx_open-build\dependencies\qthttpserver\Release\".
                     Creating directory "qthttpserver.dir\Release\qthttpserver.tlog\".
                   InitializeBuildStatus:
                     Creating "qthttpserver.dir\Release\qthttpserver.tlog\unsuccessfulbuild" because "AlwaysCreate" was specified.
                     Touching "qthttpserver.dir\Release\qthttpserver.tlog\unsuccessfulbuild".
09:58:28.268    12>Link:
                     analytics_plugin_ut.vcxproj -> C:\Users\zaidw\devlab\vms_works\nx_open-build\bin\Release\analytics_plugin_ut.exe
09:58:28.491    53>CustomBuild:
                     Generating __/__/artifacts/qthttpserver/moc_QtHttpClientWrapper.cpp
                     Generating __/__/artifacts/qthttpserver/moc_QtHttpHeader.cpp
                     C:/Users/zaidw/devlab/vms_works/nx_open/artifacts/qthttpserver/QtHttpHeader.h(0:1): note: No relevant classes found. No output generated.
                     Generating __/__/artifacts/qthttpserver/moc_QtHttpReply.cpp
09:58:09.592     1>Project "C:\Users\zaidw\devlab\vms_works\nx_open-build\ALL_BUILD.vcxproj" (1) is building "C:\Users\zaidw\devlab\vms_works\nx_open-build\open\artifacts\nx_kit\unit_tests\disabled_ini_config_ut.vcxproj" (55) on node 4 (default targets).
09:58:28.637    55>PrepareForBuild:
                     Creating directory "disabled_ini_config_ut.dir\Release\".
                     Structured output is enabled. The formatting of compiler diagnostics will reflect the error hierarchy. See https://aka.ms/cpp/structured-output for more details.
                     Creating directory "disabled_ini_config_ut.dir\Release\disabled.E86D099F.tlog\".
                   InitializeBuildStatus:
                     Creating "disabled_ini_config_ut.dir\Release\disabled.E86D099F.tlog\unsuccessfulbuild" because "AlwaysCreate" was specified.
                     Touching "disabled_ini_config_ut.dir\Release\disabled.E86D099F.tlog\unsuccessfulbuild".
09:58:28.491    53>CustomBuild:
                     Generating __/__/artifacts/qthttpserver/moc_QtHttpRequest.cpp
                     Generating __/__/artifacts/qthttpserver/moc_QtHttpServer.cpp
09:58:28.647    55>CustomBuild:
                     Building Custom Rule C:/Users/zaidw/devlab/vms_works/nx_open/artifacts/nx_kit/unit_tests/CMakeLists.txt
09:58:28.491    53>CustomBuild:
                     Building Custom Rule C:/Users/zaidw/devlab/vms_works/nx_open/dependencies/qthttpserver/CMakeLists.txt
09:58:28.827    55>ClCompile:
                     C:\Program Files\Microsoft Visual Studio\2022\Community\VC\Tools\MSVC\14.38.33130\bin\HostX64\x64\CL.exe /c /IC:\Users\zaidw\devlab\vms_works\nx_open\artifacts\nx_kit\unit_tests\..\src /Z7 /nologo /W4 /WX /diagnostics:column /MP /O2 /Ob2 /D _WINDLL /D _MBCS /D WIN32 /D _WINDOWS /D NDEBUG /D NX_INI_CONFIG_DISABLED /D "DISABLED_INI_CONFIG_UT_API=__declspec(dllexport)" /D NX_KIT_API= /D __STDC_CONSTANT_MACROS /D ENABLE_SSL /D BOOST_BIND_NO_PLACEHOLDERS /D _SILENCE_CXX17_ITERATOR_BASE_CLASS_DEPRECATION_WARNING /D QT_NO_EXCEPTIONS /D RAPIDJSON_HAS_STDSTRING /D BOOST_NO_CXX98_FUNCTION_BASE /D _CRT_RAND_S /D _WINSOCKAPI_= /D NOMINMAX= /D UNICODE /D WIN32_LEAN_AND_MEAN /D _DISABLE_CONSTEXPR_MUTEX_CONSTRUCTOR /D NX_FORCE_EXPORT= /D QT_QML_DEBUG /D _SILENCE_CXX17_OLD_ALLOCATOR_MEMBERS_DEPRECATION_WARNING /D _SILENCE_CXX17_ALLOCATOR_VOID_DEPRECATION_WARNING /D _CRT_SECURE_NO_WARNINGS /D _CRT_NONSTDC_NO_DEPRECATE /D _SCL_SECURE_NO_WARNINGS /D "CMAKE_INTDIR=\"Release\"" /D disabled_ini_config_ut_EXPORTS /Zc:preprocessor /EHsc /MD /GS /fp:precise /Zc:wchar_t /Zc:forScope /Zc:inline /Fo"disabled_ini_config_ut.dir\Release\\" /Fd"disabled_ini_config_ut.dir\Release\vc143.pdb" /external:W4 /Gd /TP /wd4100 /wd4702 /wd4267 /wd4251 /wd4275 /wd5054 /wd4250 /wd5105 /wd26444 /errorReport:queue /we4717 /we4150 /we4172 /we4715 /we4005 /we4806 /we4099 /we5038  /bigobj /utf-8 C:\Users\zaidw\devlab\vms_works\nx_open\artifacts\nx_kit\src\nx\kit\ini_config.cpp C:\Users\zaidw\devlab\vms_works\nx_open\artifacts\nx_kit\src\nx\kit\test.cpp C:\Users\zaidw\devlab\vms_works\nx_open\artifacts\nx_kit\src\nx\kit\utils.cpp C:\Users\zaidw\devlab\vms_works\nx_open\artifacts\nx_kit\unit_tests\src\ini_config_ut.cpp C:\Users\zaidw\devlab\vms_works\nx_open\artifacts\nx_kit\unit_tests\src\disabled_ini_config_ut.cpp
09:58:28.884    53>ClCompile:
                     C:\Program Files\Microsoft Visual Studio\2022\Community\VC\Tools\MSVC\14.38.33130\bin\HostX64\x64\CL.exe /c /IC:\Users\zaidw\devlab\vms_works\nx_open\artifacts\qthttpserver /Z7 /nologo /W4 /WX- /diagnostics:column /MP /O2 /Ob2 /D _UNICODE /D UNICODE /D WIN32 /D _WINDOWS /D NDEBUG /D __STDC_CONSTANT_MACROS /D ENABLE_SSL /D BOOST_BIND_NO_PLACEHOLDERS /D _SILENCE_CXX17_ITERATOR_BASE_CLASS_DEPRECATION_WARNING /D QT_NO_EXCEPTIONS /D RAPIDJSON_HAS_STDSTRING /D BOOST_NO_CXX98_FUNCTION_BASE /D _CRT_RAND_S /D _WINSOCKAPI_= /D NOMINMAX= /D UNICODE /D WIN32_LEAN_AND_MEAN /D _DISABLE_CONSTEXPR_MUTEX_CONSTRUCTOR /D NX_FORCE_EXPORT= /D QT_QML_DEBUG /D _SILENCE_CXX17_OLD_ALLOCATOR_MEMBERS_DEPRECATION_WARNING /D _SILENCE_CXX17_ALLOCATOR_VOID_DEPRECATION_WARNING /D _CRT_SECURE_NO_WARNINGS /D _CRT_NONSTDC_NO_DEPRECATE /D _SCL_SECURE_NO_WARNINGS /D QT_CORE_LIB /D _ENABLE_EXTENDED_ALIGNED_STORAGE /D WIN64 /D _WIN64 /D _UNICODE /D QT_NETWORK_LIB /D "CMAKE_INTDIR=\"Release\"" /Zc:preprocessor /EHsc /MD /GS /fp:precise /Zc:wchar_t /Zc:forScope /Zc:inline /std:c++20 /permissive- /Fo"qthttpserver.dir\Release\\" /Fd"C:\Users\zaidw\devlab\vms_works\nx_open-build\dependencies\qthttpserver\Release\qthttpserver.pdb" /external:W0 /Gd /TP /wd4100 /wd4702 /wd4267 /wd4251 /wd4275 /wd5054 /wd4250 /wd5105 /wd26444 /errorReport:queue /we4717 /we4150 /we4172 /we4715 /we4005 /we4806 /we4099 /we5038  /external:I "C:/Users/zaidw/devlab/vms_works/nx_open-build/.conan_short/d20242/1/include/QtCore" /external:I "C:/Users/zaidw/devlab/vms_works/nx_open-build/.conan_short/d20242/1/include" /external:I "C:/Users/zaidw/devlab/vms_works/nx_open-build/.conan_short/d20242/1/mkspecs/win32-msvc" /external:I "C:/Users/zaidw/devlab/vms_works/nx_open-build/.conan_short/d20242/1/include/QtNetwork" /bigobj -Zc:__cplusplus -utf-8 C:\Users\zaidw\devlab\vms_works\nx_open\artifacts\qthttpserver\QtHttpClientWrapper.cpp C:\Users\zaidw\devlab\vms_works\nx_open\artifacts\qthttpserver\QtHttpHeader.cpp C:\Users\zaidw\devlab\vms_works\nx_open\artifacts\qthttpserver\QtHttpReply.cpp C:\Users\zaidw\devlab\vms_works\nx_open\artifacts\qthttpserver\QtHttpRequest.cpp C:\Users\zaidw\devlab\vms_works\nx_open\artifacts\qthttpserver\QtHttpServer.cpp "C:\Users\zaidw\devlab\vms_works\nx_open-build\dependencies\qthttpserver\__\__\artifacts\qthttpserver\moc_QtHttpClientWrapper.cpp" "C:\Users\zaidw\devlab\vms_works\nx_open-build\dependencies\qthttpserver\__\__\artifacts\qthttpserver\moc_QtHttpHeader.cpp" "C:\Users\zaidw\devlab\vms_works\nx_open-build\dependencies\qthttpserver\__\__\artifacts\qthttpserver\moc_QtHttpReply.cpp" "C:\Users\zaidw\devlab\vms_works\nx_open-build\dependencies\qthttpserver\__\__\artifacts\qthttpserver\moc_QtHttpRequest.cpp" "C:\Users\zaidw\devlab\vms_works\nx_open-build\dependencies\qthttpserver\__\__\artifacts\qthttpserver\moc_QtHttpServer.cpp"
09:58:28.827    55>ClCompile:
                     ini_config.cpp
                     test.cpp
                     utils.cpp
                     ini_config_ut.cpp
                     disabled_ini_config_ut.cpp
09:58:28.884    53>ClCompile:
                     QtHttpClientWrapper.cpp
                     QtHttpHeader.cpp
                     QtHttpReply.cpp
                     QtHttpRequest.cpp
                     QtHttpServer.cpp
                     moc_QtHttpClientWrapper.cpp
                     moc_QtHttpHeader.cpp
                     moc_QtHttpReply.cpp
                     moc_QtHttpRequest.cpp
                     moc_QtHttpServer.cpp
09:58:31.366    51>C:\Users\zaidw\devlab\vms_works\nx_open\artifacts\qtkeychain\keychain_win.cpp(28,15): warning C4458: declaration of 'error' hides class member [C:\Users\zaidw\devlab\vms_works\nx_open-build\dependencies\qtkeychain\qtkeychain.vcxproj]
09:58:31.366    51>    C:\Users\zaidw\devlab\vms_works\nx_open\artifacts\qtkeychain\keychain_p.h(75,22):
    see declaration of 'QKeychain::JobPrivate::error'

09:58:31.368    51>C:\Users\zaidw\devlab\vms_works\nx_open\artifacts\qtkeychain\keychain_win.cpp(78,15): warning C4458: declaration of 'error' hides class member [C:\Users\zaidw\devlab\vms_works\nx_open-build\dependencies\qtkeychain\qtkeychain.vcxproj]
                         C:\Users\zaidw\devlab\vms_works\nx_open\artifacts\qtkeychain\keychain_p.h(75,22):
                         see declaration of 'QKeychain::JobPrivate::error'
                     
09:58:31.572    55>MakeDirsForLink:
                     Creating directory "C:\Users\zaidw\devlab\vms_works\nx_open-build\open\artifacts\nx_kit\unit_tests\Release\".
                   Link:
                     C:\Program Files\Microsoft Visual Studio\2022\Community\VC\Tools\MSVC\14.38.33130\bin\HostX64\x64\link.exe /ERRORREPORT:QUEUE /OUT:"C:\Users\zaidw\devlab\vms_works\nx_open-build\bin\Release\disabled_ini_config_ut.dll" /INCREMENTAL:NO /NOLOGO /LIBPATH:"C:/Users/zaidw/devlab/vms_works/nx_open-build/lib" /LIBPATH:"C:/Users/zaidw/devlab/vms_works/nx_open-build/lib/Release" kernel32.lib user32.lib gdi32.lib winspool.lib shell32.lib ole32.lib oleaut32.lib uuid.lib comdlg32.lib advapi32.lib /MANIFEST /MANIFESTUAC:"level='asInvoker' uiAccess='false'" /manifest:embed /DEBUG /PDB:"C:/Users/zaidw/devlab/vms_works/nx_open-build/bin/Release/disabled_ini_config_ut.pdb" /SUBSYSTEM:CONSOLE /LARGEADDRESSAWARE /OPT:NOREF /TLBID:1 /DYNAMICBASE /NXCOMPAT /IMPLIB:"C:/Users/zaidw/devlab/vms_works/nx_open-build/open/artifacts/nx_kit/unit_tests/Release/disabled_ini_config_ut.lib" /MACHINE:X64  /machine:x64 /ignore:4221 /DLL disabled_ini_config_ut.dir\Release\ini_config.obj
                     disabled_ini_config_ut.dir\Release\test.obj
                     disabled_ini_config_ut.dir\Release\utils.obj
                     disabled_ini_config_ut.dir\Release\ini_config_ut.obj
                     disabled_ini_config_ut.dir\Release\disabled_ini_config_ut.obj
                        Creating library C:/Users/zaidw/devlab/vms_works/nx_open-build/open/artifacts/nx_kit/unit_tests/Release/disabled_ini_config_ut.lib and object C:/Users/zaidw/devlab/vms_works/nx_open-build/open/artifacts/nx_kit/unit_tests/Release/disabled_ini_config_ut.exp
                     disabled_ini_config_ut.vcxproj -> C:\Users\zaidw\devlab\vms_works\nx_open-build\bin\Release\disabled_ini_config_ut.dll
                   FinalizeBuildStatus:
                     Deleting file "disabled_ini_config_ut.dir\Release\disabled.E86D099F.tlog\unsuccessfulbuild".
                     Touching "disabled_ini_config_ut.dir\Release\disabled.E86D099F.tlog\disabled_ini_config_ut.lastbuildstate".
09:58:31.828    55>Done Building Project "C:\Users\zaidw\devlab\vms_works\nx_open-build\open\artifacts\nx_kit\unit_tests\disabled_ini_config_ut.vcxproj" (default targets).
09:58:31.878    12>FinalizeBuildStatus:
                     Deleting file "analytics_plugin_ut.dir\Release\analytic.E6A53993.tlog\unsuccessfulbuild".
                     Touching "analytics_plugin_ut.dir\Release\analytic.E6A53993.tlog\analytics_plugin_ut.lastbuildstate".
09:58:31.880    12>Done Building Project "C:\Users\zaidw\devlab\vms_works\nx_open-build\vms\server\plugins\analytics\unit_tests\analytics_plugin_ut.vcxproj" (default targets).
09:58:09.592     1>Project "C:\Users\zaidw\devlab\vms_works\nx_open-build\ALL_BUILD.vcxproj" (1) is building "C:\Users\zaidw\devlab\vms_works\nx_open-build\vms\client\nov_file_launcher\nov_file_launcher.vcxproj" (57) on node 1 (default targets).
09:58:31.968    57>PrepareForBuild:
                     Creating directory "nov_file_launcher.dir\Release\".
                     Structured output is enabled. The formatting of compiler diagnostics will reflect the error hierarchy. See https://aka.ms/cpp/structured-output for more details.
                     Creating directory "nov_file_launcher.dir\Release\nov_file.8C1728BD.tlog\".
                   InitializeBuildStatus:
                     Creating "nov_file_launcher.dir\Release\nov_file.8C1728BD.tlog\unsuccessfulbuild" because "AlwaysCreate" was specified.
                     Touching "nov_file_launcher.dir\Release\nov_file.8C1728BD.tlog\unsuccessfulbuild".
                   CustomBuild:
                     Building Custom Rule C:/Users/zaidw/devlab/vms_works/nx_open/vms/client/nov_file_launcher/CMakeLists.txt
                   ClCompile:
                     C:\Program Files\Microsoft Visual Studio\2022\Community\VC\Tools\MSVC\14.38.33130\bin\HostX64\x64\CL.exe /c /IC:\Users\zaidw\devlab\vms_works\nx_open\vms\client\nov_file_launcher\src /I"C:\Users\zaidw\devlab\vms_works\nx_open-build\vms\client\nov_file_launcher" /Z7 /nologo /W4 /WX- /diagnostics:column /MP /O2 /Ob2 /D _UNICODE /D UNICODE /D WIN32 /D _WINDOWS /D NDEBUG /D __STDC_CONSTANT_MACROS /D ENABLE_SSL /D BOOST_BIND_NO_PLACEHOLDERS /D _SILENCE_CXX17_ITERATOR_BASE_CLASS_DEPRECATION_WARNING /D QT_NO_EXCEPTIONS /D RAPIDJSON_HAS_STDSTRING /D BOOST_NO_CXX98_FUNCTION_BASE /D _CRT_RAND_S /D _WINSOCKAPI_= /D NOMINMAX= /D UNICODE /D WIN32_LEAN_AND_MEAN /D _DISABLE_CONSTEXPR_MUTEX_CONSTRUCTOR /D NX_FORCE_EXPORT= /D QT_QML_DEBUG /D _SILENCE_CXX17_OLD_ALLOCATOR_MEMBERS_DEPRECATION_WARNING /D _SILENCE_CXX17_ALLOCATOR_VOID_DEPRECATION_WARNING /D _CRT_SECURE_NO_WARNINGS /D _CRT_NONSTDC_NO_DEPRECATE /D _SCL_SECURE_NO_WARNINGS /D _UNICODE /D _LIBCPP_ENABLE_CXX17_REMOVED_UNARY_BINARY_FUNCTION /D NOGDI= /D "CMAKE_INTDIR=\"Release\"" /Zc:preprocessor /EHsc /MT /GS /fp:precise /Zc:wchar_t /Zc:forScope /Zc:inline /std:c++20 /Fo"nov_file_launcher.dir\Release\\" /Fd"nov_file_launcher.dir\Release\vc143.pdb" /external:W0 /Gd /TP /wd4100 /wd4702 /wd4267 /wd4251 /wd4275 /wd5054 /wd4250 /wd5105 /wd26444 /errorReport:queue /we4717 /we4150 /we4172 /we4715 /we4005 /we4806 /we4099 /we5038  /external:I "C:/Users/zaidw/devlab/vms_works/nx_open-build/.conan_short/d8731c/1/include" /bigobj C:\Users\zaidw\devlab\vms_works\nx_open\vms\client\nov_file_launcher\src\main.cpp C:\Users\zaidw\devlab\vms_works\nx_open\vms\client\nov_file_launcher\src\progress.cpp
                     main.cpp
                     progress.cpp
09:58:32.564    18>MakeDirsForLink:
                     Creating directory "C:\Users\zaidw\devlab\vms_works\nx_open-build\libs\nx_build_info\Release\".
                   Link:
                     C:\Program Files\Microsoft Visual Studio\2022\Community\VC\Tools\MSVC\14.38.33130\bin\HostX64\x64\link.exe /ERRORREPORT:QUEUE /OUT:"C:\Users\zaidw\devlab\vms_works\nx_open-build\bin\Release\nx_build_info.dll" /INCREMENTAL:NO /NOLOGO /LIBPATH:"C:/Users/zaidw/devlab/vms_works/nx_open-build/lib" /LIBPATH:"C:/Users/zaidw/devlab/vms_works/nx_open-build/lib/Release" /LIBPATH:"C:/Users/zaidw/devlab/vms_works/nx_open-build/.conan_short/d8731c/1/lib" /LIBPATH:"C:/Users/zaidw/devlab/vms_works/nx_open-build/.conan_short/d8731c/1/lib/Release" ..\..\.conan_short\d20242\1\lib\Qt6Cored.lib ..\..\open\artifacts\nx_kit\Release\nx_kit.lib ..\nx_reflect\Release\nx_reflect.lib mpr.lib userenv.lib kernel32.lib user32.lib gdi32.lib winspool.lib shell32.lib ole32.lib oleaut32.lib uuid.lib comdlg32.lib advapi32.lib /MANIFEST /MANIFESTUAC:"level='asInvoker' uiAccess='false'" /manifest:embed /DEBUG /PDB:"C:/Users/zaidw/devlab/vms_works/nx_open-build/bin/Release/nx_build_info.pdb" /SUBSYSTEM:CONSOLE /LARGEADDRESSAWARE /OPT:NOREF /TLBID:1 /DYNAMICBASE /NXCOMPAT /IMPLIB:"C:/Users/zaidw/devlab/vms_works/nx_open-build/libs/nx_build_info/Release/nx_build_info.lib" /MACHINE:X64  /machine:x64 /ignore:4221 /DLL nx_build_info.dir\Release\ini.obj
                     nx_build_info.dir\Release\build_info_proxy.obj
                     nx_build_info.dir\Release\build_info.obj
                     nx_build_info.dir\Release\moc_build_info.obj
                     nx_build_info.dir\Release\moc_ini.obj
                     nx_build_info.dir\Release\moc_build_info_proxy.obj
                        Creating library C:/Users/zaidw/devlab/vms_works/nx_open-build/libs/nx_build_info/Release/nx_build_info.lib and object C:/Users/zaidw/devlab/vms_works/nx_open-build/libs/nx_build_info/Release/nx_build_info.exp
09:58:09.592     1>Project "C:\Users\zaidw\devlab\vms_works\nx_open-build\ALL_BUILD.vcxproj" (1) is building "C:\Users\zaidw\devlab\vms_works\nx_open-build\open\artifacts\nx_kit\unit_tests\nx_kit_ut.vcxproj" (61) on node 1 (default targets).
09:58:32.742    61>PrepareForBuild:
                     Creating directory "nx_kit_ut.dir\Release\".
                     Structured output is enabled. The formatting of compiler diagnostics will reflect the error hierarchy. See https://aka.ms/cpp/structured-output for more details.
                     Creating directory "nx_kit_ut.dir\Release\nx_kit_ut.tlog\".
                   InitializeBuildStatus:
                     Creating "nx_kit_ut.dir\Release\nx_kit_ut.tlog\unsuccessfulbuild" because "AlwaysCreate" was specified.
                     Touching "nx_kit_ut.dir\Release\nx_kit_ut.tlog\unsuccessfulbuild".
09:58:32.568    18>Link:
                     nx_build_info.vcxproj -> C:\Users\zaidw\devlab\vms_works\nx_open-build\bin\Release\nx_build_info.dll
09:58:32.749    61>CustomBuild:
                     Building Custom Rule C:/Users/zaidw/devlab/vms_works/nx_open/artifacts/nx_kit/unit_tests/CMakeLists.txt
09:58:32.794    18>FinalizeBuildStatus:
                     Deleting file "nx_build_info.dir\Release\nx_build_info.tlog\unsuccessfulbuild".
                     Touching "nx_build_info.dir\Release\nx_build_info.tlog\nx_build_info.lastbuildstate".
09:58:32.799    18>Done Building Project "C:\Users\zaidw\devlab\vms_works\nx_open-build\libs\nx_build_info\nx_build_info.vcxproj" (default targets).
09:58:32.814    40>Lib:
                     C:\Program Files\Microsoft Visual Studio\2022\Community\VC\Tools\MSVC\14.38.33130\bin\HostX64\x64\Lib.exe /OUT:"C:\Users\zaidw\devlab\vms_works\nx_open-build\lib\Release\gtest.lib" /NOLOGO /MACHINE:X64  /machine:x64 /ignore:4221 "gtest.dir\Release\gtest-all.obj"
09:58:09.592     1>Project "C:\Users\zaidw\devlab\vms_works\nx_open-build\ALL_BUILD.vcxproj" (1) is building "C:\Users\zaidw\devlab\vms_works\nx_open-build\vms\libs\nx_sdk\unit_tests\nx_sdk_ut.vcxproj" (70) on node 4 (default targets).
09:58:32.849    70>PrepareForBuild:
                     Creating directory "nx_sdk_ut.dir\Release\".
                     Structured output is enabled. The formatting of compiler diagnostics will reflect the error hierarchy. See https://aka.ms/cpp/structured-output for more details.
                     Creating directory "nx_sdk_ut.dir\Release\nx_sdk_ut.tlog\".
                   InitializeBuildStatus:
                     Creating "nx_sdk_ut.dir\Release\nx_sdk_ut.tlog\unsuccessfulbuild" because "AlwaysCreate" was specified.
                     Touching "nx_sdk_ut.dir\Release\nx_sdk_ut.tlog\unsuccessfulbuild".
                   CustomBuild:
                     Building Custom Rule C:/Users/zaidw/devlab/vms_works/nx_open/vms/libs/nx_sdk/unit_tests/CMakeLists.txt
09:58:32.814    40>Lib:
                     gtest.vcxproj -> C:\Users\zaidw\devlab\vms_works\nx_open-build\lib\Release\gtest.lib
                   FinalizeBuildStatus:
                     Deleting file "gtest.dir\Release\gtest.tlog\unsuccessfulbuild".
                     Touching "gtest.dir\Release\gtest.tlog\gtest.lastbuildstate".
09:58:32.949    40>Done Building Project "C:\Users\zaidw\devlab\vms_works\nx_open-build\artifacts\googletest\googletest\gtest.vcxproj" (default targets).
09:58:32.956    70>ClCompile:
                     C:\Program Files\Microsoft Visual Studio\2022\Community\VC\Tools\MSVC\14.38.33130\bin\HostX64\x64\CL.exe /c /IC:\Users\zaidw\devlab\vms_works\nx_open\artifacts\nx_kit\src /IC:\Users\zaidw\devlab\vms_works\nx_open\vms\libs\nx_sdk\src /Z7 /nologo /W4 /WX- /diagnostics:column /MP /O2 /Ob2 /D _MBCS /D WIN32 /D _WINDOWS /D NDEBUG /D NX_PLUGIN_API= /D __STDC_CONSTANT_MACROS /D ENABLE_SSL /D BOOST_BIND_NO_PLACEHOLDERS /D _SILENCE_CXX17_ITERATOR_BASE_CLASS_DEPRECATION_WARNING /D QT_NO_EXCEPTIONS /D RAPIDJSON_HAS_STDSTRING /D BOOST_NO_CXX98_FUNCTION_BASE /D _CRT_RAND_S /D _WINSOCKAPI_= /D NOMINMAX= /D UNICODE /D WIN32_LEAN_AND_MEAN /D _DISABLE_CONSTEXPR_MUTEX_CONSTRUCTOR /D NX_FORCE_EXPORT= /D QT_QML_DEBUG /D _SILENCE_CXX17_OLD_ALLOCATOR_MEMBERS_DEPRECATION_WARNING /D _SILENCE_CXX17_ALLOCATOR_VOID_DEPRECATION_WARNING /D _CRT_SECURE_NO_WARNINGS /D _CRT_NONSTDC_NO_DEPRECATE /D _SCL_SECURE_NO_WARNINGS /D _LIBCPP_ENABLE_CXX17_REMOVED_UNARY_BINARY_FUNCTION /D NOGDI= /D "NX_KIT_API=__declspec(dllimport)" /D NX_SDK_API= /D "CMAKE_INTDIR=\"Release\"" /Zc:preprocessor /EHsc /MD /GS /fp:precise /Zc:wchar_t /Zc:forScope /Zc:inline /std:c++20 /Fo"nx_sdk_ut.dir\Release\\" /Fd"nx_sdk_ut.dir\Release\vc143.pdb" /external:W4 /Gd /TP /wd4100 /wd4702 /wd4267 /wd4251 /wd4275 /wd5054 /wd4250 /wd5105 /wd26444 /errorReport:queue /we4717 /we4150 /we4172 /we4715 /we4005 /we4806 /we4099 /we5038  /bigobj C:\Users\zaidw\devlab\vms_works\nx_open\vms\libs\nx_sdk\unit_tests\src\ref_countable_ut.cpp C:\Users\zaidw\devlab\vms_works\nx_open\vms\libs\nx_sdk\unit_tests\src\ptr_ut.cpp C:\Users\zaidw\devlab\vms_works\nx_open\vms\libs\nx_sdk\unit_tests\src\uuid_helper_ut.cpp C:\Users\zaidw\devlab\vms_works\nx_open\vms\libs\nx_sdk\unit_tests\src\main.cpp
09:58:33.003    61>ClCompile:
                     C:\Program Files\Microsoft Visual Studio\2022\Community\VC\Tools\MSVC\14.38.33130\bin\HostX64\x64\CL.exe /c /IC:\Users\zaidw\devlab\vms_works\nx_open\artifacts\nx_kit\src /Z7 /nologo /W4 /WX /diagnostics:column /MP /O2 /Ob2 /D _MBCS /D WIN32 /D _WINDOWS /D NDEBUG /D __STDC_CONSTANT_MACROS /D ENABLE_SSL /D BOOST_BIND_NO_PLACEHOLDERS /D _SILENCE_CXX17_ITERATOR_BASE_CLASS_DEPRECATION_WARNING /D QT_NO_EXCEPTIONS /D RAPIDJSON_HAS_STDSTRING /D BOOST_NO_CXX98_FUNCTION_BASE /D _CRT_RAND_S /D _WINSOCKAPI_= /D NOMINMAX= /D UNICODE /D WIN32_LEAN_AND_MEAN /D _DISABLE_CONSTEXPR_MUTEX_CONSTRUCTOR /D NX_FORCE_EXPORT= /D QT_QML_DEBUG /D _SILENCE_CXX17_OLD_ALLOCATOR_MEMBERS_DEPRECATION_WARNING /D _SILENCE_CXX17_ALLOCATOR_VOID_DEPRECATION_WARNING /D _CRT_SECURE_NO_WARNINGS /D _CRT_NONSTDC_NO_DEPRECATE /D _SCL_SECURE_NO_WARNINGS /D "NX_KIT_API=__declspec(dllimport)" /D "DISABLED_INI_CONFIG_UT_API=__declspec(dllimport)" /D "CMAKE_INTDIR=\"Release\"" /Zc:preprocessor /EHsc /MD /GS /fp:precise /Zc:wchar_t /Zc:forScope /Zc:inline /Fo"nx_kit_ut.dir\Release\\" /Fd"nx_kit_ut.dir\Release\vc143.pdb" /external:W4 /Gd /TP /wd4100 /wd4702 /wd4267 /wd4251 /wd4275 /wd5054 /wd4250 /wd5105 /wd26444 /errorReport:queue /we4717 /we4150 /we4172 /we4715 /we4005 /we4806 /we4099 /we5038  /bigobj /utf-8 C:\Users\zaidw\devlab\vms_works\nx_open\artifacts\nx_kit\unit_tests\src\utils_ut.cpp C:\Users\zaidw\devlab\vms_works\nx_open\artifacts\nx_kit\unit_tests\src\output_redirector_ut.cpp C:\Users\zaidw\devlab\vms_works\nx_open\artifacts\nx_kit\unit_tests\src\debug_ut.cpp C:\Users\zaidw\devlab\vms_works\nx_open\artifacts\nx_kit\unit_tests\src\test_ut.cpp C:\Users\zaidw\devlab\vms_works\nx_open\artifacts\nx_kit\unit_tests\src\ini_config_ut.cpp C:\Users\zaidw\devlab\vms_works\nx_open\artifacts\nx_kit\unit_tests\src\ini.cpp C:\Users\zaidw\devlab\vms_works\nx_open\artifacts\nx_kit\unit_tests\src\ini_config_c_ut.cpp C:\Users\zaidw\devlab\vms_works\nx_open\artifacts\nx_kit\unit_tests\src\json_ut.cpp C:\Users\zaidw\devlab\vms_works\nx_open\artifacts\nx_kit\unit_tests\src\flags_ut.cpp C:\Users\zaidw\devlab\vms_works\nx_open\artifacts\nx_kit\unit_tests\src\main.cpp
09:58:32.956    70>ClCompile:
                     ref_countable_ut.cpp
                     ptr_ut.cpp
                     uuid_helper_ut.cpp
                     main.cpp
09:58:10.371    13>Project "C:\Users\zaidw\devlab\vms_works\nx_open-build\vms\libs\appserver2\unit_tests\appserver2_ut.vcxproj" (13) is building "C:\Users\zaidw\devlab\vms_works\nx_open-build\artifacts\googletest\googletest\gtest_main.vcxproj" (41) on node 1 (default targets).
09:58:33.082    41>PrepareForBuild:
                     Creating directory "gtest_main.dir\Release\".
                     Structured output is enabled. The formatting of compiler diagnostics will reflect the error hierarchy. See https://aka.ms/cpp/structured-output for more details.
                     Creating directory "gtest_main.dir\Release\gtest_main.tlog\".
                   InitializeBuildStatus:
                     Creating "gtest_main.dir\Release\gtest_main.tlog\unsuccessfulbuild" because "AlwaysCreate" was specified.
                     Touching "gtest_main.dir\Release\gtest_main.tlog\unsuccessfulbuild".
09:58:33.003    61>ClCompile:
                     utils_ut.cpp
                     output_redirector_ut.cpp
                     debug_ut.cpp
                     test_ut.cpp
                     ini_config_ut.cpp
                     ini.cpp
                     ini_config_c_ut.cpp
                     json_ut.cpp
                     flags_ut.cpp
                     main.cpp
09:58:33.094    41>CustomBuild:
                     Building Custom Rule C:/Users/zaidw/devlab/vms_works/nx_open/artifacts/googletest/googletest/CMakeLists.txt
09:58:33.658    51>MakeDirsForLink:
                     Creating directory "C:\Users\zaidw\devlab\vms_works\nx_open-build\dependencies\qtkeychain\Release\".
                   Link:
                     C:\Program Files\Microsoft Visual Studio\2022\Community\VC\Tools\MSVC\14.38.33130\bin\HostX64\x64\link.exe /ERRORREPORT:QUEUE /OUT:"C:\Users\zaidw\devlab\vms_works\nx_open-build\bin\Release\qtkeychain.dll" /INCREMENTAL:NO /NOLOGO /LIBPATH:"C:/Users/zaidw/devlab/vms_works/nx_open-build/lib" /LIBPATH:"C:/Users/zaidw/devlab/vms_works/nx_open-build/lib/Release" ..\..\.conan_short\d20242\1\lib\Qt6Cored.lib mpr.lib userenv.lib kernel32.lib user32.lib gdi32.lib winspool.lib shell32.lib ole32.lib oleaut32.lib uuid.lib comdlg32.lib advapi32.lib /MANIFEST /MANIFESTUAC:"level='asInvoker' uiAccess='false'" /manifest:embed /DEBUG /PDB:"C:/Users/zaidw/devlab/vms_works/nx_open-build/bin/Release/qtkeychain.pdb" /SUBSYSTEM:CONSOLE /LARGEADDRESSAWARE /OPT:NOREF /TLBID:1 /DYNAMICBASE /NXCOMPAT /IMPLIB:"C:/Users/zaidw/devlab/vms_works/nx_open-build/dependencies/qtkeychain/Release/qtkeychain.lib" /MACHINE:X64  /machine:x64 /ignore:4221 /DLL qtkeychain.dir\Release\keychain.obj
                     qtkeychain.dir\Release\keychain_win.obj
                     qtkeychain.dir\Release\moc_keychain.obj
                     qtkeychain.dir\Release\moc_keychain_p.obj
                     qtkeychain.dir\Release\moc_gnomekeyring_p.obj
                        Creating library C:/Users/zaidw/devlab/vms_works/nx_open-build/dependencies/qtkeychain/Release/qtkeychain.lib and object C:/Users/zaidw/devlab/vms_works/nx_open-build/dependencies/qtkeychain/Release/qtkeychain.exp
09:58:34.014    57>C:\Users\zaidw\devlab\vms_works\nx_open\vms\client\nov_file_launcher\src\main.cpp(212,19): warning C4146: unary minus operator applied to unsigned type, result still unsigned [C:\Users\zaidw\devlab\vms_works\nx_open-build\vms\client\nov_file_launcher\nov_file_launcher.vcxproj]
09:58:34.025    57>C:\Users\zaidw\devlab\vms_works\nx_open\vms\client\nov_file_launcher\src\main.cpp(213,19): warning C4189: 'novPosOffset': local variable is initialized but not referenced [C:\Users\zaidw\devlab\vms_works\nx_open-build\vms\client\nov_file_launcher\nov_file_launcher.vcxproj]
09:58:34.025    57>C:\Users\zaidw\devlab\vms_works\nx_open\vms\client\nov_file_launcher\src\main.cpp(242,17): warning C4189: 'curPos': local variable is initialized but not referenced [C:\Users\zaidw\devlab\vms_works\nx_open-build\vms\client\nov_file_launcher\nov_file_launcher.vcxproj]
09:58:34.252    70>C:\Users\zaidw\devlab\vms_works\nx_open\vms\libs\nx_sdk\unit_tests\src\uuid_helper_ut.cpp(97,60): warning C4244: 'argument': conversion from 'int' to 'const _Elem', possible loss of data [C:\Users\zaidw\devlab\vms_works\nx_open-build\vms\libs\nx_sdk\unit_tests\nx_sdk_ut.vcxproj]
C:\Users\zaidw\devlab\vms_works\nx_open\vms\libs\nx_sdk\unit_tests\src\uuid_helper_ut.cpp(97,60): warning C4244:         with [C:\Users\zaidw\devlab\vms_works\nx_open-build\vms\libs\nx_sdk\unit_tests\nx_sdk_ut.vcxproj]
C:\Users\zaidw\devlab\vms_works\nx_open\vms\libs\nx_sdk\unit_tests\src\uuid_helper_ut.cpp(97,60): warning C4244:         [ [C:\Users\zaidw\devlab\vms_works\nx_open-build\vms\libs\nx_sdk\unit_tests\nx_sdk_ut.vcxproj]
C:\Users\zaidw\devlab\vms_works\nx_open\vms\libs\nx_sdk\unit_tests\src\uuid_helper_ut.cpp(97,60): warning C4244:             _Elem=char [C:\Users\zaidw\devlab\vms_works\nx_open-build\vms\libs\nx_sdk\unit_tests\nx_sdk_ut.vcxproj]
C:\Users\zaidw\devlab\vms_works\nx_open\vms\libs\nx_sdk\unit_tests\src\uuid_helper_ut.cpp(97,60): warning C4244:         ] [C:\Users\zaidw\devlab\vms_works\nx_open-build\vms\libs\nx_sdk\unit_tests\nx_sdk_ut.vcxproj]
09:58:34.254    70>C:\Users\zaidw\devlab\vms_works\nx_open\vms\libs\nx_sdk\unit_tests\src\uuid_helper_ut.cpp(108,14): warning C4456: declaration of 'i' hides previous local declaration [C:\Users\zaidw\devlab\vms_works\nx_open-build\vms\libs\nx_sdk\unit_tests\nx_sdk_ut.vcxproj]
09:58:34.254    70>    C:\Users\zaidw\devlab\vms_works\nx_open\vms\libs\nx_sdk\unit_tests\src\uuid_helper_ut.cpp(107,14):
    see declaration of 'i'

09:58:10.465    21>Project "C:\Users\zaidw\devlab\vms_works\nx_open-build\vms\libs\nx_codec\nx_codec.vcxproj" (21) is building "C:\Users\zaidw\devlab\vms_works\nx_open-build\libs\nx_utils\nx_utils.vcxproj" (23) on node 3 (default targets).
09:58:34.063    23>PrepareForBuild:
                     Creating directory "nx_utils.dir\Release\".
                     Structured output is enabled. The formatting of compiler diagnostics will reflect the error hierarchy. See https://aka.ms/cpp/structured-output for more details.
                     Creating directory "nx_utils.dir\Release\nx_utils.tlog\".
                   InitializeBuildStatus:
                     Creating "nx_utils.dir\Release\nx_utils.tlog\unsuccessfulbuild" because "AlwaysCreate" was specified.
                     Touching "nx_utils.dir\Release\nx_utils.tlog\unsuccessfulbuild".
09:58:33.660    51>Link:
                     qtkeychain.vcxproj -> C:\Users\zaidw\devlab\vms_works\nx_open-build\bin\Release\qtkeychain.dll
                   FinalizeBuildStatus:
                     Deleting file "qtkeychain.dir\Release\qtkeychain.tlog\unsuccessfulbuild".
                     Touching "qtkeychain.dir\Release\qtkeychain.tlog\qtkeychain.lastbuildstate".
09:58:34.761    51>Done Building Project "C:\Users\zaidw\devlab\vms_works\nx_open-build\dependencies\qtkeychain\qtkeychain.vcxproj" (default targets).
09:58:34.766    41>ClCompile:
                     C:\Program Files\Microsoft Visual Studio\2022\Community\VC\Tools\MSVC\14.38.33130\bin\HostX64\x64\CL.exe /c /Z7 /nologo /W4 /WX /diagnostics:column /MP /O2 /Ob2 /D _UNICODE /D UNICODE /D WIN32 /D _WINDOWS /D NDEBUG /D _UNICODE /D UNICODE /D _WIN32 /D STRICT /D WIN32_LEAN_AND_MEAN /D GTEST_HAS_PTHREAD=0 /D _HAS_EXCEPTIONS=1 /D __STDC_CONSTANT_MACROS /D ENABLE_SSL /D BOOST_BIND_NO_PLACEHOLDERS /D _SILENCE_CXX17_ITERATOR_BASE_CLASS_DEPRECATION_WARNING /D QT_NO_EXCEPTIONS /D RAPIDJSON_HAS_STDSTRING /D BOOST_NO_CXX98_FUNCTION_BASE /D _CRT_RAND_S /D _WINSOCKAPI_= /D NOMINMAX= /D _DISABLE_CONSTEXPR_MUTEX_CONSTRUCTOR /D NX_FORCE_EXPORT= /D QT_QML_DEBUG /D _SILENCE_CXX17_OLD_ALLOCATOR_MEMBERS_DEPRECATION_WARNING /D _SILENCE_CXX17_ALLOCATOR_VOID_DEPRECATION_WARNING /D _CRT_SECURE_NO_WARNINGS /D _CRT_NONSTDC_NO_DEPRECATE /D _SCL_SECURE_NO_WARNINGS /D "CMAKE_INTDIR=\"Release\"" /Zc:preprocessor /EHsc /MD /GS /fp:precise /Zc:wchar_t /Zc:forScope /Zc:inline /std:c++20 /Fo"gtest_main.dir\Release\\" /Fd"C:\Users\zaidw\devlab\vms_works\nx_open-build\bin\Release\gtest_main.pdb" /external:W0 /Gd /TP /wd4251 /wd4275 /wd4702 /wd4100 /wd4702 /wd4267 /wd4251 /wd4275 /wd5054 /wd4250 /wd5105 /wd26444 /errorReport:queue /we4717 /we4150 /we4172 /we4715 /we4005 /we4806 /we4099 /we5038  /external:I "C:/Users/zaidw/devlab/vms_works/nx_open/artifacts/googletest/googletest/include" /external:I "C:/Users/zaidw/devlab/vms_works/nx_open/artifacts/googletest/googletest" -J -utf-8 /bigobj C:\Users\zaidw\devlab\vms_works\nx_open\artifacts\googletest\googletest\src\gtest_main.cc
09:58:34.072    23>CustomBuild:
                     Generating qrc_nx_utils.cpp
09:58:09.592     1>Project "C:\Users\zaidw\devlab\vms_works\nx_open-build\ALL_BUILD.vcxproj" (1) is building "C:\Users\zaidw\devlab\vms_works\nx_open-build\dependencies\qt-mustache\qt-mustache.vcxproj" (82) on node 4 (default targets).
09:58:34.854    82>PrepareForBuild:
                     Creating directory "qt-mustache.dir\Release\".
                     Structured output is enabled. The formatting of compiler diagnostics will reflect the error hierarchy. See https://aka.ms/cpp/structured-output for more details.
                     Creating directory "C:\Users\zaidw\devlab\vms_works\nx_open-build\dependencies\qt-mustache\Release\".
                     Creating directory "qt-mustache.dir\Release\qt-mustache.tlog\".
                   InitializeBuildStatus:
                     Creating "qt-mustache.dir\Release\qt-mustache.tlog\unsuccessfulbuild" because "AlwaysCreate" was specified.
                     Touching "qt-mustache.dir\Release\qt-mustache.tlog\unsuccessfulbuild".
09:58:34.766    41>ClCompile:
                     gtest_main.cc
09:58:34.072    23>CustomBuild:
                     Generating src/nx/utils/moc_counter.cpp
09:58:34.864    82>CustomBuild:
                     Building Custom Rule C:/Users/zaidw/devlab/vms_works/nx_open/dependencies/qt-mustache/CMakeLists.txt
                   ClCompile:
                     C:\Program Files\Microsoft Visual Studio\2022\Community\VC\Tools\MSVC\14.38.33130\bin\HostX64\x64\CL.exe /c /I"C:\Users\zaidw\devlab\vms_works\nx_open\artifacts\qt-mustache\src" /Z7 /nologo /W4 /WX- /diagnostics:column /MP /O2 /Ob2 /D _UNICODE /D UNICODE /D WIN32 /D _WINDOWS /D NDEBUG /D __STDC_CONSTANT_MACROS /D ENABLE_SSL /D BOOST_BIND_NO_PLACEHOLDERS /D _SILENCE_CXX17_ITERATOR_BASE_CLASS_DEPRECATION_WARNING /D QT_NO_EXCEPTIONS /D RAPIDJSON_HAS_STDSTRING /D BOOST_NO_CXX98_FUNCTION_BASE /D _CRT_RAND_S /D _WINSOCKAPI_= /D NOMINMAX= /D UNICODE /D WIN32_LEAN_AND_MEAN /D _DISABLE_CONSTEXPR_MUTEX_CONSTRUCTOR /D NX_FORCE_EXPORT= /D QT_QML_DEBUG /D _SILENCE_CXX17_OLD_ALLOCATOR_MEMBERS_DEPRECATION_WARNING /D _SILENCE_CXX17_ALLOCATOR_VOID_DEPRECATION_WARNING /D _CRT_SECURE_NO_WARNINGS /D _CRT_NONSTDC_NO_DEPRECATE /D _SCL_SECURE_NO_WARNINGS /D QT_CORE_LIB /D _ENABLE_EXTENDED_ALIGNED_STORAGE /D WIN64 /D _WIN64 /D _UNICODE /D "CMAKE_INTDIR=\"Release\"" /Zc:preprocessor /EHsc /MD /GS /fp:precise /Zc:wchar_t /Zc:forScope /Zc:inline /std:c++20 /permissive- /Fo"qt-mustache.dir\Release\\" /Fd"C:\Users\zaidw\devlab\vms_works\nx_open-build\dependencies\qt-mustache\Release\qt-mustache.pdb" /external:W0 /Gd /TP /wd4100 /wd4702 /wd4267 /wd4251 /wd4275 /wd5054 /wd4250 /wd5105 /wd26444 /errorReport:queue /we4717 /we4150 /we4172 /we4715 /we4005 /we4806 /we4099 /we5038  /external:I "C:/Users/zaidw/devlab/vms_works/nx_open-build/.conan_short/d20242/1/include/QtCore" /external:I "C:/Users/zaidw/devlab/vms_works/nx_open-build/.conan_short/d20242/1/include" /external:I "C:/Users/zaidw/devlab/vms_works/nx_open-build/.conan_short/d20242/1/mkspecs/win32-msvc" /bigobj -Zc:__cplusplus -utf-8 "C:\Users\zaidw\devlab\vms_works\nx_open\artifacts\qt-mustache\src\qt-mustache\mustache.cpp"
09:58:34.072    23>CustomBuild:
                     Generating src/nx/utils/moc_safe_direct_connection.cpp
09:58:35.118    82>ClCompile:
                     mustache.cpp
09:58:34.072    23>CustomBuild:
                     Generating src/nx/utils/moc_software_version.cpp
                     Generating src/nx/utils/moc_uuid.cpp
                     Generating src/nx/utils/moc_url.cpp
                     Generating src/nx/utils/crypt/moc_crypted_file_stream.cpp
                     Generating src/nx/utils/thread/moc_long_runnable.cpp
09:58:35.481    57>ResourceCompile:
                     C:\Program Files (x86)\Windows Kits\10\bin\10.0.26100.0\x64\rc.exe /D _UNICODE /D UNICODE /D WIN32 /D _WINDOWS /D NDEBUG /D __STDC_CONSTANT_MACROS /D ENABLE_SSL /D BOOST_BIND_NO_PLACEHOLDERS /D _SILENCE_CXX17_ITERATOR_BASE_CLASS_DEPRECATION_WARNING /D QT_NO_EXCEPTIONS /D RAPIDJSON_HAS_STDSTRING /D BOOST_NO_CXX98_FUNCTION_BASE /D _CRT_RAND_S /D _WINSOCKAPI_= /D NOMINMAX= /D UNICODE /D WIN32_LEAN_AND_MEAN /D _DISABLE_CONSTEXPR_MUTEX_CONSTRUCTOR /D NX_FORCE_EXPORT= /D QT_QML_DEBUG /D _SILENCE_CXX17_OLD_ALLOCATOR_MEMBERS_DEPRECATION_WARNING /D _SILENCE_CXX17_ALLOCATOR_VOID_DEPRECATION_WARNING /D _CRT_SECURE_NO_WARNINGS /D _CRT_NONSTDC_NO_DEPRECATE /D _SCL_SECURE_NO_WARNINGS /D _UNICODE /D _LIBCPP_ENABLE_CXX17_REMOVED_UNARY_BINARY_FUNCTION /D NOGDI= /D "CMAKE_INTDIR=\\\"Release\\\"" /l"0x0409" /IC:\Users\zaidw\devlab\vms_works\nx_open\vms\client\nov_file_launcher\src /I"C:\Users\zaidw\devlab\vms_works\nx_open-build\vms\client\nov_file_launcher" /I"C:\Users\zaidw\devlab\vms_works\nx_open-build\.conan_short\d8731c\1\include" /nologo /fo"nov_file_launcher.dir\Release\launcher.res" C:\Users\zaidw\devlab\vms_works\nx_open\vms\client\nov_file_launcher\src\launcher.rc 
09:58:34.072    23>CustomBuild:
                     Generating src/nx/utils/thread/moc_thread.cpp
09:58:35.481    57>ResourceCompile:
                     C:\Program Files (x86)\Windows Kits\10\bin\10.0.26100.0\x64\rc.exe /D _UNICODE /D UNICODE /D WIN32 /D _WINDOWS /D NDEBUG /D __STDC_CONSTANT_MACROS /D ENABLE_SSL /D BOOST_BIND_NO_PLACEHOLDERS /D _SILENCE_CXX17_ITERATOR_BASE_CLASS_DEPRECATION_WARNING /D QT_NO_EXCEPTIONS /D RAPIDJSON_HAS_STDSTRING /D BOOST_NO_CXX98_FUNCTION_BASE /D _CRT_RAND_S /D _WINSOCKAPI_= /D NOMINMAX= /D UNICODE /D WIN32_LEAN_AND_MEAN /D _DISABLE_CONSTEXPR_MUTEX_CONSTRUCTOR /D NX_FORCE_EXPORT= /D QT_QML_DEBUG /D _SILENCE_CXX17_OLD_ALLOCATOR_MEMBERS_DEPRECATION_WARNING /D _SILENCE_CXX17_ALLOCATOR_VOID_DEPRECATION_WARNING /D _CRT_SECURE_NO_WARNINGS /D _CRT_NONSTDC_NO_DEPRECATE /D _SCL_SECURE_NO_WARNINGS /D _UNICODE /D _LIBCPP_ENABLE_CXX17_REMOVED_UNARY_BINARY_FUNCTION /D NOGDI= /D "CMAKE_INTDIR=\\\"Release\\\"" /l"0x0409" /IC:\Users\zaidw\devlab\vms_works\nx_open\vms\client\nov_file_launcher\src /I"C:\Users\zaidw\devlab\vms_works\nx_open-build\vms\client\nov_file_launcher" /I"C:\Users\zaidw\devlab\vms_works\nx_open-build\.conan_short\d8731c\1\include" /nologo /fo"nov_file_launcher.dir\Release\nov_file_launcher.res" "C:\Users\zaidw\devlab\vms_works\nx_open-build\vms\client\nov_file_launcher\nov_file_launcher.rc" 
09:58:34.072    23>CustomBuild:
                     Generating src/nx/utils/moc_async_handler_executor_detail.cpp
09:58:35.622    57>MakeDirsForLink:
                     Creating directory "C:\Users\zaidw\devlab\vms_works\nx_open-build\vms\client\nov_file_launcher\Release\".
                   Link:
                     C:\Program Files\Microsoft Visual Studio\2022\Community\VC\Tools\MSVC\14.38.33130\bin\HostX64\x64\link.exe /ERRORREPORT:QUEUE /OUT:"C:\Users\zaidw\devlab\vms_works\nx_open-build\bin\Release\launcher.exe" /INCREMENTAL:NO /NOLOGO /LIBPATH:"C:/Users/zaidw/devlab/vms_works/nx_open-build/lib" /LIBPATH:"C:/Users/zaidw/devlab/vms_works/nx_open-build/lib/Release" /LIBPATH:"C:/Users/zaidw/devlab/vms_works/nx_open-build/.conan_short/d8731c/1/lib" /LIBPATH:"C:/Users/zaidw/devlab/vms_works/nx_open-build/.conan_short/d8731c/1/lib/Release" msi.lib comctl32.lib kernel32.lib user32.lib gdi32.lib winspool.lib shell32.lib ole32.lib oleaut32.lib uuid.lib comdlg32.lib advapi32.lib /MANIFEST /MANIFESTUAC:"level='asInvoker' uiAccess='false'" /manifest:embed /DEBUG /PDB:"C:/Users/zaidw/devlab/vms_works/nx_open-build/bin/Release/launcher.pdb" /SUBSYSTEM:WINDOWS /LARGEADDRESSAWARE /OPT:NOREF /TLBID:1 /DYNAMICBASE /NXCOMPAT /IMPLIB:"C:/Users/zaidw/devlab/vms_works/nx_open-build/vms/client/nov_file_launcher/Release/launcher.lib" /MACHINE:X64  /machine:x64 /ignore:4221 /entry:mainCRTStartup nov_file_launcher.dir\Release\launcher.res
                     nov_file_launcher.dir\Release\nov_file_launcher.res
                     nov_file_launcher.dir\Release\main.obj
                     nov_file_launcher.dir\Release\progress.obj
09:58:34.072    23>CustomBuild:
                     Building Custom Rule C:/Users/zaidw/devlab/vms_works/nx_open/libs/nx_utils/CMakeLists.txt
09:58:35.760    53>Lib:
                     C:\Program Files\Microsoft Visual Studio\2022\Community\VC\Tools\MSVC\14.38.33130\bin\HostX64\x64\Lib.exe /OUT:"C:\Users\zaidw\devlab\vms_works\nx_open-build\dependencies\qthttpserver\Release\qthttpserver.lib" /NOLOGO /MACHINE:X64  /machine:x64 /ignore:4221 qthttpserver.dir\Release\QtHttpClientWrapper.obj
                     qthttpserver.dir\Release\QtHttpHeader.obj
                     qthttpserver.dir\Release\QtHttpReply.obj
                     qthttpserver.dir\Release\QtHttpRequest.obj
                     qthttpserver.dir\Release\QtHttpServer.obj
                     qthttpserver.dir\Release\moc_QtHttpClientWrapper.obj
                     qthttpserver.dir\Release\moc_QtHttpHeader.obj
                     qthttpserver.dir\Release\moc_QtHttpReply.obj
                     qthttpserver.dir\Release\moc_QtHttpRequest.obj
                     qthttpserver.dir\Release\moc_QtHttpServer.obj
09:58:09.592     1>Project "C:\Users\zaidw\devlab\vms_works\nx_open-build\ALL_BUILD.vcxproj" (1) is building "C:\Users\zaidw\devlab\vms_works\nx_open-build\vms\server\plugins\analytics\sample_analytics_plugin\sample_analytics_plugin.vcxproj" (83) on node 2 (default targets).
09:58:35.764    83>PrepareForBuild:
                     Creating directory "sample_analytics_plugin.dir\Release\".
                     Structured output is enabled. The formatting of compiler diagnostics will reflect the error hierarchy. See https://aka.ms/cpp/structured-output for more details.
                     Creating directory "C:\Users\zaidw\devlab\vms_works\nx_open-build\bin\plugins_optional\Release\".
                     Creating directory "sample_analytics_plugin.dir\Release\sample_a.63EAD4DE.tlog\".
                   InitializeBuildStatus:
                     Creating "sample_analytics_plugin.dir\Release\sample_a.63EAD4DE.tlog\unsuccessfulbuild" because "AlwaysCreate" was specified.
                     Touching "sample_analytics_plugin.dir\Release\sample_a.63EAD4DE.tlog\unsuccessfulbuild".
                   CustomBuild:
                     Building Custom Rule C:/Users/zaidw/devlab/vms_works/nx_open/vms/server/plugins/analytics/sample_analytics_plugin/CMakeLists.txt
09:58:35.760    53>Lib:
                     qthttpserver.vcxproj -> C:\Users\zaidw\devlab\vms_works\nx_open-build\dependencies\qthttpserver\Release\qthttpserver.lib
09:58:35.877    83>ClCompile:
                     C:\Program Files\Microsoft Visual Studio\2022\Community\VC\Tools\MSVC\14.38.33130\bin\HostX64\x64\CL.exe /c /IC:\Users\zaidw\devlab\vms_works\nx_open\vms\server\plugins\analytics\sample_analytics_plugin\src /IC:\Users\zaidw\devlab\vms_works\nx_open\vms\libs\nx_sdk\src /IC:\Users\zaidw\devlab\vms_works\nx_open\artifacts\nx_kit\src /Z7 /nologo /W4 /WX- /diagnostics:column /MP /O2 /Ob2 /D _WINDLL /D _MBCS /D WIN32 /D _WINDOWS /D NDEBUG /D "NX_PLUGIN_API=__declspec(dllexport)" /D __STDC_CONSTANT_MACROS /D ENABLE_SSL /D BOOST_BIND_NO_PLACEHOLDERS /D _SILENCE_CXX17_ITERATOR_BASE_CLASS_DEPRECATION_WARNING /D QT_NO_EXCEPTIONS /D RAPIDJSON_HAS_STDSTRING /D BOOST_NO_CXX98_FUNCTION_BASE /D _CRT_RAND_S /D _WINSOCKAPI_= /D NOMINMAX= /D UNICODE /D WIN32_LEAN_AND_MEAN /D _DISABLE_CONSTEXPR_MUTEX_CONSTRUCTOR /D NX_FORCE_EXPORT= /D QT_QML_DEBUG /D _SILENCE_CXX17_OLD_ALLOCATOR_MEMBERS_DEPRECATION_WARNING /D _SILENCE_CXX17_ALLOCATOR_VOID_DEPRECATION_WARNING /D _CRT_SECURE_NO_WARNINGS /D _CRT_NONSTDC_NO_DEPRECATE /D _SCL_SECURE_NO_WARNINGS /D _LIBCPP_ENABLE_CXX17_REMOVED_UNARY_BINARY_FUNCTION /D NOGDI= /D NX_SDK_API= /D "NX_KIT_API=__declspec(dllimport)" /D "CMAKE_INTDIR=\"Release\"" /D sample_analytics_plugin_EXPORTS /Zc:preprocessor /EHsc /MD /GS /fp:precise /Zc:wchar_t /Zc:forScope /Zc:inline /std:c++20 /Fo"sample_analytics_plugin.dir\Release\\" /Fd"sample_analytics_plugin.dir\Release\vc143.pdb" /external:W4 /Gd /TP /wd4100 /wd4702 /wd4267 /wd4251 /wd4275 /wd5054 /wd4250 /wd5105 /wd26444 /errorReport:queue /we4717 /we4150 /we4172 /we4715 /we4005 /we4806 /we4099 /we5038  /bigobj C:\Users\zaidw\devlab\vms_works\nx_open\vms\server\plugins\analytics\sample_analytics_plugin\src\nx\vms_server_plugins\analytics\sample\device_agent.cpp C:\Users\zaidw\devlab\vms_works\nx_open\vms\server\plugins\analytics\sample_analytics_plugin\src\nx\vms_server_plugins\analytics\sample\engine.cpp C:\Users\zaidw\devlab\vms_works\nx_open\vms\server\plugins\analytics\sample_analytics_plugin\src\nx\vms_server_plugins\analytics\sample\plugin.cpp
09:58:35.890    53>FinalizeBuildStatus:
                     Deleting file "qthttpserver.dir\Release\qthttpserver.tlog\unsuccessfulbuild".
                     Touching "qthttpserver.dir\Release\qthttpserver.tlog\qthttpserver.lastbuildstate".
09:58:35.891    53>Done Building Project "C:\Users\zaidw\devlab\vms_works\nx_open-build\dependencies\qthttpserver\qthttpserver.vcxproj" (default targets).
09:58:35.622    57>Link:
                     nov_file_launcher.vcxproj -> C:\Users\zaidw\devlab\vms_works\nx_open-build\bin\Release\launcher.exe
                   FinalizeBuildStatus:
                     Deleting file "nov_file_launcher.dir\Release\nov_file.8C1728BD.tlog\unsuccessfulbuild".
                     Touching "nov_file_launcher.dir\Release\nov_file.8C1728BD.tlog\nov_file_launcher.lastbuildstate".
09:58:35.914    57>Done Building Project "C:\Users\zaidw\devlab\vms_works\nx_open-build\vms\client\nov_file_launcher\nov_file_launcher.vcxproj" (default targets).
09:58:35.877    83>ClCompile:
                     device_agent.cpp
                     engine.cpp
                     plugin.cpp
09:58:33.003    61>ClCompile:
                     C:\Program Files\Microsoft Visual Studio\2022\Community\VC\Tools\MSVC\14.38.33130\bin\HostX64\x64\CL.exe /c /IC:\Users\zaidw\devlab\vms_works\nx_open\artifacts\nx_kit\src /Z7 /nologo /W4 /WX /diagnostics:column /MP /O2 /Ob2 /D _MBCS /D WIN32 /D _WINDOWS /D NDEBUG /D __STDC_CONSTANT_MACROS /D ENABLE_SSL /D BOOST_BIND_NO_PLACEHOLDERS /D _SILENCE_CXX17_ITERATOR_BASE_CLASS_DEPRECATION_WARNING /D QT_NO_EXCEPTIONS /D RAPIDJSON_HAS_STDSTRING /D BOOST_NO_CXX98_FUNCTION_BASE /D _CRT_RAND_S /D _WINSOCKAPI_= /D NOMINMAX= /D UNICODE /D WIN32_LEAN_AND_MEAN /D _DISABLE_CONSTEXPR_MUTEX_CONSTRUCTOR /D NX_FORCE_EXPORT= /D QT_QML_DEBUG /D _SILENCE_CXX17_OLD_ALLOCATOR_MEMBERS_DEPRECATION_WARNING /D _SILENCE_CXX17_ALLOCATOR_VOID_DEPRECATION_WARNING /D _CRT_SECURE_NO_WARNINGS /D _CRT_NONSTDC_NO_DEPRECATE /D _SCL_SECURE_NO_WARNINGS /D "NX_KIT_API=__declspec(dllimport)" /D "DISABLED_INI_CONFIG_UT_API=__declspec(dllimport)" /D "CMAKE_INTDIR=\"Release\"" /Zc:preprocessor /EHsc /MD /GS /fp:precise /Zc:wchar_t /Zc:forScope /Zc:inline /Fo"nx_kit_ut.dir\Release\\" /Fd"nx_kit_ut.dir\Release\vc143.pdb" /external:W4 /Gd /TC /wd4100 /wd4702 /wd4267 /wd4251 /wd4275 /wd5054 /wd4250 /wd5105 /wd26444 /errorReport:queue /we4717 /we4150 /we4172 /we4715 /we4005 /we4806 /we4099 /we5038  /bigobj /utf-8 C:\Users\zaidw\devlab\vms_works\nx_open\artifacts\nx_kit\unit_tests\src\ini_config_c_usage.c
09:58:09.592     1>Project "C:\Users\zaidw\devlab\vms_works\nx_open-build\ALL_BUILD.vcxproj" (1) is building "C:\Users\zaidw\devlab\vms_works\nx_open-build\vms\server\plugins\analytics\stub_analytics_plugin\stub_analytics_plugin.vcxproj" (84) on node 3 (default targets).
09:58:35.967    84>PrepareForBuild:
                     Creating directory "stub_analytics_plugin.dir\Release\".
                     Structured output is enabled. The formatting of compiler diagnostics will reflect the error hierarchy. See https://aka.ms/cpp/structured-output for more details.
                     Creating directory "C:\Users\zaidw\devlab\vms_works\nx_open-build\bin\plugins_optional\stub_analytics_plugin\Release\".
                     Creating directory "stub_analytics_plugin.dir\Release\stub_ana.F4E0C090.tlog\".
                   InitializeBuildStatus:
                     Creating "stub_analytics_plugin.dir\Release\stub_ana.F4E0C090.tlog\unsuccessfulbuild" because "AlwaysCreate" was specified.
                     Touching "stub_analytics_plugin.dir\Release\stub_ana.F4E0C090.tlog\unsuccessfulbuild".
09:58:33.003    61>ClCompile:
                     ini_config_c_usage.c
09:58:35.978    84>CustomBuild:
                     Building Custom Rule C:/Users/zaidw/devlab/vms_works/nx_open/vms/server/plugins/analytics/stub_analytics_plugin/CMakeLists.txt
                   MakeDirsForCl:
                     Creating directory "C:\Users\zaidw\devlab\vms_works\nx_open-build\vms\server\plugins\analytics\stub_analytics_plugin\stub_analytics_plugin.dir\Release\src\nx\vms_server_plugins\analytics\stub\best_shots".
09:58:36.099    61>Link:
                     C:\Program Files\Microsoft Visual Studio\2022\Community\VC\Tools\MSVC\14.38.33130\bin\HostX64\x64\link.exe /ERRORREPORT:QUEUE /OUT:"C:\Users\zaidw\devlab\vms_works\nx_open-build\bin\Release\nx_kit_ut.exe" /INCREMENTAL:NO /NOLOGO /LIBPATH:"C:/Users/zaidw/devlab/vms_works/nx_open-build/lib" /LIBPATH:"C:/Users/zaidw/devlab/vms_works/nx_open-build/lib/Release" ..\Release\nx_kit.lib Release\disabled_ini_config_ut.lib kernel32.lib user32.lib gdi32.lib winspool.lib shell32.lib ole32.lib oleaut32.lib uuid.lib comdlg32.lib advapi32.lib /MANIFEST /MANIFESTUAC:"level='asInvoker' uiAccess='false'" /manifest:embed /DEBUG /PDB:"C:/Users/zaidw/devlab/vms_works/nx_open-build/bin/Release/nx_kit_ut.pdb" /SUBSYSTEM:CONSOLE /LARGEADDRESSAWARE /OPT:NOREF /TLBID:1 /DYNAMICBASE /NXCOMPAT /IMPLIB:"C:/Users/zaidw/devlab/vms_works/nx_open-build/open/artifacts/nx_kit/unit_tests/Release/nx_kit_ut.lib" /MACHINE:X64  /machine:x64 /ignore:4221 /entry:mainCRTStartup nx_kit_ut.dir\Release\utils_ut.obj
                     nx_kit_ut.dir\Release\output_redirector_ut.obj
                     nx_kit_ut.dir\Release\debug_ut.obj
                     nx_kit_ut.dir\Release\test_ut.obj
                     nx_kit_ut.dir\Release\ini_config_ut.obj
                     nx_kit_ut.dir\Release\ini.obj
                     nx_kit_ut.dir\Release\ini_config_c_usage.obj
                     nx_kit_ut.dir\Release\ini_config_c_ut.obj
                     nx_kit_ut.dir\Release\json_ut.obj
                     nx_kit_ut.dir\Release\flags_ut.obj
                     nx_kit_ut.dir\Release\main.obj
09:58:36.098    84>MakeDirsForCl:
                     Creating directory "C:\Users\zaidw\devlab\vms_works\nx_open-build\vms\server\plugins\analytics\stub_analytics_plugin\stub_analytics_plugin.dir\Release\src\nx\vms_server_plugins\analytics\stub\custom_metadata".
                     Creating directory "C:\Users\zaidw\devlab\vms_works\nx_open-build\vms\server\plugins\analytics\stub_analytics_plugin\stub_analytics_plugin.dir\Release\src\nx\vms_server_plugins\analytics\stub\diagnostic_events".
                     Creating directory "C:\Users\zaidw\devlab\vms_works\nx_open-build\vms\server\plugins\analytics\stub_analytics_plugin\stub_analytics_plugin.dir\Release\src\nx\vms_server_plugins\analytics\stub\events".
                     Creating directory "C:\Users\zaidw\devlab\vms_works\nx_open-build\vms\server\plugins\analytics\stub_analytics_plugin\stub_analytics_plugin.dir\Release\src\nx\vms_server_plugins\analytics\stub\http_requests".
                     Creating directory "C:\Users\zaidw\devlab\vms_works\nx_open-build\vms\server\plugins\analytics\stub_analytics_plugin\stub_analytics_plugin.dir\Release\src\nx\vms_server_plugins\analytics\stub\motion_metadata".
                     Creating directory "C:\Users\zaidw\devlab\vms_works\nx_open-build\vms\server\plugins\analytics\stub_analytics_plugin\stub_analytics_plugin.dir\Release\src\nx\vms_server_plugins\analytics\stub\object_actions".
                     Creating directory "C:\Users\zaidw\devlab\vms_works\nx_open-build\vms\server\plugins\analytics\stub_analytics_plugin\stub_analytics_plugin.dir\Release\src\nx\vms_server_plugins\analytics\stub\object_detection".
                     Creating directory "C:\Users\zaidw\devlab\vms_works\nx_open-build\vms\server\plugins\analytics\stub_analytics_plugin\stub_analytics_plugin.dir\Release\src\nx\vms_server_plugins\analytics\stub\object_streamer".
                     Creating directory "C:\Users\zaidw\devlab\vms_works\nx_open-build\vms\server\plugins\analytics\stub_analytics_plugin\stub_analytics_plugin.dir\Release\src\nx\vms_server_plugins\analytics\stub\roi".
                     Creating directory "C:\Users\zaidw\devlab\vms_works\nx_open-build\vms\server\plugins\analytics\stub_analytics_plugin\stub_analytics_plugin.dir\Release\src\nx\vms_server_plugins\analytics\stub\sdk_features".
                     Creating directory "C:\Users\zaidw\devlab\vms_works\nx_open-build\vms\server\plugins\analytics\stub_analytics_plugin\stub_analytics_plugin.dir\Release\src\nx\vms_server_plugins\analytics\stub\settings".
                     Creating directory "C:\Users\zaidw\devlab\vms_works\nx_open-build\vms\server\plugins\analytics\stub_analytics_plugin\stub_analytics_plugin.dir\Release\src\nx\vms_server_plugins\analytics\stub\special_objects".
                     Creating directory "C:\Users\zaidw\devlab\vms_works\nx_open-build\vms\server\plugins\analytics\stub_analytics_plugin\stub_analytics_plugin.dir\Release\src\nx\vms_server_plugins\analytics\stub\taxonomy_features".
                     Creating directory "C:\Users\zaidw\devlab\vms_works\nx_open-build\vms\server\plugins\analytics\stub_analytics_plugin\stub_analytics_plugin.dir\Release\src\nx\vms_server_plugins\analytics\stub\video_frames".
                   ClCompile:
                     C:\Program Files\Microsoft Visual Studio\2022\Community\VC\Tools\MSVC\14.38.33130\bin\HostX64\x64\CL.exe /c /IC:\Users\zaidw\devlab\vms_works\nx_open\vms\server\plugins\analytics\stub_analytics_plugin\src /IC:\Users\zaidw\devlab\vms_works\nx_open\vms\libs\nx_sdk\src /IC:\Users\zaidw\devlab\vms_works\nx_open\artifacts\nx_kit\src /Z7 /nologo /W4 /WX- /diagnostics:column /MP /O2 /Ob2 /D _WINDLL /D _MBCS /D WIN32 /D _WINDOWS /D NDEBUG /D "NX_PLUGIN_API=__declspec(dllexport)" /D __STDC_CONSTANT_MACROS /D ENABLE_SSL /D BOOST_BIND_NO_PLACEHOLDERS /D _SILENCE_CXX17_ITERATOR_BASE_CLASS_DEPRECATION_WARNING /D QT_NO_EXCEPTIONS /D RAPIDJSON_HAS_STDSTRING /D BOOST_NO_CXX98_FUNCTION_BASE /D _CRT_RAND_S /D _WINSOCKAPI_= /D NOMINMAX= /D UNICODE /D WIN32_LEAN_AND_MEAN /D _DISABLE_CONSTEXPR_MUTEX_CONSTRUCTOR /D NX_FORCE_EXPORT= /D QT_QML_DEBUG /D _SILENCE_CXX17_OLD_ALLOCATOR_MEMBERS_DEPRECATION_WARNING /D _SILENCE_CXX17_ALLOCATOR_VOID_DEPRECATION_WARNING /D _CRT_SECURE_NO_WARNINGS /D _CRT_NONSTDC_NO_DEPRECATE /D _SCL_SECURE_NO_WARNINGS /D _LIBCPP_ENABLE_CXX17_REMOVED_UNARY_BINARY_FUNCTION /D NOGDI= /D NX_SDK_API= /D "NX_KIT_API=__declspec(dllimport)" /D "CMAKE_INTDIR=\"Release\"" /D stub_analytics_plugin_EXPORTS /Zc:preprocessor /EHsc /MD /GS /fp:precise /Zc:wchar_t /Zc:forScope /Zc:inline /std:c++20 /Fo"stub_analytics_plugin.dir\Release\/src/nx/vms_server_plugins/analytics/stub/best_shots/device_agent.cpp.obj" /Fd"stub_analytics_plugin.dir\Release\vc143.pdb" /external:W4 /Gd /TP /wd4100 /wd4702 /wd4267 /wd4251 /wd4275 /wd5054 /wd4250 /wd5105 /wd26444 /errorReport:queue /we4717 /we4150 /we4172 /we4715 /we4005 /we4806 /we4099 /we5038  /bigobj C:\Users\zaidw\devlab\vms_works\nx_open\vms\server\plugins\analytics\stub_analytics_plugin\src\nx\vms_server_plugins\analytics\stub\best_shots\device_agent.cpp
                     device_agent.cpp
09:58:36.099    61>Link:
                     nx_kit_ut.vcxproj -> C:\Users\zaidw\devlab\vms_works\nx_open-build\bin\Release\nx_kit_ut.exe
                   FinalizeBuildStatus:
                     Deleting file "nx_kit_ut.dir\Release\nx_kit_ut.tlog\unsuccessfulbuild".
                     Touching "nx_kit_ut.dir\Release\nx_kit_ut.tlog\nx_kit_ut.lastbuildstate".
09:58:36.371    61>Done Building Project "C:\Users\zaidw\devlab\vms_works\nx_open-build\open\artifacts\nx_kit\unit_tests\nx_kit_ut.vcxproj" (default targets).
09:58:36.485    23>MakeDirsForCl:
                     Creating directory "C:\Users\zaidw\devlab\vms_works\nx_open-build\libs\nx_utils\nx_utils.dir\Release\src\nx\utils".
                     Creating directory "C:\Users\zaidw\devlab\vms_works\nx_open-build\libs\nx_utils\nx_utils.dir\Release\src\nx\utils\log".
                     Creating directory "C:\Users\zaidw\devlab\vms_works\nx_open-build\libs\nx_utils\nx_utils.dir\Release\src\nx\utils\serialization".
                     Creating directory "C:\Users\zaidw\devlab\vms_works\nx_open-build\libs\nx_utils\nx_utils.dir\Release\src\nx\utils\std".
                     Creating directory "C:\Users\zaidw\devlab\vms_works\nx_open-build\libs\nx_utils\nx_utils.dir\Release\src\nx\utils\test_support".
                     Creating directory "C:\Users\zaidw\devlab\vms_works\nx_open-build\libs\nx_utils\nx_utils.dir\Release\src\nx\utils\thread".
09:58:36.495    41>Lib:
                     C:\Program Files\Microsoft Visual Studio\2022\Community\VC\Tools\MSVC\14.38.33130\bin\HostX64\x64\Lib.exe /OUT:"C:\Users\zaidw\devlab\vms_works\nx_open-build\lib\Release\gtest_main.lib" /NOLOGO /MACHINE:X64  /machine:x64 /ignore:4221 gtest_main.dir\Release\gtest_main.obj
09:58:36.489    23>ClCompile:
                     C:\Program Files\Microsoft Visual Studio\2022\Community\VC\Tools\MSVC\14.38.33130\bin\HostX64\x64\CL.exe /c /IC:\Users\zaidw\devlab\vms_works\nx_open\libs\nx_utils\src /I"C:\Users\zaidw\devlab\vms_works\nx_open-build\.conan_short\d20242\1\include\QtCore\6.5.3" /I"C:\Users\zaidw\devlab\vms_works\nx_open-build\.conan_short\d20242\1\include\QtCore\6.5.3\QtCore" /IC:\Users\zaidw\devlab\vms_works\nx_open\artifacts\tiny_aes_c\src /IC:\Users\zaidw\devlab\vms_works\nx_open\artifacts\quazip\quazip\.. /IC:\Users\zaidw\devlab\vms_works\nx_open\libs\nx_branding\src /IC:\Users\zaidw\devlab\vms_works\nx_open\libs\nx_build_info\src /IC:\Users\zaidw\devlab\vms_works\nx_open\artifacts\nx_kit\src /IC:\Users\zaidw\devlab\vms_works\nx_open\libs\nx_reflect\src /IC:\Users\zaidw\devlab\vms_works\nx_open\libs\nx_preprocessor\src /IC:\Users\zaidw\devlab\vms_works\nx_open\dependencies\concurrentqueue\..\..\artifacts\concurrentqueue\src\concurrentqueue /Z7 /nologo /W4 /WX- /diagnostics:column /MP /O2 /Ob2 /D _WINDLL /D _UNICODE /D UNICODE /D WIN32 /D _WINDOWS /D NDEBUG /D "NX_UTILS_API=__declspec(dllexport)" /D __STDC_CONSTANT_MACROS /D ENABLE_SSL /D BOOST_BIND_NO_PLACEHOLDERS /D _SILENCE_CXX17_ITERATOR_BASE_CLASS_DEPRECATION_WARNING /D QT_NO_EXCEPTIONS /D RAPIDJSON_HAS_STDSTRING /D BOOST_NO_CXX98_FUNCTION_BASE /D _CRT_RAND_S /D _WINSOCKAPI_= /D NOMINMAX= /D UNICODE /D WIN32_LEAN_AND_MEAN /D _DISABLE_CONSTEXPR_MUTEX_CONSTRUCTOR /D NX_FORCE_EXPORT= /D QT_QML_DEBUG /D _SILENCE_CXX17_OLD_ALLOCATOR_MEMBERS_DEPRECATION_WARNING /D _SILENCE_CXX17_ALLOCATOR_VOID_DEPRECATION_WARNING /D _CRT_SECURE_NO_WARNINGS /D _CRT_NONSTDC_NO_DEPRECATE /D _SCL_SECURE_NO_WARNINGS /D _LIBCPP_ENABLE_CXX17_REMOVED_UNARY_BINARY_FUNCTION /D NOGDI= /D QT_CORE_LIB /D _ENABLE_EXTENDED_ALIGNED_STORAGE /D WIN64 /D _WIN64 /D _UNICODE /D QT_XML_LIB /D QT_CORE5COMPAT_LIB /D "NX_BRANDING_API=__declspec(dllimport)" /D "NX_BUILD_INFO_API=__declspec(dllimport)" /D "NX_KIT_API=__declspec(dllimport)" /D "NX_REFLECT_API=__declspec(dllimport)" /D "CMAKE_INTDIR=\"Release\"" /D nx_utils_EXPORTS /Zc:preprocessor /EHsc /MD /GS /fp:precise /Zc:wchar_t /Zc:forScope /Zc:inline /std:c++20 /permissive- /Yc"C:/Users/zaidw/devlab/vms_works/nx_open-build/libs/nx_utils/CMakeFiles/nx_utils.dir/Release/cmake_pch.hxx" /Fp"C:/Users/zaidw/devlab/vms_works/nx_open-build/libs/nx_utils/nx_utils.dir/Release/cmake_pch.cxx.pch" /Fo"nx_utils.dir\Release\/cmake_pch.cxx.obj" /Fd"nx_utils.dir\Release\vc143.pdb" /external:W0 /Gd /TP /wd4100 /wd4702 /wd4267 /wd4251 /wd4275 /wd5054 /wd4250 /wd5105 /wd26444 /FI"C:/Users/zaidw/devlab/vms_works/nx_open-build/libs/nx_utils/CMakeFiles/nx_utils.dir/Release/cmake_pch.hxx" /errorReport:queue /we4717 /we4150 /we4172 /we4715 /we4005 /we4806 /we4099 /we5038  /external:I "C:/Users/zaidw/devlab/vms_works/nx_open-build/.conan_short/c6c127/1/include" /external:I "C:/Users/zaidw/devlab/vms_works/nx_open-build/.conan_short/d8731c/1/include" /external:I "C:/Users/zaidw/devlab/vms_works/nx_open-build/.conan/data/openssl/1.1.1q/_/_/package/4f1710918aa542fccb5a54d7bd712e4b0750b50d/include" /external:I "C:/Users/zaidw/devlab/vms_works/nx_open-build/.conan_short/d20242/1/include/QtCore" /external:I "C:/Users/zaidw/devlab/vms_works/nx_open-build/.conan_short/d20242/1/include" /external:I "C:/Users/zaidw/devlab/vms_works/nx_open-build/.conan_short/d20242/1/mkspecs/win32-msvc" /external:I "C:/Users/zaidw/devlab/vms_works/nx_open-build/.conan_short/d20242/1/include/QtXml" /external:I "C:/Users/zaidw/devlab/vms_works/nx_open-build/.conan_short/d20242/1/include/QtCore5Compat" /external:I "C:/Users/zaidw/devlab/vms_works/nx_open-build/.conan/data/zlib/1.2.12/_/_/package/d057732059ea44a47760900cb5e4855d2bea8714/include" /external:I "C:/Users/zaidw/devlab/vms_works/nx_open-build/.conan/data/rapidjson/cci.20230929/_/_/package/5ab84d6acfe1f23c4fae0ab88f26e3a396351ac9/include" /bigobj /Zc:__cplusplus -Zc:__cplusplus -utf-8 "C:\Users\zaidw\devlab\vms_works\nx_open-build\libs\nx_utils\CMakeFiles\nx_utils.dir\cmake_pch.cxx"
                     cmake_pch.cxx
09:58:36.495    41>Lib:
                     gtest_main.vcxproj -> C:\Users\zaidw\devlab\vms_works\nx_open-build\lib\Release\gtest_main.lib
                   FinalizeBuildStatus:
                     Deleting file "gtest_main.dir\Release\gtest_main.tlog\unsuccessfulbuild".
                     Touching "gtest_main.dir\Release\gtest_main.tlog\gtest_main.lastbuildstate".
09:58:36.691    41>Done Building Project "C:\Users\zaidw\devlab\vms_works\nx_open-build\artifacts\googletest\googletest\gtest_main.vcxproj" (default targets).
09:58:09.592     1>Project "C:\Users\zaidw\devlab\vms_works\nx_open-build\ALL_BUILD.vcxproj" (1) is building "C:\Users\zaidw\devlab\vms_works\nx_open-build\libs\nx_preprocessor\unit_tests\nx_preprocessor_ut.vcxproj" (67) on node 1 (default targets).
09:58:36.703    67>PrepareForBuild:
                     Creating directory "nx_preprocessor_ut.dir\Release\".
                     Structured output is enabled. The formatting of compiler diagnostics will reflect the error hierarchy. See https://aka.ms/cpp/structured-output for more details.
                     Creating directory "nx_preprocessor_ut.dir\Release\nx_prepr.C85E71C6.tlog\".
                   InitializeBuildStatus:
                     Creating "nx_preprocessor_ut.dir\Release\nx_prepr.C85E71C6.tlog\unsuccessfulbuild" because "AlwaysCreate" was specified.
                     Touching "nx_preprocessor_ut.dir\Release\nx_prepr.C85E71C6.tlog\unsuccessfulbuild".
                   CustomBuild:
                     Building Custom Rule C:/Users/zaidw/devlab/vms_works/nx_open/libs/nx_preprocessor/unit_tests/CMakeLists.txt
09:58:09.592     1>Project "C:\Users\zaidw\devlab\vms_works\nx_open-build\ALL_BUILD.vcxproj" (1) is building "C:\Users\zaidw\devlab\vms_works\nx_open-build\libs\nx_reflect\unit_tests\nx_reflect_ut.vcxproj" (68) on node 4 (default targets).
09:58:36.813    68>PrepareForBuild:
                     Creating directory "nx_reflect_ut.dir\Release\".
                     Structured output is enabled. The formatting of compiler diagnostics will reflect the error hierarchy. See https://aka.ms/cpp/structured-output for more details.
                     Creating directory "nx_reflect_ut.dir\Release\nx_reflect_ut.tlog\".
                   InitializeBuildStatus:
                     Creating "nx_reflect_ut.dir\Release\nx_reflect_ut.tlog\unsuccessfulbuild" because "AlwaysCreate" was specified.
                     Touching "nx_reflect_ut.dir\Release\nx_reflect_ut.tlog\unsuccessfulbuild".
                   CustomBuild:
                     Building Custom Rule C:/Users/zaidw/devlab/vms_works/nx_open/libs/nx_reflect/unit_tests/CMakeLists.txt
                   ClCompile:
                     C:\Program Files\Microsoft Visual Studio\2022\Community\VC\Tools\MSVC\14.38.33130\bin\HostX64\x64\CL.exe /c /IC:\Users\zaidw\devlab\vms_works\nx_open\libs\nx_reflect\unit_tests\src /IC:\Users\zaidw\devlab\vms_works\nx_open\libs\nx_reflect\src /IC:\Users\zaidw\devlab\vms_works\nx_open\libs\nx_preprocessor\src /Z7 /nologo /W4 /WX- /diagnostics:column /MP /O2 /Ob2 /D _UNICODE /D UNICODE /D WIN32 /D _WINDOWS /D NDEBUG /D __STDC_CONSTANT_MACROS /D ENABLE_SSL /D BOOST_BIND_NO_PLACEHOLDERS /D _SILENCE_CXX17_ITERATOR_BASE_CLASS_DEPRECATION_WARNING /D QT_NO_EXCEPTIONS /D RAPIDJSON_HAS_STDSTRING /D BOOST_NO_CXX98_FUNCTION_BASE /D _CRT_RAND_S /D _WINSOCKAPI_= /D NOMINMAX= /D UNICODE /D WIN32_LEAN_AND_MEAN /D _DISABLE_CONSTEXPR_MUTEX_CONSTRUCTOR /D NX_FORCE_EXPORT= /D QT_QML_DEBUG /D _SILENCE_CXX17_OLD_ALLOCATOR_MEMBERS_DEPRECATION_WARNING /D _SILENCE_CXX17_ALLOCATOR_VOID_DEPRECATION_WARNING /D _CRT_SECURE_NO_WARNINGS /D _CRT_NONSTDC_NO_DEPRECATE /D _SCL_SECURE_NO_WARNINGS /D _LIBCPP_ENABLE_CXX17_REMOVED_UNARY_BINARY_FUNCTION /D NOGDI= /D "NX_REFLECT_API=__declspec(dllimport)" /D QT_CORE_LIB /D _ENABLE_EXTENDED_ALIGNED_STORAGE /D WIN64 /D _WIN64 /D _UNICODE /D "CMAKE_INTDIR=\"Release\"" /Zc:preprocessor /EHsc /MD /GS /fp:precise /Zc:wchar_t /Zc:forScope /Zc:inline /std:c++20 /permissive- /Fo"nx_reflect_ut.dir\Release\\" /Fd"nx_reflect_ut.dir\Release\vc143.pdb" /external:W0 /Gd /TP /wd4100 /wd4702 /wd4267 /wd4251 /wd4275 /wd5054 /wd4250 /wd5105 /wd26444 /errorReport:queue /we4717 /we4150 /we4172 /we4715 /we4005 /we4806 /we4099 /we5038  /external:I "C:/Users/zaidw/devlab/vms_works/nx_open-build/.conan_short/d8731c/1/include" /external:I "C:/Users/zaidw/devlab/vms_works/nx_open-build/.conan/data/rapidjson/cci.20230929/_/_/package/5ab84d6acfe1f23c4fae0ab88f26e3a396351ac9/include" /external:I "C:/Users/zaidw/devlab/vms_works/nx_open-build/.conan_short/d20242/1/include/QtCore" /external:I "C:/Users/zaidw/devlab/vms_works/nx_open-build/.conan_short/d20242/1/include" /external:I "C:/Users/zaidw/devlab/vms_works/nx_open-build/.conan_short/d20242/1/mkspecs/win32-msvc" /external:I "C:/Users/zaidw/devlab/vms_works/nx_open/artifacts/googletest/googletest/include" /external:I "C:/Users/zaidw/devlab/vms_works/nx_open/artifacts/googletest/googletest" /external:I "C:/Users/zaidw/devlab/vms_works/nx_open/artifacts/googletest/googlemock/include" /external:I "C:/Users/zaidw/devlab/vms_works/nx_open/artifacts/googletest/googlemock" /bigobj -Zc:__cplusplus -utf-8 C:\Users\zaidw\devlab\vms_works\nx_open\libs\nx_reflect\unit_tests\src\compare_ut.cpp C:\Users\zaidw\devlab\vms_works\nx_open\libs\nx_reflect\unit_tests\src\enum_ut.cpp C:\Users\zaidw\devlab\vms_works\nx_open\libs\nx_reflect\unit_tests\src\example.cpp C:\Users\zaidw\devlab\vms_works\nx_open\libs\nx_reflect\unit_tests\src\hash_ut.cpp C:\Users\zaidw\devlab\vms_works\nx_open\libs\nx_reflect\unit_tests\src\json_ut.cpp C:\Users\zaidw\devlab\vms_works\nx_open\libs\nx_reflect\unit_tests\src\main.cpp C:\Users\zaidw\devlab\vms_works\nx_open\libs\nx_reflect\unit_tests\src\reflection_ut.cpp C:\Users\zaidw\devlab\vms_works\nx_open\libs\nx_reflect\unit_tests\src\string_conversion_ut.cpp C:\Users\zaidw\devlab\vms_works\nx_open\libs\nx_reflect\unit_tests\src\type_utils_ut.cpp C:\Users\zaidw\devlab\vms_works\nx_open\libs\nx_reflect\unit_tests\src\types.cpp C:\Users\zaidw\devlab\vms_works\nx_open\libs\nx_reflect\unit_tests\src\urlencoded_ut.cpp
09:58:36.927    67>ClCompile:
                     C:\Program Files\Microsoft Visual Studio\2022\Community\VC\Tools\MSVC\14.38.33130\bin\HostX64\x64\CL.exe /c /IC:\Users\zaidw\devlab\vms_works\nx_open\libs\nx_preprocessor\unit_tests\src /IC:\Users\zaidw\devlab\vms_works\nx_open\libs\nx_preprocessor\src /Z7 /nologo /W4 /WX /diagnostics:column /MP /O2 /Ob2 /D _MBCS /D WIN32 /D _WINDOWS /D NDEBUG /D __STDC_CONSTANT_MACROS /D ENABLE_SSL /D BOOST_BIND_NO_PLACEHOLDERS /D _SILENCE_CXX17_ITERATOR_BASE_CLASS_DEPRECATION_WARNING /D QT_NO_EXCEPTIONS /D RAPIDJSON_HAS_STDSTRING /D BOOST_NO_CXX98_FUNCTION_BASE /D _CRT_RAND_S /D _WINSOCKAPI_= /D NOMINMAX= /D UNICODE /D WIN32_LEAN_AND_MEAN /D _DISABLE_CONSTEXPR_MUTEX_CONSTRUCTOR /D NX_FORCE_EXPORT= /D QT_QML_DEBUG /D _SILENCE_CXX17_OLD_ALLOCATOR_MEMBERS_DEPRECATION_WARNING /D _SILENCE_CXX17_ALLOCATOR_VOID_DEPRECATION_WARNING /D _CRT_SECURE_NO_WARNINGS /D _CRT_NONSTDC_NO_DEPRECATE /D _SCL_SECURE_NO_WARNINGS /D _LIBCPP_ENABLE_CXX17_REMOVED_UNARY_BINARY_FUNCTION /D NOGDI= /D "CMAKE_INTDIR=\"Release\"" /Zc:preprocessor /EHsc /MD /GS /fp:precise /Zc:wchar_t /Zc:forScope /Zc:inline /std:c++20 /Fo"nx_preprocessor_ut.dir\Release\\" /Fd"nx_preprocessor_ut.dir\Release\vc143.pdb" /external:W0 /Gd /TP /wd4100 /wd4702 /wd4267 /wd4251 /wd4275 /wd5054 /wd4250 /wd5105 /wd26444 /errorReport:queue /we4717 /we4150 /we4172 /we4715 /we4005 /we4806 /we4099 /we5038  /external:I "C:/Users/zaidw/devlab/vms_works/nx_open/artifacts/googletest/googletest/include" /external:I "C:/Users/zaidw/devlab/vms_works/nx_open/artifacts/googletest/googletest" /external:I "C:/Users/zaidw/devlab/vms_works/nx_open/artifacts/googletest/googlemock/include" /external:I "C:/Users/zaidw/devlab/vms_works/nx_open/artifacts/googletest/googlemock" /bigobj C:\Users\zaidw\devlab\vms_works\nx_open\libs\nx_preprocessor\unit_tests\src\main.cpp C:\Users\zaidw\devlab\vms_works\nx_open\libs\nx_preprocessor\unit_tests\src\preprocessor_ut.cpp
                     main.cpp
09:58:36.927    68>ClCompile:
                     compare_ut.cpp
                     enum_ut.cpp
                     example.cpp
                     hash_ut.cpp
                     json_ut.cpp
09:58:36.927    67>ClCompile:
                     preprocessor_ut.cpp
09:58:36.927    68>ClCompile:
                     main.cpp
                     reflection_ut.cpp
                     string_conversion_ut.cpp
                     type_utils_ut.cpp
                     types.cpp
                     urlencoded_ut.cpp
09:58:36.489    23>ClCompile:
                     C:\Program Files\Microsoft Visual Studio\2022\Community\VC\Tools\MSVC\14.38.33130\bin\HostX64\x64\CL.exe /c /IC:\Users\zaidw\devlab\vms_works\nx_open\libs\nx_utils\src /I"C:\Users\zaidw\devlab\vms_works\nx_open-build\.conan_short\d20242\1\include\QtCore\6.5.3" /I"C:\Users\zaidw\devlab\vms_works\nx_open-build\.conan_short\d20242\1\include\QtCore\6.5.3\QtCore" /IC:\Users\zaidw\devlab\vms_works\nx_open\artifacts\tiny_aes_c\src /IC:\Users\zaidw\devlab\vms_works\nx_open\artifacts\quazip\quazip\.. /IC:\Users\zaidw\devlab\vms_works\nx_open\libs\nx_branding\src /IC:\Users\zaidw\devlab\vms_works\nx_open\libs\nx_build_info\src /IC:\Users\zaidw\devlab\vms_works\nx_open\artifacts\nx_kit\src /IC:\Users\zaidw\devlab\vms_works\nx_open\libs\nx_reflect\src /IC:\Users\zaidw\devlab\vms_works\nx_open\libs\nx_preprocessor\src /IC:\Users\zaidw\devlab\vms_works\nx_open\dependencies\concurrentqueue\..\..\artifacts\concurrentqueue\src\concurrentqueue /Z7 /nologo /W4 /WX- /diagnostics:column /MP /O2 /Ob2 /D _WINDLL /D _UNICODE /D UNICODE /D WIN32 /D _WINDOWS /D NDEBUG /D "NX_UTILS_API=__declspec(dllexport)" /D __STDC_CONSTANT_MACROS /D ENABLE_SSL /D BOOST_BIND_NO_PLACEHOLDERS /D _SILENCE_CXX17_ITERATOR_BASE_CLASS_DEPRECATION_WARNING /D QT_NO_EXCEPTIONS /D RAPIDJSON_HAS_STDSTRING /D BOOST_NO_CXX98_FUNCTION_BASE /D _CRT_RAND_S /D _WINSOCKAPI_= /D NOMINMAX= /D UNICODE /D WIN32_LEAN_AND_MEAN /D _DISABLE_CONSTEXPR_MUTEX_CONSTRUCTOR /D NX_FORCE_EXPORT= /D QT_QML_DEBUG /D _SILENCE_CXX17_OLD_ALLOCATOR_MEMBERS_DEPRECATION_WARNING /D _SILENCE_CXX17_ALLOCATOR_VOID_DEPRECATION_WARNING /D _CRT_SECURE_NO_WARNINGS /D _CRT_NONSTDC_NO_DEPRECATE /D _SCL_SECURE_NO_WARNINGS /D _LIBCPP_ENABLE_CXX17_REMOVED_UNARY_BINARY_FUNCTION /D NOGDI= /D QT_CORE_LIB /D _ENABLE_EXTENDED_ALIGNED_STORAGE /D WIN64 /D _WIN64 /D _UNICODE /D QT_XML_LIB /D QT_CORE5COMPAT_LIB /D "NX_BRANDING_API=__declspec(dllimport)" /D "NX_BUILD_INFO_API=__declspec(dllimport)" /D "NX_KIT_API=__declspec(dllimport)" /D "NX_REFLECT_API=__declspec(dllimport)" /D "CMAKE_INTDIR=\"Release\"" /D nx_utils_EXPORTS /Zc:preprocessor /EHsc /MD /GS /fp:precise /Zc:wchar_t /Zc:forScope /Zc:inline /permissive- /Yc"C:/Users/zaidw/devlab/vms_works/nx_open-build/libs/nx_utils/CMakeFiles/nx_utils.dir/Release/cmake_pch.h" /Fp"C:/Users/zaidw/devlab/vms_works/nx_open-build/libs/nx_utils/nx_utils.dir/Release/cmake_pch.c.pch" /Fo"nx_utils.dir\Release\/cmake_pch.c.obj" /Fd"nx_utils.dir\Release\vc143.pdb" /external:W0 /Gd /TC /wd4100 /wd4702 /wd4267 /wd4251 /wd4275 /wd5054 /wd4250 /wd5105 /wd26444 /FI"C:/Users/zaidw/devlab/vms_works/nx_open-build/libs/nx_utils/CMakeFiles/nx_utils.dir/Release/cmake_pch.h" /errorReport:queue /we4717 /we4150 /we4172 /we4715 /we4005 /we4806 /we4099 /we5038  /external:I "C:/Users/zaidw/devlab/vms_works/nx_open-build/.conan_short/c6c127/1/include" /external:I "C:/Users/zaidw/devlab/vms_works/nx_open-build/.conan_short/d8731c/1/include" /external:I "C:/Users/zaidw/devlab/vms_works/nx_open-build/.conan/data/openssl/1.1.1q/_/_/package/4f1710918aa542fccb5a54d7bd712e4b0750b50d/include" /external:I "C:/Users/zaidw/devlab/vms_works/nx_open-build/.conan_short/d20242/1/include/QtCore" /external:I "C:/Users/zaidw/devlab/vms_works/nx_open-build/.conan_short/d20242/1/include" /external:I "C:/Users/zaidw/devlab/vms_works/nx_open-build/.conan_short/d20242/1/mkspecs/win32-msvc" /external:I "C:/Users/zaidw/devlab/vms_works/nx_open-build/.conan_short/d20242/1/include/QtXml" /external:I "C:/Users/zaidw/devlab/vms_works/nx_open-build/.conan_short/d20242/1/include/QtCore5Compat" /external:I "C:/Users/zaidw/devlab/vms_works/nx_open-build/.conan/data/zlib/1.2.12/_/_/package/d057732059ea44a47760900cb5e4855d2bea8714/include" /external:I "C:/Users/zaidw/devlab/vms_works/nx_open-build/.conan/data/rapidjson/cci.20230929/_/_/package/5ab84d6acfe1f23c4fae0ab88f26e3a396351ac9/include" /bigobj /Zc:__cplusplus -Zc:__cplusplus -utf-8 "C:\Users\zaidw\devlab\vms_works\nx_open-build\libs\nx_utils\CMakeFiles\nx_utils.dir\cmake_pch.c"
                     cmake_pch.c
09:58:36.106    84>ClCompile:
                     C:\Program Files\Microsoft Visual Studio\2022\Community\VC\Tools\MSVC\14.38.33130\bin\HostX64\x64\CL.exe /c /IC:\Users\zaidw\devlab\vms_works\nx_open\vms\server\plugins\analytics\stub_analytics_plugin\src /IC:\Users\zaidw\devlab\vms_works\nx_open\vms\libs\nx_sdk\src /IC:\Users\zaidw\devlab\vms_works\nx_open\artifacts\nx_kit\src /Z7 /nologo /W4 /WX- /diagnostics:column /MP /O2 /Ob2 /D _WINDLL /D _MBCS /D WIN32 /D _WINDOWS /D NDEBUG /D "NX_PLUGIN_API=__declspec(dllexport)" /D __STDC_CONSTANT_MACROS /D ENABLE_SSL /D BOOST_BIND_NO_PLACEHOLDERS /D _SILENCE_CXX17_ITERATOR_BASE_CLASS_DEPRECATION_WARNING /D QT_NO_EXCEPTIONS /D RAPIDJSON_HAS_STDSTRING /D BOOST_NO_CXX98_FUNCTION_BASE /D _CRT_RAND_S /D _WINSOCKAPI_= /D NOMINMAX= /D UNICODE /D WIN32_LEAN_AND_MEAN /D _DISABLE_CONSTEXPR_MUTEX_CONSTRUCTOR /D NX_FORCE_EXPORT= /D QT_QML_DEBUG /D _SILENCE_CXX17_OLD_ALLOCATOR_MEMBERS_DEPRECATION_WARNING /D _SILENCE_CXX17_ALLOCATOR_VOID_DEPRECATION_WARNING /D _CRT_SECURE_NO_WARNINGS /D _CRT_NONSTDC_NO_DEPRECATE /D _SCL_SECURE_NO_WARNINGS /D _LIBCPP_ENABLE_CXX17_REMOVED_UNARY_BINARY_FUNCTION /D NOGDI= /D NX_SDK_API= /D "NX_KIT_API=__declspec(dllimport)" /D "CMAKE_INTDIR=\"Release\"" /D stub_analytics_plugin_EXPORTS /Zc:preprocessor /EHsc /MD /GS /fp:precise /Zc:wchar_t /Zc:forScope /Zc:inline /std:c++20 /Fo"stub_analytics_plugin.dir\Release\/src/nx/vms_server_plugins/analytics/stub/best_shots/engine.cpp.obj" /Fd"stub_analytics_plugin.dir\Release\vc143.pdb" /external:W4 /Gd /TP /wd4100 /wd4702 /wd4267 /wd4251 /wd4275 /wd5054 /wd4250 /wd5105 /wd26444 /errorReport:queue /we4717 /we4150 /we4172 /we4715 /we4005 /we4806 /we4099 /we5038  /bigobj C:\Users\zaidw\devlab\vms_works\nx_open\vms\server\plugins\analytics\stub_analytics_plugin\src\nx\vms_server_plugins\analytics\stub\best_shots\engine.cpp
09:58:39.037    82>Lib:
                     C:\Program Files\Microsoft Visual Studio\2022\Community\VC\Tools\MSVC\14.38.33130\bin\HostX64\x64\Lib.exe /OUT:"C:\Users\zaidw\devlab\vms_works\nx_open-build\dependencies\qt-mustache\Release\qt-mustache.lib" /NOLOGO /MACHINE:X64  /machine:x64 /ignore:4221 "qt-mustache.dir\Release\mustache.obj"
09:58:36.106    84>ClCompile:
                     engine.cpp
09:58:39.037    82>Lib:
                     qt-mustache.vcxproj -> C:\Users\zaidw\devlab\vms_works\nx_open-build\dependencies\qt-mustache\Release\qt-mustache.lib
09:58:36.489    23>ClCompile:
                     C:\Program Files\Microsoft Visual Studio\2022\Community\VC\Tools\MSVC\14.38.33130\bin\HostX64\x64\CL.exe /c /IC:\Users\zaidw\devlab\vms_works\nx_open\libs\nx_utils\src /I"C:\Users\zaidw\devlab\vms_works\nx_open-build\.conan_short\d20242\1\include\QtCore\6.5.3" /I"C:\Users\zaidw\devlab\vms_works\nx_open-build\.conan_short\d20242\1\include\QtCore\6.5.3\QtCore" /IC:\Users\zaidw\devlab\vms_works\nx_open\artifacts\tiny_aes_c\src /IC:\Users\zaidw\devlab\vms_works\nx_open\artifacts\quazip\quazip\.. /IC:\Users\zaidw\devlab\vms_works\nx_open\libs\nx_branding\src /IC:\Users\zaidw\devlab\vms_works\nx_open\libs\nx_build_info\src /IC:\Users\zaidw\devlab\vms_works\nx_open\artifacts\nx_kit\src /IC:\Users\zaidw\devlab\vms_works\nx_open\libs\nx_reflect\src /IC:\Users\zaidw\devlab\vms_works\nx_open\libs\nx_preprocessor\src /IC:\Users\zaidw\devlab\vms_works\nx_open\dependencies\concurrentqueue\..\..\artifacts\concurrentqueue\src\concurrentqueue /Z7 /nologo /W4 /WX- /diagnostics:column /MP /O2 /Ob2 /D _WINDLL /D _UNICODE /D UNICODE /D WIN32 /D _WINDOWS /D NDEBUG /D "NX_UTILS_API=__declspec(dllexport)" /D __STDC_CONSTANT_MACROS /D ENABLE_SSL /D BOOST_BIND_NO_PLACEHOLDERS /D _SILENCE_CXX17_ITERATOR_BASE_CLASS_DEPRECATION_WARNING /D QT_NO_EXCEPTIONS /D RAPIDJSON_HAS_STDSTRING /D BOOST_NO_CXX98_FUNCTION_BASE /D _CRT_RAND_S /D _WINSOCKAPI_= /D NOMINMAX= /D UNICODE /D WIN32_LEAN_AND_MEAN /D _DISABLE_CONSTEXPR_MUTEX_CONSTRUCTOR /D NX_FORCE_EXPORT= /D QT_QML_DEBUG /D _SILENCE_CXX17_OLD_ALLOCATOR_MEMBERS_DEPRECATION_WARNING /D _SILENCE_CXX17_ALLOCATOR_VOID_DEPRECATION_WARNING /D _CRT_SECURE_NO_WARNINGS /D _CRT_NONSTDC_NO_DEPRECATE /D _SCL_SECURE_NO_WARNINGS /D _LIBCPP_ENABLE_CXX17_REMOVED_UNARY_BINARY_FUNCTION /D NOGDI= /D QT_CORE_LIB /D _ENABLE_EXTENDED_ALIGNED_STORAGE /D WIN64 /D _WIN64 /D _UNICODE /D QT_XML_LIB /D QT_CORE5COMPAT_LIB /D "NX_BRANDING_API=__declspec(dllimport)" /D "NX_BUILD_INFO_API=__declspec(dllimport)" /D "NX_KIT_API=__declspec(dllimport)" /D "NX_REFLECT_API=__declspec(dllimport)" /D "CMAKE_INTDIR=\"Release\"" /D nx_utils_EXPORTS /Zc:preprocessor /EHsc /MD /GS /fp:precise /Zc:wchar_t /Zc:forScope /Zc:inline /std:c++20 /permissive- /Yu"C:/Users/zaidw/devlab/vms_works/nx_open-build/libs/nx_utils/CMakeFiles/nx_utils.dir/Release/cmake_pch.hxx" /Fp"C:/Users/zaidw/devlab/vms_works/nx_open-build/libs/nx_utils/nx_utils.dir/Release/cmake_pch.cxx.pch" /Fo"nx_utils.dir\Release\\" /Fd"nx_utils.dir\Release\vc143.pdb" /external:W0 /Gd /TP /wd4100 /wd4702 /wd4267 /wd4251 /wd4275 /wd5054 /wd4250 /wd5105 /wd26444 /FI"C:/Users/zaidw/devlab/vms_works/nx_open-build/libs/nx_utils/CMakeFiles/nx_utils.dir/Release/cmake_pch.hxx" /errorReport:queue /we4717 /we4150 /we4172 /we4715 /we4005 /we4806 /we4099 /we5038  /external:I "C:/Users/zaidw/devlab/vms_works/nx_open-build/.conan_short/c6c127/1/include" /external:I "C:/Users/zaidw/devlab/vms_works/nx_open-build/.conan_short/d8731c/1/include" /external:I "C:/Users/zaidw/devlab/vms_works/nx_open-build/.conan/data/openssl/1.1.1q/_/_/package/4f1710918aa542fccb5a54d7bd712e4b0750b50d/include" /external:I "C:/Users/zaidw/devlab/vms_works/nx_open-build/.conan_short/d20242/1/include/QtCore" /external:I "C:/Users/zaidw/devlab/vms_works/nx_open-build/.conan_short/d20242/1/include" /external:I "C:/Users/zaidw/devlab/vms_works/nx_open-build/.conan_short/d20242/1/mkspecs/win32-msvc" /external:I "C:/Users/zaidw/devlab/vms_works/nx_open-build/.conan_short/d20242/1/include/QtXml" /external:I "C:/Users/zaidw/devlab/vms_works/nx_open-build/.conan_short/d20242/1/include/QtCore5Compat" /external:I "C:/Users/zaidw/devlab/vms_works/nx_open-build/.conan/data/zlib/1.2.12/_/_/package/d057732059ea44a47760900cb5e4855d2bea8714/include" /external:I "C:/Users/zaidw/devlab/vms_works/nx_open-build/.conan/data/rapidjson/cci.20230929/_/_/package/5ab84d6acfe1f23c4fae0ab88f26e3a396351ac9/include" /bigobj /Zc:__cplusplus -Zc:__cplusplus -utf-8 C:\Users\zaidw\devlab\vms_works\nx_open\libs\nx_utils\src\nx\utils\active_object.cpp C:\Users\zaidw\devlab\vms_works\nx_open\libs\nx_utils\src\nx\utils\algorithm\kmp.cpp C:\Users\zaidw\devlab\vms_works\nx_open\libs\nx_utils\src\nx\utils\app_info.cpp C:\Users\zaidw\devlab\vms_works\nx_open\libs\nx_utils\src\nx\utils\argument_parser.cpp C:\Users\zaidw\devlab\vms_works\nx_open\libs\nx_utils\src\nx\utils\async_handler_executor.cpp C:\Users\zaidw\devlab\vms_works\nx_open\libs\nx_utils\src\nx\utils\async_operation_guard.cpp C:\Users\zaidw\devlab\vms_works\nx_open\libs\nx_utils\src\nx\utils\auth\totp.cpp C:\Users\zaidw\devlab\vms_works\nx_open\libs\nx_utils\src\nx\utils\auth\utils.cpp C:\Users\zaidw\devlab\vms_works\nx_open\libs\nx_utils\src\nx\utils\base64.cpp C:\Users\zaidw\devlab\vms_works\nx_open\libs\nx_utils\src\nx\utils\basic_service_settings.cpp C:\Users\zaidw\devlab\vms_works\nx_open\libs\nx_utils\src\nx\utils\bit_stream.cpp C:\Users\zaidw\devlab\vms_works\nx_open\libs\nx_utils\src\nx\utils\byte_array.cpp C:\Users\zaidw\devlab\vms_works\nx_open\libs\nx_utils\src\nx\utils\byte_stream\abstract_byte_stream_filter.cpp C:\Users\zaidw\devlab\vms_works\nx_open\libs\nx_utils\src\nx\utils\byte_stream\buffer_output_stream.cpp C:\Users\zaidw\devlab\vms_works\nx_open\libs\nx_utils\src\nx\utils\byte_stream\pipeline.cpp C:\Users\zaidw\devlab\vms_works\nx_open\libs\nx_utils\src\nx\utils\byte_stream\sized_data_decoder.cpp C:\Users\zaidw\devlab\vms_works\nx_open\libs\nx_utils\src\nx\utils\byte_stream\string_replacer.cpp C:\Users\zaidw\devlab\vms_works\nx_open\libs\nx_utils\src\nx\utils\compact_int.cpp C:\Users\zaidw\devlab\vms_works\nx_open\libs\nx_utils\src\nx\utils\composite_active_object.cpp C:\Users\zaidw\devlab\vms_works\nx_open\libs\nx_utils\src\nx\utils\counter.cpp C:\Users\zaidw\devlab\vms_works\nx_open\libs\nx_utils\src\nx\utils\crash_dump\systemexcept_win.cpp C:\Users\zaidw\devlab\vms_works\nx_open\libs\nx_utils\src\nx\utils\crc16.cpp C:\Users\zaidw\devlab\vms_works\nx_open\libs\nx_utils\src\nx\utils\crc32.cpp C:\Users\zaidw\devlab\vms_works\nx_open\libs\nx_utils\src\nx\utils\crypt\crypted_file_stream.cpp C:\Users\zaidw\devlab\vms_works\nx_open\libs\nx_utils\src\nx\utils\crypt\crypto_functions.cpp C:\Users\zaidw\devlab\vms_works\nx_open\libs\nx_utils\src\nx\utils\crypt\linux_passwd_crypt.cpp C:\Users\zaidw\devlab\vms_works\nx_open\libs\nx_utils\src\nx\utils\crypt\symmetrical.cpp C:\Users\zaidw\devlab\vms_works\nx_open\libs\nx_utils\src\nx\utils\cryptographic_hash.cpp C:\Users\zaidw\devlab\vms_works\nx_open\libs\nx_utils\src\nx\utils\data_stream.cpp C:\Users\zaidw\devlab\vms_works\nx_open\libs\nx_utils\src\nx\utils\datetime.cpp C:\Users\zaidw\devlab\vms_works\nx_open\libs\nx_utils\src\nx\utils\debug.cpp C:\Users\zaidw\devlab\vms_works\nx_open\libs\nx_utils\src\nx\utils\debug\allocation_analyzer.cpp C:\Users\zaidw\devlab\vms_works\nx_open\libs\nx_utils\src\nx\utils\debug_helpers\debug_helpers.cpp C:\Users\zaidw\devlab\vms_works\nx_open\libs\nx_utils\src\nx\utils\debug_helpers\model_operation.cpp C:\Users\zaidw\devlab\vms_works\nx_open\libs\nx_utils\src\nx\utils\debug_helpers\model_transaction_checker.cpp C:\Users\zaidw\devlab\vms_works\nx_open\libs\nx_utils\src\nx\utils\dot_notation_string.cpp C:\Users\zaidw\devlab\vms_works\nx_open\libs\nx_utils\src\nx\utils\elapsed_timer.cpp C:\Users\zaidw\devlab\vms_works\nx_open\libs\nx_utils\src\nx\utils\elapsed_timer_thread_safe.cpp C:\Users\zaidw\devlab\vms_works\nx_open\libs\nx_utils\src\nx\utils\event_loop_timer.cpp C:\Users\zaidw\devlab\vms_works\nx_open\libs\nx_utils\src\nx\utils\exception.cpp C:\Users\zaidw\devlab\vms_works\nx_open\libs\nx_utils\src\nx\utils\file_system.cpp C:\Users\zaidw\devlab\vms_works\nx_open\libs\nx_utils\src\nx\utils\file_watcher.cpp C:\Users\zaidw\devlab\vms_works\nx_open\libs\nx_utils\src\nx\utils\fs\async_file_processor.cpp C:\Users\zaidw\devlab\vms_works\nx_open\libs\nx_utils\src\nx\utils\fs\file_common.cpp C:\Users\zaidw\devlab\vms_works\nx_open\libs\nx_utils\src\nx\utils\fs\osdep\file_win.cpp C:\Users\zaidw\devlab\vms_works\nx_open\libs\nx_utils\src\nx\utils\gzip\gzip_compressor.cpp C:\Users\zaidw\devlab\vms_works\nx_open\libs\nx_utils\src\nx\utils\gzip\gzip_uncompressor.cpp C:\Users\zaidw\devlab\vms_works\nx_open\libs\nx_utils\src\nx\utils\integer_range.cpp C:\Users\zaidw\devlab\vms_works\nx_open\libs\nx_utils\src\nx\utils\interruption_flag.cpp C:\Users\zaidw\devlab\vms_works\nx_open\libs\nx_utils\src\nx\utils\iodevice_wrapper.cpp C:\Users\zaidw\devlab\vms_works\nx_open\libs\nx_utils\src\nx\utils\ios_device_info.cpp C:\Users\zaidw\devlab\vms_works\nx_open\libs\nx_utils\src\nx\utils\ipc\named_pipe_server_win.cpp C:\Users\zaidw\devlab\vms_works\nx_open\libs\nx_utils\src\nx\utils\ipc\named_pipe_socket_win.cpp C:\Users\zaidw\devlab\vms_works\nx_open\libs\nx_utils\src\nx\utils\ipc\namedmutex.cpp C:\Users\zaidw\devlab\vms_works\nx_open\libs\nx_utils\src\nx\utils\log\aggregate_logger.cpp C:\Users\zaidw\devlab\vms_works\nx_open\libs\nx_utils\src\nx\utils\log\assert.cpp C:\Users\zaidw\devlab\vms_works\nx_open\libs\nx_utils\src\nx\utils\log\log.cpp C:\Users\zaidw\devlab\vms_works\nx_open\libs\nx_utils\src\nx\utils\log\log_initializer.cpp C:\Users\zaidw\devlab\vms_works\nx_open\libs\nx_utils\src\nx\utils\log\log_level.cpp C:\Users\zaidw\devlab\vms_works\nx_open\libs\nx_utils\src\nx\utils\log\log_logger.cpp C:\Users\zaidw\devlab\vms_works\nx_open\libs\nx_utils\src\nx\utils\log\log_main.cpp C:\Users\zaidw\devlab\vms_works\nx_open\libs\nx_utils\src\nx\utils\log\log_settings.cpp C:\Users\zaidw\devlab\vms_works\nx_open\libs\nx_utils\src\nx\utils\log\log_writers.cpp C:\Users\zaidw\devlab\vms_works\nx_open\libs\nx_utils\src\nx\utils\log\logger_builder.cpp C:\Users\zaidw\devlab\vms_works\nx_open\libs\nx_utils\src\nx\utils\log\logger_collection.cpp C:\Users\zaidw\devlab\vms_works\nx_open\libs\nx_utils\src\nx\utils\log\to_string.cpp C:\Users\zaidw\devlab\vms_works\nx_open\libs\nx_utils\src\nx\utils\mac_address.cpp C:\Users\zaidw\devlab\vms_works\nx_open\libs\nx_utils\src\nx\utils\math\fuzzy.cpp C:\Users\zaidw\devlab\vms_works\nx_open\libs\nx_utils\src\nx\utils\math\rate_limiter.cpp C:\Users\zaidw\devlab\vms_works\nx_open\libs\nx_utils\src\nx\utils\memory\cycle_buffer.cpp C:\Users\zaidw\devlab\vms_works\nx_open\libs\nx_utils\src\nx\utils\memory\malloc_info.cpp C:\Users\zaidw\devlab\vms_works\nx_open\libs\nx_utils\src\nx\utils\metatypes.cpp C:\Users\zaidw\devlab\vms_works\nx_open\libs\nx_utils\src\nx\utils\model_row_iterator.cpp C:\Users\zaidw\devlab\vms_works\nx_open\libs\nx_utils\src\nx\utils\nx_utils_ini.cpp C:\Users\zaidw\devlab\vms_works\nx_open\libs\nx_utils\src\nx\utils\os_info.cpp C:\Users\zaidw\devlab\vms_works\nx_open\libs\nx_utils\src\nx\utils\password_analyzer.cpp C:\Users\zaidw\devlab\vms_works\nx_open\libs\nx_utils\src\nx\utils\pending_operation.cpp C:\Users\zaidw\devlab\vms_works\nx_open\libs\nx_utils\src\nx\utils\placeholder_binder.cpp C:\Users\zaidw\devlab\vms_works\nx_open\libs\nx_utils\src\nx\utils\platform\current_process.cpp C:\Users\zaidw\devlab\vms_works\nx_open\libs\nx_utils\src\nx\utils\platform\process_win.cpp C:\Users\zaidw\devlab\vms_works\nx_open\libs\nx_utils\src\nx\utils\platform\win32_syscall_resolver.cpp C:\Users\zaidw\devlab\vms_works\nx_open\libs\nx_utils\src\nx\utils\progressive_delay_calculator.cpp C:\Users\zaidw\devlab\vms_works\nx_open\libs\nx_utils\src\nx\utils\qnbytearrayref.cpp C:\Users\zaidw\devlab\vms_works\nx_open\libs\nx_utils\src\nx\utils\qobject.cpp C:\Users\zaidw\devlab\vms_works\nx_open\libs\nx_utils\src\nx\utils\random.cpp C:\Users\zaidw\devlab\vms_works\nx_open\libs\nx_utils\src\nx\utils\random_cryptographic_device.cpp C:\Users\zaidw\devlab\vms_works\nx_open\libs\nx_utils\src\nx\utils\random_file.cpp C:\Users\zaidw\devlab\vms_works\nx_open\libs\nx_utils\src\nx\utils\random_qt_device.cpp C:\Users\zaidw\devlab\vms_works\nx_open\libs\nx_utils\src\nx\utils\rlimit_win.cpp C:\Users\zaidw\devlab\vms_works\nx_open\libs\nx_utils\src\nx\utils\safe_direct_connection.cpp C:\Users\zaidw\devlab\vms_works\nx_open\libs\nx_utils\src\nx\utils\scoped_garbage_collector.cpp C:\Users\zaidw\devlab\vms_works\nx_open\libs\nx_utils\src\nx\utils\scrypt.cpp C:\Users\zaidw\devlab\vms_works\nx_open\libs\nx_utils\src\nx\utils\serialization\flags.cpp C:\Users\zaidw\devlab\vms_works\nx_open\libs\nx_utils\src\nx\utils\serialization\qjson.cpp C:\Users\zaidw\devlab\vms_works\nx_open\libs\nx_utils\src\nx\utils\service.cpp C:\Users\zaidw\devlab\vms_works\nx_open\libs\nx_utils\src\nx\utils\service_main.cpp C:\Users\zaidw\devlab\vms_works\nx_open\libs\nx_utils\src\nx\utils\settings.cpp C:\Users\zaidw\devlab\vms_works\nx_open\libs\nx_utils\src\nx\utils\singleton.cpp C:\Users\zaidw\devlab\vms_works\nx_open\libs\nx_utils\src\nx\utils\software_version.cpp C:\Users\zaidw\devlab\vms_works\nx_open\libs\nx_utils\src\nx\utils\stack_trace.cpp C:\Users\zaidw\devlab\vms_works\nx_open\libs\nx_utils\src\nx\utils\std\filesystem.cpp C:\Users\zaidw\devlab\vms_works\nx_open\libs\nx_utils\src\nx\utils\std_string_utils.cpp C:\Users\zaidw\devlab\vms_works\nx_open\libs\nx_utils\src\nx\utils\stree\attribute_dictionary.cpp C:\Users\zaidw\devlab\vms_works\nx_open\libs\nx_utils\src\nx\utils\stree\node.cpp C:\Users\zaidw\devlab\vms_works\nx_open\libs\nx_utils\src\nx\utils\stree\stree_manager.cpp C:\Users\zaidw\devlab\vms_works\nx_open\libs\nx_utils\src\nx\utils\stree\streesaxhandler.cpp C:\Users\zaidw\devlab\vms_works\nx_open\libs\nx_utils\src\nx\utils\string.cpp C:\Users\zaidw\devlab\vms_works\nx_open\libs\nx_utils\src\nx\utils\string_template.cpp C:\Users\zaidw\devlab\vms_works\nx_open\libs\nx_utils\src\nx\utils\system_error.cpp C:\Users\zaidw\devlab\vms_works\nx_open\libs\nx_utils\src\nx\utils\system_utils.cpp C:\Users\zaidw\devlab\vms_works\nx_open\libs\nx_utils\src\nx\utils\task_runner.cpp C:\Users\zaidw\devlab\vms_works\nx_open\libs\nx_utils\src\nx\utils\test_support\custom_gtest_printers.cpp C:\Users\zaidw\devlab\vms_works\nx_open\libs\nx_utils\src\nx\utils\test_support\program_arguments.cpp C:\Users\zaidw\devlab\vms_works\nx_open\libs\nx_utils\src\nx\utils\test_support\test_options.cpp C:\Users\zaidw\devlab\vms_works\nx_open\libs\nx_utils\src\nx\utils\test_support\test_pipeline.cpp C:\Users\zaidw\devlab\vms_works\nx_open\libs\nx_utils\src\nx\utils\test_support\test_with_temporary_directory.cpp C:\Users\zaidw\devlab\vms_works\nx_open\libs\nx_utils\src\nx\utils\thread\barrier_handler.cpp C:\Users\zaidw\devlab\vms_works\nx_open\libs\nx_utils\src\nx\utils\thread\custom_runnable.cpp C:\Users\zaidw\devlab\vms_works\nx_open\libs\nx_utils\src\nx\utils\thread\joinable.cpp C:\Users\zaidw\devlab\vms_works\nx_open\libs\nx_utils\src\nx\utils\thread\long_runnable.cpp C:\Users\zaidw\devlab\vms_works\nx_open\libs\nx_utils\src\nx\utils\thread\mutex.cpp C:\Users\zaidw\devlab\vms_works\nx_open\libs\nx_utils\src\nx\utils\thread\mutex_delegate_factory.cpp C:\Users\zaidw\devlab\vms_works\nx_open\libs\nx_utils\src\nx\utils\thread\mutex_delegates_debug.cpp C:\Users\zaidw\devlab\vms_works\nx_open\libs\nx_utils\src\nx\utils\thread\mutex_delegates_qt.cpp C:\Users\zaidw\devlab\vms_works\nx_open\libs\nx_utils\src\nx\utils\thread\mutex_delegates_std.cpp C:\Users\zaidw\devlab\vms_works\nx_open\libs\nx_utils\src\nx\utils\thread\mutex_lock_analyzer.cpp C:\Users\zaidw\devlab\vms_works\nx_open\libs\nx_utils\src\nx\utils\thread\rw_lock.cpp C:\Users\zaidw\devlab\vms_works\nx_open\libs\nx_utils\src\nx\utils\thread\semaphore.cpp C:\Users\zaidw\devlab\vms_works\nx_open\libs\nx_utils\src\nx\utils\thread\thread_util.cpp C:\Users\zaidw\devlab\vms_works\nx_open\libs\nx_utils\src\nx\utils\thread\wait_condition.cpp C:\Users\zaidw\devlab\vms_works\nx_open\libs\nx_utils\src\nx\utils\thread\worker.cpp C:\Users\zaidw\devlab\vms_works\nx_open\libs\nx_utils\src\nx\utils\time.cpp C:\Users\zaidw\devlab\vms_works\nx_open\libs\nx_utils\src\nx\utils\time_helper.cpp C:\Users\zaidw\devlab\vms_works\nx_open\libs\nx_utils\src\nx\utils\timer_holder.cpp C:\Users\zaidw\devlab\vms_works\nx_open\libs\nx_utils\src\nx\utils\timer_manager.cpp C:\Users\zaidw\devlab\vms_works\nx_open\libs\nx_utils\src\nx\utils\timestamp_adjustment_history.cpp C:\Users\zaidw\devlab\vms_works\nx_open\libs\nx_utils\src\nx\utils\trace\session.cpp C:\Users\zaidw\devlab\vms_works\nx_open\libs\nx_utils\src\nx\utils\url.cpp C:\Users\zaidw\devlab\vms_works\nx_open\libs\nx_utils\src\nx\utils\url_query.cpp C:\Users\zaidw\devlab\vms_works\nx_open\libs\nx_utils\src\nx\utils\uuid.cpp "C:\Users\zaidw\devlab\vms_works\nx_open-build\libs\nx_utils\qrc_nx_utils.cpp" "C:\Users\zaidw\devlab\vms_works\nx_open-build\libs\nx_utils\src\nx\utils\moc_counter.cpp" "C:\Users\zaidw\devlab\vms_works\nx_open-build\libs\nx_utils\src\nx\utils\moc_safe_direct_connection.cpp" "C:\Users\zaidw\devlab\vms_works\nx_open-build\libs\nx_utils\src\nx\utils\moc_software_version.cpp" "C:\Users\zaidw\devlab\vms_works\nx_open-build\libs\nx_utils\src\nx\utils\moc_uuid.cpp" "C:\Users\zaidw\devlab\vms_works\nx_open-build\libs\nx_utils\src\nx\utils\moc_url.cpp" "C:\Users\zaidw\devlab\vms_works\nx_open-build\libs\nx_utils\src\nx\utils\crypt\moc_crypted_file_stream.cpp" "C:\Users\zaidw\devlab\vms_works\nx_open-build\libs\nx_utils\src\nx\utils\thread\moc_long_runnable.cpp" "C:\Users\zaidw\devlab\vms_works\nx_open-build\libs\nx_utils\src\nx\utils\thread\moc_thread.cpp" "C:\Users\zaidw\devlab\vms_works\nx_open-build\libs\nx_utils\src\nx\utils\moc_async_handler_executor_detail.cpp"
09:58:39.423    82>FinalizeBuildStatus:
                     Deleting file "qt-mustache.dir\Release\qt-mustache.tlog\unsuccessfulbuild".
                     Touching "qt-mustache.dir\Release\qt-mustache.tlog\qt-mustache.lastbuildstate".
09:58:39.424    82>Done Building Project "C:\Users\zaidw\devlab\vms_works\nx_open-build\dependencies\qt-mustache\qt-mustache.vcxproj" (default targets).
09:58:39.447    83>MakeDirsForLink:
                     Creating directory "C:\Users\zaidw\devlab\vms_works\nx_open-build\vms\server\plugins\analytics\sample_analytics_plugin\Release\".
                   Link:
                     C:\Program Files\Microsoft Visual Studio\2022\Community\VC\Tools\MSVC\14.38.33130\bin\HostX64\x64\link.exe /ERRORREPORT:QUEUE /OUT:"C:\Users\zaidw\devlab\vms_works\nx_open-build\bin\plugins_optional\Release\sample_analytics_plugin.dll" /INCREMENTAL:NO /NOLOGO /LIBPATH:"C:/Users/zaidw/devlab/vms_works/nx_open-build/lib" /LIBPATH:"C:/Users/zaidw/devlab/vms_works/nx_open-build/lib/Release" ..\..\..\..\libs\nx_sdk\Release\nx_sdk.lib ..\..\..\..\..\open\artifacts\nx_kit\Release\nx_kit.lib kernel32.lib user32.lib gdi32.lib winspool.lib shell32.lib ole32.lib oleaut32.lib uuid.lib comdlg32.lib advapi32.lib /MANIFEST /MANIFESTUAC:"level='asInvoker' uiAccess='false'" /manifest:embed /DEBUG /PDB:"C:/Users/zaidw/devlab/vms_works/nx_open-build/bin/plugins_optional/Release/sample_analytics_plugin.pdb" /SUBSYSTEM:CONSOLE /LARGEADDRESSAWARE /OPT:NOREF /TLBID:1 /DYNAMICBASE /NXCOMPAT /IMPLIB:"C:/Users/zaidw/devlab/vms_works/nx_open-build/vms/server/plugins/analytics/sample_analytics_plugin/Release/sample_analytics_plugin.lib" /MACHINE:X64  /machine:x64 /ignore:4221 /DLL sample_analytics_plugin.dir\Release\device_agent.obj
                     sample_analytics_plugin.dir\Release\engine.obj
                     sample_analytics_plugin.dir\Release\plugin.obj
09:58:39.462    67>MakeDirsForLink:
                     Creating directory "C:\Users\zaidw\devlab\vms_works\nx_open-build\libs\nx_preprocessor\unit_tests\Release\".
                   Link:
                     C:\Program Files\Microsoft Visual Studio\2022\Community\VC\Tools\MSVC\14.38.33130\bin\HostX64\x64\link.exe /ERRORREPORT:QUEUE /OUT:"C:\Users\zaidw\devlab\vms_works\nx_open-build\bin\Release\nx_preprocessor_ut.exe" /INCREMENTAL:NO /NOLOGO /LIBPATH:"C:/Users/zaidw/devlab/vms_works/nx_open-build/lib" /LIBPATH:"C:/Users/zaidw/devlab/vms_works/nx_open-build/lib/Release" ..\..\..\lib\Release\gtest_main.lib ..\..\..\lib\Release\gtest.lib ..\..\..\lib\Release\gmock.lib ..\..\..\lib\Release\gmock_main.lib kernel32.lib user32.lib gdi32.lib winspool.lib shell32.lib ole32.lib oleaut32.lib uuid.lib comdlg32.lib advapi32.lib /MANIFEST /MANIFESTUAC:"level='asInvoker' uiAccess='false'" /manifest:embed /DEBUG /PDB:"C:/Users/zaidw/devlab/vms_works/nx_open-build/bin/Release/nx_preprocessor_ut.pdb" /SUBSYSTEM:CONSOLE /LARGEADDRESSAWARE /OPT:NOREF /TLBID:1 /DYNAMICBASE /NXCOMPAT /IMPLIB:"C:/Users/zaidw/devlab/vms_works/nx_open-build/libs/nx_preprocessor/unit_tests/Release/nx_preprocessor_ut.lib" /MACHINE:X64  /machine:x64 /ignore:4221 /entry:mainCRTStartup nx_preprocessor_ut.dir\Release\main.obj
                     nx_preprocessor_ut.dir\Release\preprocessor_ut.obj
09:58:36.489    23>ClCompile:
                     active_object.cpp
                     kmp.cpp
                     app_info.cpp
                     argument_parser.cpp
09:58:39.448    83>Link:
                        Creating library C:/Users/zaidw/devlab/vms_works/nx_open-build/vms/server/plugins/analytics/sample_analytics_plugin/Release/sample_analytics_plugin.lib and object C:/Users/zaidw/devlab/vms_works/nx_open-build/vms/server/plugins/analytics/sample_analytics_plugin/Release/sample_analytics_plugin.exp
09:58:36.489    23>ClCompile:
                     async_handler_executor.cpp
                     async_operation_guard.cpp
                     totp.cpp
                     utils.cpp
                     base64.cpp
                     basic_service_settings.cpp
                     bit_stream.cpp
                     byte_array.cpp
                     abstract_byte_stream_filter.cpp
                     buffer_output_stream.cpp
                     pipeline.cpp
                     sized_data_decoder.cpp
                     string_replacer.cpp
                     compact_int.cpp
                     composite_active_object.cpp
                     counter.cpp
                     systemexcept_win.cpp
                     crc16.cpp
                     crc32.cpp
09:58:43.054    70>MakeDirsForLink:
                     Creating directory "C:\Users\zaidw\devlab\vms_works\nx_open-build\vms\libs\nx_sdk\unit_tests\Release\".
                   Link:
                     C:\Program Files\Microsoft Visual Studio\2022\Community\VC\Tools\MSVC\14.38.33130\bin\HostX64\x64\link.exe /ERRORREPORT:QUEUE /OUT:"C:\Users\zaidw\devlab\vms_works\nx_open-build\bin\Release\nx_sdk_ut.exe" /INCREMENTAL:NO /NOLOGO /LIBPATH:"C:/Users/zaidw/devlab/vms_works/nx_open-build/lib" /LIBPATH:"C:/Users/zaidw/devlab/vms_works/nx_open-build/lib/Release" ..\Release\nx_sdk.lib ..\..\..\..\open\artifacts\nx_kit\Release\nx_kit.lib kernel32.lib user32.lib gdi32.lib winspool.lib shell32.lib ole32.lib oleaut32.lib uuid.lib comdlg32.lib advapi32.lib /MANIFEST /MANIFESTUAC:"level='asInvoker' uiAccess='false'" /manifest:embed /DEBUG /PDB:"C:/Users/zaidw/devlab/vms_works/nx_open-build/bin/Release/nx_sdk_ut.pdb" /SUBSYSTEM:CONSOLE /LARGEADDRESSAWARE /OPT:NOREF /TLBID:1 /DYNAMICBASE /NXCOMPAT /IMPLIB:"C:/Users/zaidw/devlab/vms_works/nx_open-build/vms/libs/nx_sdk/unit_tests/Release/nx_sdk_ut.lib" /MACHINE:X64  /machine:x64 /ignore:4221 /entry:mainCRTStartup nx_sdk_ut.dir\Release\ref_countable_ut.obj
                     nx_sdk_ut.dir\Release\ptr_ut.obj
                     nx_sdk_ut.dir\Release\uuid_helper_ut.obj
                     nx_sdk_ut.dir\Release\main.obj
09:58:36.489    23>ClCompile:
                     crypted_file_stream.cpp
                     crypto_functions.cpp
09:58:39.464    67>Link:
                     nx_preprocessor_ut.vcxproj -> C:\Users\zaidw\devlab\vms_works\nx_open-build\bin\Release\nx_preprocessor_ut.exe
09:58:36.489    23>ClCompile:
                     linux_passwd_crypt.cpp
09:58:45.797    23>C:\Users\zaidw\devlab\vms_works\nx_open\libs\nx_utils\src\nx\utils\crash_dump\systemexcept_win.cpp(266,35): warning C4535: calling _set_se_translator() requires /EHa [C:\Users\zaidw\devlab\vms_works\nx_open-build\libs\nx_utils\nx_utils.vcxproj]
09:58:43.056    70>